Archive member included to satisfy reference by file (symbol)

C:/Users/Lvl3Mage/Documents/DevkitPro/libnds/lib\libnds9.a(console.o)
                              main.o (consoleDemoInit)
C:/Users/Lvl3Mage/Documents/DevkitPro/libnds/lib\libnds9.a(keys.o)
                              player.o (scanKeys)
C:/Users/Lvl3Mage/Documents/DevkitPro/libnds/lib\libnds9.a(initSystem.o)
                              C:/Users/Lvl3Mage/Documents/DevkitPro/devkitARM/bin/../lib/gcc/arm-none-eabi/13.2.0/../../../../arm-none-eabi/lib/thumb/ds_arm9_crt0.o (initSystem)
C:/Users/Lvl3Mage/Documents/DevkitPro/libnds/lib\libnds9.a(securearea.o)
                              C:/Users/Lvl3Mage/Documents/DevkitPro/devkitARM/bin/../lib/gcc/arm-none-eabi/13.2.0/../../../../arm-none-eabi/lib/thumb/ds_arm9_crt0.o (__secure_area__)
C:/Users/Lvl3Mage/Documents/DevkitPro/libnds/lib\libnds9.a(timers.o)
                              main.o (timerStart)
C:/Users/Lvl3Mage/Documents/DevkitPro/libnds/lib\libnds9.a(interrupts.o)
                              C:/Users/Lvl3Mage/Documents/DevkitPro/libnds/lib\libnds9.a(timers.o) (irqSet)
C:/Users/Lvl3Mage/Documents/DevkitPro/libnds/lib\libnds9.a(libnds_exit.arm.o)
                              C:/Users/Lvl3Mage/Documents/DevkitPro/devkitARM/bin/../lib/gcc/arm-none-eabi/13.2.0/../../../../arm-none-eabi/lib/thumb/ds_arm9_crt0.o (__libnds_exit)
C:/Users/Lvl3Mage/Documents/DevkitPro/libnds/lib\libnds9.a(fifosystem.o)
                              C:/Users/Lvl3Mage/Documents/DevkitPro/libnds/lib\libnds9.a(initSystem.o) (fifoSetValue32Handler)
C:/Users/Lvl3Mage/Documents/DevkitPro/libnds/lib\libnds9.a(mpu_setup.o)
                              C:/Users/Lvl3Mage/Documents/DevkitPro/devkitARM/bin/../lib/gcc/arm-none-eabi/13.2.0/../../../../arm-none-eabi/lib/thumb/ds_arm9_crt0.o (__libnds_mpu_setup)
C:/Users/Lvl3Mage/Documents/DevkitPro/libnds/lib\libnds9.a(IntrWait.o)
                              main.o (swiWaitForVBlank)
C:/Users/Lvl3Mage/Documents/DevkitPro/libnds/lib\libnds9.a(cpu_clock.o)
                              C:/Users/Lvl3Mage/Documents/DevkitPro/libnds/lib\libnds9.a(initSystem.o) (setCpuClock)
C:/Users/Lvl3Mage/Documents/DevkitPro/libnds/lib\libnds9.a(interruptDispatcher.o)
                              C:/Users/Lvl3Mage/Documents/DevkitPro/libnds/lib\libnds9.a(interrupts.o) (IntrMain)
C:/Users/Lvl3Mage/Documents/DevkitPro/libnds/lib\libnds9.a(debugprint.o)
                              C:/Users/Lvl3Mage/Documents/DevkitPro/libnds/lib\libnds9.a(console.o) (nocashWrite)
C:/Users/Lvl3Mage/Documents/DevkitPro/libnds/lib\libnds9.a(swiSoftReset.o)
                              C:/Users/Lvl3Mage/Documents/DevkitPro/libnds/lib\libnds9.a(fifosystem.o) (swiSoftReset)
C:/Users/Lvl3Mage/Documents/DevkitPro/libnds/lib\libnds9.a(default_font.bin.o)
                              C:/Users/Lvl3Mage/Documents/DevkitPro/libnds/lib\libnds9.a(console.o) (default_font_bin)
C:/Users/Lvl3Mage/Documents/DevkitPro/libnds/lib\libnds9.a(background.o)
                              C:/Users/Lvl3Mage/Documents/DevkitPro/libnds/lib\libnds9.a(console.o) (bgState)
C:/Users/Lvl3Mage/Documents/DevkitPro/libnds/lib\libnds9.a(trig.o)
                              C:/Users/Lvl3Mage/Documents/DevkitPro/libnds/lib\libnds9.a(background.o) (sinLerp)
C:/Users/Lvl3Mage/Documents/DevkitPro/libnds/lib\libnds9.a(video.o)
                              C:/Users/Lvl3Mage/Documents/DevkitPro/libnds/lib\libnds9.a(initSystem.o) (vramDefault)
C:/Users/Lvl3Mage/Documents/DevkitPro/libnds/lib\libnds9.a(system.o)
                              C:/Users/Lvl3Mage/Documents/DevkitPro/libnds/lib\libnds9.a(initSystem.o) (systemValueHandler)
C:/Users/Lvl3Mage/Documents/DevkitPro/libnds/lib\libnds9.a(biosCalls.o)
                              C:/Users/Lvl3Mage/Documents/DevkitPro/libnds/lib\libnds9.a(system.o) (swiDelay)
C:/Users/Lvl3Mage/Documents/DevkitPro/devkitARM/bin/../lib/gcc/arm-none-eabi/13.2.0/../../../../arm-none-eabi/lib/thumb\libstdc++.a(atomicity.o)
                              cameracontroller.o (__gnu_cxx::__exchange_and_add(int volatile*, int))
C:/Users/Lvl3Mage/Documents/DevkitPro/devkitARM/bin/../lib/gcc/arm-none-eabi/13.2.0/../../../../arm-none-eabi/lib/thumb\libstdc++.a(del_ops.o)
                              cameracontroller.o (operator delete(void*, unsigned int))
C:/Users/Lvl3Mage/Documents/DevkitPro/devkitARM/bin/../lib/gcc/arm-none-eabi/13.2.0/../../../../arm-none-eabi/lib/thumb\libstdc++.a(eh_alloc.o)
                              C:/Users/Lvl3Mage/Documents/DevkitPro/devkitARM/bin/../lib/gcc/arm-none-eabi/13.2.0/../../../../arm-none-eabi/lib/thumb\libstdc++.a(atomicity.o) (__cxa_allocate_exception)
C:/Users/Lvl3Mage/Documents/DevkitPro/devkitARM/bin/../lib/gcc/arm-none-eabi/13.2.0/../../../../arm-none-eabi/lib/thumb\libstdc++.a(eh_exception.o)
[...]
Memory Configuration

Name             Origin             Length             Attributes
ewram            0x02000000         0x00380000
dtcm             0x02ff0000         0x00004000
vectors          0x01000000         0x00000100
itcm             0x01000100         0x00007f00
*default*        0x00000000         0xffffffff

Linker script and memory map

                0x02380000                        __ewram_end = (ORIGIN (ewram) + LENGTH (ewram))
                0x02380000                        __eheap_end = (ORIGIN (ewram) + LENGTH (ewram))
                0x02ff4000                        __dtcm_top = (ORIGIN (dtcm) + LENGTH (dtcm))
                0x02ff3ff8                        __irq_flags = (__dtcm_top - 0x8)
                0x02ff3ffc                        __irq_vector = (__dtcm_top - 0x4)
                0x02ff3f00                        __sp_svc = (__dtcm_top - 0x100)
                0x02ff3e00                        __sp_irq = (__sp_svc - 0x100)
                0x02ff3d00                        __sp_usr = (__sp_irq - 0x100)

.secure         0x02000000      0x800
 *(.secure)
 .secure        0x02000000      0x800 C:/Users/Lvl3Mage/Documents/DevkitPro/libnds/lib\libnds9.a(securearea.o)
                0x02000000                __secure_area__

.crt0           0x02000800      0x300
                0x02000800                        __text_start = .
 *(.crt0)
 .crt0          0x02000800      0x300 C:/Users/Lvl3Mage/Documents/DevkitPro/devkitARM/bin/../lib/gcc/arm-none-eabi/13.2.0/../../../../arm-none-eabi/lib/thumb/ds_arm9_crt0.o
                0x02000800                _start
                0x02000b00                        . = ALIGN (0x4)

.plt
 *(.plt)

.init           0x02000b00        0xc
 *(SORT_NONE(.init))
 .init          0x02000b00        0x4 C:/Users/Lvl3Mage/Documents/DevkitPro/devkitARM/bin/../lib/gcc/arm-none-eabi/13.2.0/thumb/crti.o
                0x02000b00                _init
 .init          0x02000b04        0x8 C:/Users/Lvl3Mage/Documents/DevkitPro/devkitARM/bin/../lib/gcc/arm-none-eabi/13.2.0/thumb/crtn.o

.text           0x02000b10     0xe930
 *(EXCLUDE_FILE(*.twl* *.vectors* *.itcm*) .text)
 .text          0x02000b10      0x564 cameracontroller.o
                0x02000b10                CameraController::CameraController(unsigned short*, int, int)
                0x02000b10                CameraController::CameraController(unsigned short*, int, int)
                0x02000b68                CameraController::ScreenCoordToIndex(int, int)
                0x02000b78                CameraController::IsCoordInFrame(Vector2)
                0x02000bc0                CameraController::Render(Scene*)
                0x02000e00                CameraController::ClampPosition()
                0x02000e40                CameraController::GetCornerPosition()
                0x02000e68                CameraController::UpdateTarget(Scene*)
                0x02000e88                CameraController::SetPosition(Vector2)
                0x02000ed8                CameraController::Update(Scene*)
 .text          0x02001074      0x4ec main.o
                0x02001144                UpdateTime()
                0x02001178                ApplyPalette(std::vector<unsigned char*, std::allocator<unsigned char*> >, int)
                0x020011c4                MirrorX(unsigned char*, unsigned char*)
                0x020011e0                MirrorY(unsigned char*, unsigned char*)
                0x02001200                DefineTiles(std::vector<unsigned char*, std::allocator<unsigned char*> >)
                0x02001294                Init()
 .text          0x02001560      0x1b8 player.o
                0x02001560                Player::Player(int, int)
                0x02001560                Player::Player(int, int)
                0x020015b8                Player::ProcessAttack(Scene*, Vector2)
                0x020015c0                Player::ProcessMovement(Scene*, Vector2)
                0x02001674                Player::ActiveUpdate(Scene*)
                0x020016e4                Player::PassiveUpdate(Scene*)
                0x020016e8                Player::ResetTurn()
                0x020016f4                Player::GetSelectedActionName()
 .text          0x02001718      0x510 scene.o
                0x02001718                Scene::UpdateTime(float)
                0x0200171c                Scene::SwitchNextTurn()
                0x02001748                Scene::LogSceneInfo()
                0x020017b8                Scene::Update()
                0x0200185c                Scene::LoopCoord(Vector2)
                0x02001898                Scene::IsPlayerCollision(Vector2)
                0x020019b8                Scene::Scene(unsigned short*)
                0x020019b8                Scene::Scene(unsigned short*)
 .text          0x02001c28       0xf0 terrain.o
                0x02001c28                Terrain::Terrain(int (*) [257])
                0x02001c28                Terrain::Terrain(int (*) [257])
                0x02001c4c                Terrain::GetTerrainAt(Vector2)
                0x02001c64                Terrain::IsTerrainAt(Vector2)
                0x02001c80                Terrain::MarchTerrainData(int)
 .text          0x02001d18      0x174 utils.o
                0x02001d18                lerp(float, float, float)
                0x02001d34                RandomRange(int, int)
                0x02001d48                RandomRangeSeeded(int, int, int)
                0x02001d64                ValueNoise(float, float, float, int, int, int)
 .text          0x02001e8c        0x8 vector2.o
                0x02001e8c                Vector2::Vector2(int, int)
                0x02001e8c                Vector2::Vector2(int, int)
 .text          0x02001e94      0x150 C:/Users/Lvl3Mage/Documents/DevkitPro/devkitARM/bin/../lib/gcc/arm-none-eabi/13.2.0/thumb\libgcc.a(_divsi3.o)
                0x02001e94                __divsi3
                0x02001e94                __aeabi_idiv
                0x02001fc4                __aeabi_idivmod
 .text          0x02001fe4        0x4 C:/Users/Lvl3Mage/Documents/DevkitPro/devkitARM/bin/../lib/gcc/arm-none-eabi/13.2.0/thumb\libgcc.a(_dvmd_tls.o)
                0x02001fe4                __aeabi_idiv0
                0x02001fe4                __aeabi_ldiv0
 .text          0x02001fe8      0x2ac C:/Users/Lvl3Mage/Documents/DevkitPro/devkitARM/bin/../lib/gcc/arm-none-eabi/13.2.0/thumb\libgcc.a(_arm_addsubsf3.o)
                0x02001fe8                __aeabi_frsub
                0x02001ff0                __subsf3
                0x02001ff0                __aeabi_fsub
                0x02001ff4                __aeabi_fadd
                0x02001ff4                __addsf3
                0x020021b0                __aeabi_ui2f
                0x020021b0                __floatunsisf
                0x020021b8                __aeabi_i2f
                0x020021b8                __floatsisf
                0x020021d8                __aeabi_ul2f
                0x020021d8                __floatundisf
                0x020021e8                __aeabi_l2f
                0x020021e8                __floatdisf
 .text          0x02002294      0x2f8 C:/Users/Lvl3Mage/Documents/DevkitPro/devkitARM/bin/../lib/gcc/arm-none-eabi/13.2.0/thumb\libgcc.a(_arm_muldivsf3.o)
                0x02002294                __mulsf3
                0x02002294                __aeabi_fmul
                0x0200242c                __aeabi_fdiv
                0x0200242c                __divsf3
 .text          0x0200258c      0x114 C:/Users/Lvl3Mage/Documents/DevkitPro/devkitARM/bin/../lib/gcc/arm-none-eabi/13.2.0/thumb\libgcc.a(_arm_cmpsf2.o)
                0x0200258c                __gesf2
                0x0200258c                __gtsf2
                0x02002594                __lesf2
                0x02002594                __ltsf2
                0x0200259c                __nesf2
                0x0200259c                __eqsf2
                0x0200259c                __cmpsf2
                0x02002600                __aeabi_cfrcmple
                0x02002610                __aeabi_cfcmpeq
                0x02002610                __aeabi_cfcmple
                0x02002628                __aeabi_fcmpeq
                0x02002640                __aeabi_fcmplt
                0x02002658                __aeabi_fcmple
                0x02002670                __aeabi_fcmpge
                0x02002688                __aeabi_fcmpgt
 .text          0x020026a0       0x38 C:/Users/Lvl3Mage/Documents/DevkitPro/devkitARM/bin/../lib/gcc/arm-none-eabi/13.2.0/thumb\libgcc.a(_arm_unordsf2.o)
                0x020026a0                __unordsf2
                0x020026a0                __aeabi_fcmpun
 .text          0x020026d8       0x5c C:/Users/Lvl3Mage/Documents/DevkitPro/devkitARM/bin/../lib/gcc/arm-none-eabi/13.2.0/thumb\libgcc.a(_arm_fixsfsi.o)
                0x020026d8                __aeabi_f2iz
                0x020026d8                __fixsfsi
 .text          0x02002734      0x1d8 C:/Users/Lvl3Mage/Documents/DevkitPro/devkitARM/bin/../lib/gcc/arm-none-eabi/13.2.0/thumb\libgcc.a(libunwind.o)
                0x02002734                __restore_core_regs
                0x02002734                restore_core_regs
                0x02002750                __gnu_Unwind_Restore_VFP
                0x02002758                __gnu_Unwind_Save_VFP
                0x02002760                __gnu_Unwind_Restore_VFP_D
                0x02002768                __gnu_Unwind_Save_VFP_D
                0x02002770                __gnu_Unwind_Restore_VFP_D_16_to_31
                0x02002778                __gnu_Unwind_Save_VFP_D_16_to_31
                0x02002780                __gnu_Unwind_Restore_WMMXD
                0x020027c4                __gnu_Unwind_Save_WMMXD
                0x02002808                __gnu_Unwind_Restore_WMMXC
                0x0200281c                __gnu_Unwind_Save_WMMXC
                0x02002830                ___Unwind_RaiseException
                0x02002830                _Unwind_RaiseException
                0x0200285c                _Unwind_Resume
                0x0200285c                ___Unwind_Resume
                0x02002888                _Unwind_Resume_or_Rethrow
                0x02002888                ___Unwind_Resume_or_Rethrow
                0x020028b4                _Unwind_ForcedUnwind
                0x020028b4                ___Unwind_ForcedUnwind
                0x020028e0                ___Unwind_Backtrace
                0x020028e0                _Unwind_Backtrace
 .text          0x0200290c      0x224 C:/Users/Lvl3Mage/Documents/DevkitPro/devkitARM/bin/../lib/gcc/arm-none-eabi/13.2.0/../../../../arm-none-eabi/lib/thumb\libg.a(libc_a-strcmp.o)
                0x0200290c                strcmp
 .text          0x02002b30       0x14 C:/Users/Lvl3Mage/Documents/DevkitPro/devkitARM/bin/../lib/gcc/arm-none-eabi/13.2.0/thumb\libgcc.a(_thumb1_case_uqi.o)
                0x02002b30                __gnu_thumb1_case_uqi
 .text          0x02002b44       0x14 C:/Users/Lvl3Mage/Documents/DevkitPro/devkitARM/bin/../lib/gcc/arm-none-eabi/13.2.0/thumb\libgcc.a(_thumb1_case_uhi.o)
                0x02002b44                __gnu_thumb1_case_uhi
 .text          0x02002b58      0x11c C:/Users/Lvl3Mage/Documents/DevkitPro/devkitARM/bin/../lib/gcc/arm-none-eabi/13.2.0/thumb\libgcc.a(_udivsi3.o)
                0x02002b58                __aeabi_uidiv
                0x02002b58                __udivsi3
                0x02002c54                __aeabi_uidivmod
 .text          0x02002c74       0x3c C:/Users/Lvl3Mage/Documents/DevkitPro/devkitARM/bin/../lib/gcc/arm-none-eabi/13.2.0/thumb\libgcc.a(_aeabi_uldivmod.o)
                0x02002c74                __aeabi_uldivmod
 .text          0x02002cb0       0x28 C:/Users/Lvl3Mage/Documents/DevkitPro/devkitARM/bin/../lib/gcc/arm-none-eabi/13.2.0/thumb\libgcc.a(_clzdi2.o)
                0x02002cb0                __clzdi2
 .text          0x02002cd8       0x48 C:/Users/Lvl3Mage/Documents/DevkitPro/devkitARM/bin/../lib/gcc/arm-none-eabi/13.2.0/thumb\libgcc.a(_clzsi2.o)
                0x02002cd8                __clzsi2
 *(EXCLUDE_FILE(*.twl* *.vectors* *.itcm*) .stub)
 *(EXCLUDE_FILE(*.twl* *.vectors* *.itcm*) .text.*)
 .text.__do_global_dtors_aux
                0x02002d20       0x2c C:/Users/Lvl3Mage/Documents/DevkitPro/devkitARM/bin/../lib/gcc/arm-none-eabi/13.2.0/thumb/crtbegin.o
 .text.frame_dummy
                0x02002d4c       0x24 C:/Users/Lvl3Mage/Documents/DevkitPro/devkitARM/bin/../lib/gcc/arm-none-eabi/13.2.0/thumb/crtbegin.o
 .text._ZNSt15_Sp_counted_ptrIDnLN9__gnu_cxx12_Lock_policyE1EE10_M_disposeEv
                0x02002d70        0x4 cameracontroller.o
                0x02002d70                std::_Sp_counted_ptr<decltype(nullptr), (__gnu_cxx::_Lock_policy)1>::_M_dispose()
 .text._ZNSt16_Sp_counted_baseILN9__gnu_cxx12_Lock_policyE1EE10_M_destroyEv
                0x02002d74        0xc cameracontroller.o
                0x02002d74                std::_Sp_counted_base<(__gnu_cxx::_Lock_policy)1>::_M_destroy()
 .text.startup  0x02002d80       0x8c main.o
                0x02002d80                main
 .text.exit     0x02002e0c       0x14 main.o
 .text._ZNSt23_Sp_counted_ptr_inplaceI6PlayerSaIvELN9__gnu_cxx12_Lock_policyE1EED2Ev
                0x02002e20        0x4 scene.o
                0x02002e20                std::_Sp_counted_ptr_inplace<Player, std::allocator<void>, (__gnu_cxx::_Lock_policy)1>::~_Sp_counted_ptr_inplace()
                0x02002e20                std::_Sp_counted_ptr_inplace<Player, std::allocator<void>, (__gnu_cxx::_Lock_policy)1>::~_Sp_counted_ptr_inplace()
 .text._ZNSt23_Sp_counted_ptr_inplaceI6PlayerSaIvELN9__gnu_cxx12_Lock_policyE1EE10_M_disposeEv
                0x02002e24        0x4 scene.o
                0x02002e24                std::_Sp_counted_ptr_inplace<Player, std::allocator<void>, (__gnu_cxx::_Lock_policy)1>::_M_dispose()
 .text._ZNSt23_Sp_counted_ptr_inplaceI6PlayerSaIvELN9__gnu_cxx12_Lock_policyE1EED0Ev
                0x02002e28       0x10 scene.o
                0x02002e28                std::_Sp_counted_ptr_inplace<Player, std::allocator<void>, (__gnu_cxx::_Lock_policy)1>::~_Sp_counted_ptr_inplace()
 .text._ZNSt23_Sp_counted_ptr_inplaceI6PlayerSaIvELN9__gnu_cxx12_Lock_policyE1EE14_M_get_deleterERKSt9type_info
                0x02002e38       0x24 scene.o
                0x02002e38                std::_Sp_counted_ptr_inplace<Player, std::allocator<void>, (__gnu_cxx::_Lock_policy)1>::_M_get_deleter(std::type_info const&)
 .text._ZNSt23_Sp_counted_ptr_inplaceI6PlayerSaIvELN9__gnu_cxx12_Lock_policyE1EE10_M_destroyEv
                0x02002e5c        0xc scene.o
                0x02002e5c                std::_Sp_counted_ptr_inplace<Player, std::allocator<void>, (__gnu_cxx::_Lock_policy)1>::_M_destroy()
 .text._ZNSt6vectorISt10shared_ptrI6PlayerESaIS2_EE17_M_realloc_insertIJS2_EEEvN9__gnu_cxx17__normal_iteratorIPS2_S4_EEDpOT_
                0x02002e68      0x128 scene.o
                0x02002e68                void std::vector<std::shared_ptr<Player>, std::allocator<std::shared_ptr<Player> > >::_M_realloc_insert<std::shared_ptr<Player> >(__gnu_cxx::__normal_iterator<std::shared_ptr<Player>*, std::vector<std::shared_ptr<Player>, std::allocator<std::shared_ptr<Player> > > >, std::shared_ptr<Player>&&)
 .text.newRow   0x02002f90       0xa8 C:/Users/Lvl3Mage/Documents/DevkitPro/libnds/lib\libnds9.a(console.o)
 .text.consolePrintChar
                0x02003038       0xe0 C:/Users/Lvl3Mage/Documents/DevkitPro/libnds/lib\libnds9.a(console.o)
                0x02003038                consolePrintChar
 .text.con_write
                0x02003118      0x36c C:/Users/Lvl3Mage/Documents/DevkitPro/libnds/lib\libnds9.a(console.o)
                0x02003118                con_write
 .text.consoleLoadFont
                0x02003484      0x2a0 C:/Users/Lvl3Mage/Documents/DevkitPro/libnds/lib\libnds9.a(console.o)
                0x02003484                consoleLoadFont
 .text.consoleInit
                0x02003724      0x18c C:/Users/Lvl3Mage/Documents/DevkitPro/libnds/lib\libnds9.a(console.o)
                0x02003724                consoleInit
 .text.consoleDemoInit
                0x020038b0       0x40 C:/Users/Lvl3Mage/Documents/DevkitPro/libnds/lib\libnds9.a(console.o)
                0x020038b0                consoleDemoInit
 .text.consoleClear
                0x020038f0       0x10 C:/Users/Lvl3Mage/Documents/DevkitPro/libnds/lib\libnds9.a(console.o)
                0x020038f0                consoleClear
 .text.scanKeys
                0x02003900       0x8c C:/Users/Lvl3Mage/Documents/DevkitPro/libnds/lib\libnds9.a(keys.o)
                0x02003900                scanKeys
 .text.keysCurrent
                0x0200398c       0x38 C:/Users/Lvl3Mage/Documents/DevkitPro/libnds/lib\libnds9.a(keys.o)
                0x0200398c                keysCurrent
 .text.__syscall_gettod_r
                0x020039c4       0x28 C:/Users/Lvl3Mage/Documents/DevkitPro/libnds/lib\libnds9.a(initSystem.o)
                0x020039c4                __syscall_gettod_r
 .text.__syscall_exit
                0x020039ec        0x8 C:/Users/Lvl3Mage/Documents/DevkitPro/libnds/lib\libnds9.a(initSystem.o)
                0x020039ec                __syscall_exit
 .text.initSystem
                0x020039f4      0x180 C:/Users/Lvl3Mage/Documents/DevkitPro/libnds/lib\libnds9.a(initSystem.o)
                0x020039f4                initSystem
 .text.timerStart
                0x02003b74       0x40 C:/Users/Lvl3Mage/Documents/DevkitPro/libnds/lib\libnds9.a(timers.o)
                0x02003b74                timerStart
 .text.timerElapsed
                0x02003bb4       0x30 C:/Users/Lvl3Mage/Documents/DevkitPro/libnds/lib\libnds9.a(timers.o)
                0x02003bb4                timerElapsed
 .text.irqDummy
                0x02003be4        0x4 C:/Users/Lvl3Mage/Documents/DevkitPro/libnds/lib\libnds9.a(interrupts.o)
                0x02003be4                irqDummy
 .text.irqSet   0x02003be8       0x6c C:/Users/Lvl3Mage/Documents/DevkitPro/libnds/lib\libnds9.a(interrupts.o)
                0x02003be8                irqSet
 .text.irqInit  0x02003c54       0x50 C:/Users/Lvl3Mage/Documents/DevkitPro/libnds/lib\libnds9.a(interrupts.o)
                0x02003c54                irqInit
 .text.irqEnable
                0x02003ca4       0x64 C:/Users/Lvl3Mage/Documents/DevkitPro/libnds/lib\libnds9.a(interrupts.o)
                0x02003ca4                irqEnable
 .text.systemErrorExit
                0x02003d08        0x4 C:/Users/Lvl3Mage/Documents/DevkitPro/libnds/lib\libnds9.a(libnds_exit.arm.o)
                0x02003d08                systemErrorExit
 .text.__libnds_exit
                0x02003d0c       0x5c C:/Users/Lvl3Mage/Documents/DevkitPro/libnds/lib\libnds9.a(libnds_exit.arm.o)
                0x02003d0c                __libnds_exit
 .text.fifo_queueBlock
                0x02003d68       0x44 C:/Users/Lvl3Mage/Documents/DevkitPro/libnds/lib\libnds9.a(fifosystem.o)
 .text.fifo_waitBlock
                0x02003dac       0x80 C:/Users/Lvl3Mage/Documents/DevkitPro/libnds/lib\libnds9.a(fifosystem.o)
 .text.fifoInternalSend.part.0
                0x02003e2c       0xd4 C:/Users/Lvl3Mage/Documents/DevkitPro/libnds/lib\libnds9.a(fifosystem.o)
 .text.fifoInternalSendInterrupt
                0x02003f00       0xb0 C:/Users/Lvl3Mage/Documents/DevkitPro/libnds/lib\libnds9.a(fifosystem.o)
 .text.fifoSetValue32Handler
                0x02003fb0       0xd4 C:/Users/Lvl3Mage/Documents/DevkitPro/libnds/lib\libnds9.a(fifosystem.o)
                0x02003fb0                fifoSetValue32Handler
 .text.fifoSendValue32
                0x02004084       0x4c C:/Users/Lvl3Mage/Documents/DevkitPro/libnds/lib\libnds9.a(fifosystem.o)
                0x02004084                fifoSendValue32
 .text.fifoGetDatamsg
                0x020040d0       0xf4 C:/Users/Lvl3Mage/Documents/DevkitPro/libnds/lib\libnds9.a(fifosystem.o)
                0x020040d0                fifoGetDatamsg
 .text.fifoInternalRecvInterrupt
                0x020041c4      0x37c C:/Users/Lvl3Mage/Documents/DevkitPro/libnds/lib\libnds9.a(fifosystem.o)
 .text.fifoSetDatamsgHandler
                0x02004540       0x9c C:/Users/Lvl3Mage/Documents/DevkitPro/libnds/lib\libnds9.a(fifosystem.o)
                0x02004540                fifoSetDatamsgHandler
 .text.fifoInit
                0x020045dc      0x108 C:/Users/Lvl3Mage/Documents/DevkitPro/libnds/lib\libnds9.a(fifosystem.o)
                0x020045dc                fifoInit
 .text.__libnds_mpu_setup
                0x020046e4      0x174 C:/Users/Lvl3Mage/Documents/DevkitPro/libnds/lib\libnds9.a(mpu_setup.o)
                0x020046e4                __libnds_mpu_setup
 .text.memUncached
                0x02004858       0x20 C:/Users/Lvl3Mage/Documents/DevkitPro/libnds/lib\libnds9.a(mpu_setup.o)
                0x02004858                memUncached
 .text.swiWaitForVBlank
                0x02004878        0x8 C:/Users/Lvl3Mage/Documents/DevkitPro/libnds/lib\libnds9.a(IntrWait.o)
                0x02004878                swiWaitForVBlank
 .text.swiIntrWait
                0x02004880       0x70 C:/Users/Lvl3Mage/Documents/DevkitPro/libnds/lib\libnds9.a(IntrWait.o)
                0x02004880                swiIntrWait
 .text.setCpuClock
                0x020048f0       0x50 C:/Users/Lvl3Mage/Documents/DevkitPro/libnds/lib\libnds9.a(cpu_clock.o)
                0x020048f0                setCpuClock
 .text.swiSoftReset
                0x02004940       0x2c C:/Users/Lvl3Mage/Documents/DevkitPro/libnds/lib\libnds9.a(swiSoftReset.o)
                0x02004940                swiSoftReset
 .text.checkIfText
                0x0200496c       0x5c C:/Users/Lvl3Mage/Documents/DevkitPro/libnds/lib\libnds9.a(background.o)
                0x0200496c                checkIfText
 .text.bgUpdate
                0x020049c8       0xf4 C:/Users/Lvl3Mage/Documents/DevkitPro/libnds/lib\libnds9.a(background.o)
                0x020049c8                bgUpdate
 .text.bgInit_call
                0x02004abc       0xc4 C:/Users/Lvl3Mage/Documents/DevkitPro/libnds/lib\libnds9.a(background.o)
                0x02004abc                bgInit_call
 .text.bgInitSub_call
                0x02004b80       0xcc C:/Users/Lvl3Mage/Documents/DevkitPro/libnds/lib\libnds9.a(background.o)
                0x02004b80                bgInitSub_call
 .text.sinLutLookup
                0x02004c4c       0x4c C:/Users/Lvl3Mage/Documents/DevkitPro/libnds/lib\libnds9.a(trig.o)
                0x02004c4c                sinLutLookup
 .text.sinLerp  0x02004c98       0x40 C:/Users/Lvl3Mage/Documents/DevkitPro/libnds/lib\libnds9.a(trig.o)
                0x02004c98                sinLerp
 .text.cosLerp  0x02004cd8       0x4c C:/Users/Lvl3Mage/Documents/DevkitPro/libnds/lib\libnds9.a(trig.o)
                0x02004cd8                cosLerp
 .text.vramDefault
                0x02004d24       0xd0 C:/Users/Lvl3Mage/Documents/DevkitPro/libnds/lib\libnds9.a(video.o)
                0x02004d24                vramDefault
 .text.systemValueHandler
                0x02004df4       0x48 C:/Users/Lvl3Mage/Documents/DevkitPro/libnds/lib\libnds9.a(system.o)
                0x02004df4                systemValueHandler
 .text.systemMsgHandler
                0x02004e3c       0x60 C:/Users/Lvl3Mage/Documents/DevkitPro/libnds/lib\libnds9.a(system.o)
                0x02004e3c                systemMsgHandler
 .text.powerOn  0x02004e9c       0x2c C:/Users/Lvl3Mage/Documents/DevkitPro/libnds/lib\libnds9.a(system.o)
                0x02004e9c                powerOn
 .text.swiDelay
                0x02004ec8        0x4 C:/Users/Lvl3Mage/Documents/DevkitPro/libnds/lib\libnds9.a(biosCalls.o)
                0x02004ec8                swiDelay
 .text._ZNK9__gnu_cxx24__concurrence_lock_error4whatEv
                0x02004ecc        0x8 C:/Users/Lvl3Mage/Documents/DevkitPro/devkitARM/bin/../lib/gcc/arm-none-eabi/13.2.0/../../../../arm-none-eabi/lib/thumb\libstdc++.a(atomicity.o)
                0x02004ecc                __gnu_cxx::__concurrence_lock_error::what() const
 .text._ZNK9__gnu_cxx26__concurrence_unlock_error4whatEv
                0x02004ed4        0x8 C:/Users/Lvl3Mage/Documents/DevkitPro/devkitARM/bin/../lib/gcc/arm-none-eabi/13.2.0/../../../../arm-none-eabi/lib/thumb\libstdc++.a(atomicity.o)
                0x02004ed4                __gnu_cxx::__concurrence_unlock_error::what() const
 .text._ZN9__gnu_cxx24__concurrence_lock_errorD2Ev
                0x02004edc       0x18 C:/Users/Lvl3Mage/Documents/DevkitPro/devkitARM/bin/../lib/gcc/arm-none-eabi/13.2.0/../../../../arm-none-eabi/lib/thumb\libstdc++.a(atomicity.o)
                0x02004edc                __gnu_cxx::__concurrence_lock_error::~__concurrence_lock_error()
                0x02004edc                __gnu_cxx::__concurrence_lock_error::~__concurrence_lock_error()
 .text._ZN9__gnu_cxx24__concurrence_lock_errorD0Ev
                0x02004ef4       0x20 C:/Users/Lvl3Mage/Documents/DevkitPro/devkitARM/bin/../lib/gcc/arm-none-eabi/13.2.0/../../../../arm-none-eabi/lib/thumb\libstdc++.a(atomicity.o)
                0x02004ef4                __gnu_cxx::__concurrence_lock_error::~__concurrence_lock_error()
 .text._ZN9__gnu_cxx26__concurrence_unlock_errorD2Ev
                0x02004f14       0x18 C:/Users/Lvl3Mage/Documents/DevkitPro/devkitARM/bin/../lib/gcc/arm-none-eabi/13.2.0/../../../../arm-none-eabi/lib/thumb\libstdc++.a(atomicity.o)
                0x02004f14                __gnu_cxx::__concurrence_unlock_error::~__concurrence_unlock_error()
                0x02004f14                __gnu_cxx::__concurrence_unlock_error::~__concurrence_unlock_error()
 .text._ZN9__gnu_cxx26__concurrence_unlock_errorD0Ev
                0x02004f2c       0x20 C:/Users/Lvl3Mage/Documents/DevkitPro/devkitARM/bin/../lib/gcc/arm-none-eabi/13.2.0/../../../../arm-none-eabi/lib/thumb\libstdc++.a(atomicity.o)
                0x02004f2c                __gnu_cxx::__concurrence_unlock_error::~__concurrence_unlock_error()
 .text._ZN9__gnu_cxx18__exchange_and_addEPVii
                0x02004f4c       0x9c C:/Users/Lvl3Mage/Documents/DevkitPro/devkitARM/bin/../lib/gcc/arm-none-eabi/13.2.0/../../../../arm-none-eabi/lib/thumb\libstdc++.a(atomicity.o)
                0x02004f4c                __gnu_cxx::__exchange_and_add(int volatile*, int)
 .text._ZN9__gnu_cxx12__atomic_addEPVii
                0x02004fe8        0xc C:/Users/Lvl3Mage/Documents/DevkitPro/devkitARM/bin/../lib/gcc/arm-none-eabi/13.2.0/../../../../arm-none-eabi/lib/thumb\libstdc++.a(atomicity.o)
                0x02004fe8                __gnu_cxx::__atomic_add(int volatile*, int)
 .text._ZdlPvj  0x02004ff4        0xc C:/Users/Lvl3Mage/Documents/DevkitPro/devkitARM/bin/../lib/gcc/arm-none-eabi/13.2.0/../../../../arm-none-eabi/lib/thumb\libstdc++.a(del_ops.o)
                0x02004ff4                operator delete(void*, unsigned int)
 .text.unlikely._ZN9__gnu_cxx30__throw_concurrence_lock_errorEv
                0x02005000       0x20 C:/Users/Lvl3Mage/Documents/DevkitPro/devkitARM/bin/../lib/gcc/arm-none-eabi/13.2.0/../../../../arm-none-eabi/lib/thumb\libstdc++.a(eh_alloc.o)
                0x02005000                __gnu_cxx::__throw_concurrence_lock_error()
 .text.unlikely._ZN9__gnu_cxx32__throw_concurrence_unlock_errorEv
                0x02005020       0x20 C:/Users/Lvl3Mage/Documents/DevkitPro/devkitARM/bin/../lib/gcc/arm-none-eabi/13.2.0/../../../../arm-none-eabi/lib/thumb\libstdc++.a(eh_alloc.o)
                0x02005020                __gnu_cxx::__throw_concurrence_unlock_error()
 .text._ZN12_GLOBAL__N_14pool4freeEPv.constprop.0
                0x02005040       0xa8 C:/Users/Lvl3Mage/Documents/DevkitPro/devkitARM/bin/../lib/gcc/arm-none-eabi/13.2.0/../../../../arm-none-eabi/lib/thumb\libstdc++.a(eh_alloc.o)
 .text._ZN12_GLOBAL__N_14pool8allocateEj.constprop.0
                0x020050e8       0x84 C:/Users/Lvl3Mage/Documents/DevkitPro/devkitARM/bin/../lib/gcc/arm-none-eabi/13.2.0/../../../../arm-none-eabi/lib/thumb\libstdc++.a(eh_alloc.o)
 .text.__cxa_allocate_exception
                0x0200516c       0x30 C:/Users/Lvl3Mage/Documents/DevkitPro/devkitARM/bin/../lib/gcc/arm-none-eabi/13.2.0/../../../../arm-none-eabi/lib/thumb\libstdc++.a(eh_alloc.o)
                0x0200516c                __cxa_allocate_exception
 .text.__cxa_free_exception
                0x0200519c       0x28 C:/Users/Lvl3Mage/Documents/DevkitPro/devkitARM/bin/../lib/gcc/arm-none-eabi/13.2.0/../../../../arm-none-eabi/lib/thumb\libstdc++.a(eh_alloc.o)
                0x0200519c                __cxa_free_exception
 .text.startup._GLOBAL__sub_I__ZN9__gnu_cxx9__freeresEv
                0x020051c4      0x120 C:/Users/Lvl3Mage/Documents/DevkitPro/devkitARM/bin/../lib/gcc/arm-none-eabi/13.2.0/../../../../arm-none-eabi/lib/thumb\libstdc++.a(eh_alloc.o)
 .text._ZNSt9exceptionD2Ev
                0x020052e4        0x4 C:/Users/Lvl3Mage/Documents/DevkitPro/devkitARM/bin/../lib/gcc/arm-none-eabi/13.2.0/../../../../arm-none-eabi/lib/thumb\libstdc++.a(eh_exception.o)
                0x020052e4                std::exception::~exception()
                0x020052e4                std::exception::~exception()
 .text._ZNSt13bad_exceptionD2Ev
                0x020052e8        0x4 C:/Users/Lvl3Mage/Documents/DevkitPro/devkitARM/bin/../lib/gcc/arm-none-eabi/13.2.0/../../../../arm-none-eabi/lib/thumb\libstdc++.a(eh_exception.o)
                0x020052e8                std::bad_exception::~bad_exception()
                0x020052e8                std::bad_exception::~bad_exception()
 .text._ZNKSt9exception4whatEv
                0x020052ec        0x8 C:/Users/Lvl3Mage/Documents/DevkitPro/devkitARM/bin/../lib/gcc/arm-none-eabi/13.2.0/../../../../arm-none-eabi/lib/thumb\libstdc++.a(eh_exception.o)
                0x020052ec                std::exception::what() const
                0x020052ec                transaction clone for std::exception::what() const
 .text._ZNKSt13bad_exception4whatEv
                0x020052f4        0x8 C:/Users/Lvl3Mage/Documents/DevkitPro/devkitARM/bin/../lib/gcc/arm-none-eabi/13.2.0/../../../../arm-none-eabi/lib/thumb\libstdc++.a(eh_exception.o)
                0x020052f4                std::bad_exception::what() const
                0x020052f4                transaction clone for std::bad_exception::what() const
 .text._ZNSt13bad_exceptionD0Ev
                0x020052fc       0x14 C:/Users/Lvl3Mage/Documents/DevkitPro/devkitARM/bin/../lib/gcc/arm-none-eabi/13.2.0/../../../../arm-none-eabi/lib/thumb\libstdc++.a(eh_exception.o)
                0x020052fc                std::bad_exception::~bad_exception()
 .text._ZL28read_encoded_value_with_basehjPKhPj
                0x02005310      0x104 C:/Users/Lvl3Mage/Documents/DevkitPro/devkitARM/bin/../lib/gcc/arm-none-eabi/13.2.0/../../../../arm-none-eabi/lib/thumb\libstdc++.a(eh_personality.o)
 .text._ZL21base_of_encoded_valuehP15_Unwind_Context
                0x02005414       0x44 C:/Users/Lvl3Mage/Documents/DevkitPro/devkitARM/bin/../lib/gcc/arm-none-eabi/13.2.0/../../../../arm-none-eabi/lib/thumb\libstdc++.a(eh_personality.o)
 .text._ZL17parse_lsda_headerP15_Unwind_ContextPKhP16lsda_header_info
                0x02005458       0x94 C:/Users/Lvl3Mage/Documents/DevkitPro/devkitARM/bin/../lib/gcc/arm-none-eabi/13.2.0/../../../../arm-none-eabi/lib/thumb\libstdc++.a(eh_personality.o)
 .text.__gxx_personality_v0
                0x020054ec      0x490 C:/Users/Lvl3Mage/Documents/DevkitPro/devkitARM/bin/../lib/gcc/arm-none-eabi/13.2.0/../../../../arm-none-eabi/lib/thumb\libstdc++.a(eh_personality.o)
                0x020054ec                __gxx_personality_v0
 .text._ZN10__cxxabiv111__terminateEPFvvE
                0x0200597c       0x14 C:/Users/Lvl3Mage/Documents/DevkitPro/devkitARM/bin/../lib/gcc/arm-none-eabi/13.2.0/../../../../arm-none-eabi/lib/thumb\libstdc++.a(eh_terminate.o)
                0x0200597c                __cxxabiv1::__terminate(void (*)())
 .text._ZSt13get_terminatev
                0x02005990       0x40 C:/Users/Lvl3Mage/Documents/DevkitPro/devkitARM/bin/../lib/gcc/arm-none-eabi/13.2.0/../../../../arm-none-eabi/lib/thumb\libstdc++.a(eh_terminate.o)
                0x02005990                std::get_terminate()
 .text._ZSt9terminatev
                0x020059d0        0xc C:/Users/Lvl3Mage/Documents/DevkitPro/devkitARM/bin/../lib/gcc/arm-none-eabi/13.2.0/../../../../arm-none-eabi/lib/thumb\libstdc++.a(eh_terminate.o)
                0x020059d0                std::terminate()
 .text._ZN10__cxxabiv112__unexpectedEPFvvE
                0x020059dc        0xc C:/Users/Lvl3Mage/Documents/DevkitPro/devkitARM/bin/../lib/gcc/arm-none-eabi/13.2.0/../../../../arm-none-eabi/lib/thumb\libstdc++.a(eh_terminate.o)
                0x020059dc                __cxxabiv1::__unexpected(void (*)())
 .text._ZSt14get_unexpectedv
                0x020059e8       0x40 C:/Users/Lvl3Mage/Documents/DevkitPro/devkitARM/bin/../lib/gcc/arm-none-eabi/13.2.0/../../../../arm-none-eabi/lib/thumb\libstdc++.a(eh_terminate.o)
                0x020059e8                std::get_unexpected()
 .text._ZSt10unexpectedv
                0x02005a28        0xc C:/Users/Lvl3Mage/Documents/DevkitPro/devkitARM/bin/../lib/gcc/arm-none-eabi/13.2.0/../../../../arm-none-eabi/lib/thumb\libstdc++.a(eh_terminate.o)
                0x02005a28                std::unexpected()
 .text.startup._GLOBAL__sub_I__ZN10__cxxabiv111__terminateEPFvvE
                0x02005a34       0x18 C:/Users/Lvl3Mage/Documents/DevkitPro/devkitARM/bin/../lib/gcc/arm-none-eabi/13.2.0/../../../../arm-none-eabi/lib/thumb\libstdc++.a(eh_terminate.o)
 .text._ZL23__gxx_exception_cleanup19_Unwind_Reason_CodeP21_Unwind_Control_Block
                0x02005a4c       0x58 C:/Users/Lvl3Mage/Documents/DevkitPro/devkitARM/bin/../lib/gcc/arm-none-eabi/13.2.0/../../../../arm-none-eabi/lib/thumb\libstdc++.a(eh_throw.o)
 .text.__cxa_init_primary_exception
                0x02005aa4       0x50 C:/Users/Lvl3Mage/Documents/DevkitPro/devkitARM/bin/../lib/gcc/arm-none-eabi/13.2.0/../../../../arm-none-eabi/lib/thumb\libstdc++.a(eh_throw.o)
                0x02005aa4                __cxa_init_primary_exception
 .text.__cxa_throw
                0x02005af4       0x34 C:/Users/Lvl3Mage/Documents/DevkitPro/devkitARM/bin/../lib/gcc/arm-none-eabi/13.2.0/../../../../arm-none-eabi/lib/thumb\libstdc++.a(eh_throw.o)
                0x02005af4                __cxa_throw
 .text.__cxa_rethrow
                0x02005b28       0x70 C:/Users/Lvl3Mage/Documents/DevkitPro/devkitARM/bin/../lib/gcc/arm-none-eabi/13.2.0/../../../../arm-none-eabi/lib/thumb\libstdc++.a(eh_throw.o)
                0x02005b28                __cxa_rethrow
 .text._ZNK9__gnu_cxx29__concurrence_broadcast_error4whatEv
                0x02005b98        0x8 C:/Users/Lvl3Mage/Documents/DevkitPro/devkitARM/bin/../lib/gcc/arm-none-eabi/13.2.0/../../../../arm-none-eabi/lib/thumb\libstdc++.a(guard.o)
                0x02005b98                __gnu_cxx::__concurrence_broadcast_error::what() const
 .text._ZNK9__gnu_cxx24__concurrence_wait_error4whatEv
                0x02005ba0        0x8 C:/Users/Lvl3Mage/Documents/DevkitPro/devkitARM/bin/../lib/gcc/arm-none-eabi/13.2.0/../../../../arm-none-eabi/lib/thumb\libstdc++.a(guard.o)
                0x02005ba0                __gnu_cxx::__concurrence_wait_error::what() const
 .text._ZN12_GLOBAL__N_1L4initEv
                0x02005ba8       0x20 C:/Users/Lvl3Mage/Documents/DevkitPro/devkitARM/bin/../lib/gcc/arm-none-eabi/13.2.0/../../../../arm-none-eabi/lib/thumb\libstdc++.a(guard.o)
 .text._ZN12_GLOBAL__N_1L16init_static_condEv
                0x02005bc8       0x18 C:/Users/Lvl3Mage/Documents/DevkitPro/devkitARM/bin/../lib/gcc/arm-none-eabi/13.2.0/../../../../arm-none-eabi/lib/thumb\libstdc++.a(guard.o)
 .text._ZN9__gnu_cxx24__concurrence_wait_errorD2Ev
                0x02005be0       0x18 C:/Users/Lvl3Mage/Documents/DevkitPro/devkitARM/bin/../lib/gcc/arm-none-eabi/13.2.0/../../../../arm-none-eabi/lib/thumb\libstdc++.a(guard.o)
                0x02005be0                __gnu_cxx::__concurrence_wait_error::~__concurrence_wait_error()
                0x02005be0                __gnu_cxx::__concurrence_wait_error::~__concurrence_wait_error()
 .text._ZN9__gnu_cxx24__concurrence_wait_errorD0Ev
                0x02005bf8       0x20 C:/Users/Lvl3Mage/Documents/DevkitPro/devkitARM/bin/../lib/gcc/arm-none-eabi/13.2.0/../../../../arm-none-eabi/lib/thumb\libstdc++.a(guard.o)
                0x02005bf8                __gnu_cxx::__concurrence_wait_error::~__concurrence_wait_error()
 .text._ZN9__gnu_cxx29__concurrence_broadcast_errorD2Ev
                0x02005c18       0x18 C:/Users/Lvl3Mage/Documents/DevkitPro/devkitARM/bin/../lib/gcc/arm-none-eabi/13.2.0/../../../../arm-none-eabi/lib/thumb\libstdc++.a(guard.o)
                0x02005c18                __gnu_cxx::__concurrence_broadcast_error::~__concurrence_broadcast_error()
                0x02005c18                __gnu_cxx::__concurrence_broadcast_error::~__concurrence_broadcast_error()
 .text._ZN9__gnu_cxx29__concurrence_broadcast_errorD0Ev
                0x02005c30       0x20 C:/Users/Lvl3Mage/Documents/DevkitPro/devkitARM/bin/../lib/gcc/arm-none-eabi/13.2.0/../../../../arm-none-eabi/lib/thumb\libstdc++.a(guard.o)
                0x02005c30                __gnu_cxx::__concurrence_broadcast_error::~__concurrence_broadcast_error()
 .text.unlikely._ZN9__gnu_cxx35__throw_concurrence_broadcast_errorEv
                0x02005c50       0x20 C:/Users/Lvl3Mage/Documents/DevkitPro/devkitARM/bin/../lib/gcc/arm-none-eabi/13.2.0/../../../../arm-none-eabi/lib/thumb\libstdc++.a(guard.o)
                0x02005c50                __gnu_cxx::__throw_concurrence_broadcast_error()
 .text.__cxa_guard_acquire
                0x02005c70      0x12c C:/Users/Lvl3Mage/Documents/DevkitPro/devkitARM/bin/../lib/gcc/arm-none-eabi/13.2.0/../../../../arm-none-eabi/lib/thumb\libstdc++.a(guard.o)
                0x02005c70                __cxa_guard_acquire
 .text.__cxa_guard_release
                0x02005d9c       0x80 C:/Users/Lvl3Mage/Documents/DevkitPro/devkitARM/bin/../lib/gcc/arm-none-eabi/13.2.0/../../../../arm-none-eabi/lib/thumb\libstdc++.a(guard.o)
                0x02005d9c                __cxa_guard_release
 .text._ZN9__gnu_cxx20recursive_init_errorD2Ev
                0x02005e1c       0x18 C:/Users/Lvl3Mage/Documents/DevkitPro/devkitARM/bin/../lib/gcc/arm-none-eabi/13.2.0/../../../../arm-none-eabi/lib/thumb\libstdc++.a(guard_error.o)
                0x02005e1c                __gnu_cxx::recursive_init_error::~recursive_init_error()
                0x02005e1c                __gnu_cxx::recursive_init_error::~recursive_init_error()
 .text._ZN9__gnu_cxx20recursive_init_errorD0Ev
                0x02005e34       0x20 C:/Users/Lvl3Mage/Documents/DevkitPro/devkitARM/bin/../lib/gcc/arm-none-eabi/13.2.0/../../../../arm-none-eabi/lib/thumb\libstdc++.a(guard_error.o)
                0x02005e34                __gnu_cxx::recursive_init_error::~recursive_init_error()
 .text._ZN9__gnu_cxx20recursive_init_errorC2Ev
                0x02005e54        0xc C:/Users/Lvl3Mage/Documents/DevkitPro/devkitARM/bin/../lib/gcc/arm-none-eabi/13.2.0/../../../../arm-none-eabi/lib/thumb\libstdc++.a(guard_error.o)
                0x02005e54                __gnu_cxx::recursive_init_error::recursive_init_error()
                0x02005e54                __gnu_cxx::recursive_init_error::recursive_init_error()
 .text._Znwj    0x02005e60       0x48 C:/Users/Lvl3Mage/Documents/DevkitPro/devkitARM/bin/../lib/gcc/arm-none-eabi/13.2.0/../../../../arm-none-eabi/lib/thumb\libstdc++.a(new_op.o)
                0x02005e60                operator new(unsigned int)
 .text._ZN10__cxxabiv120__si_class_type_infoD2Ev
                0x02005ea8       0x18 C:/Users/Lvl3Mage/Documents/DevkitPro/devkitARM/bin/../lib/gcc/arm-none-eabi/13.2.0/../../../../arm-none-eabi/lib/thumb\libstdc++.a(si_class_type_info.o)
                0x02005ea8                __cxxabiv1::__si_class_type_info::~__si_class_type_info()
                0x02005ea8                __cxxabiv1::__si_class_type_info::~__si_class_type_info()
 .text._ZN10__cxxabiv120__si_class_type_infoD0Ev
                0x02005ec0       0x20 C:/Users/Lvl3Mage/Documents/DevkitPro/devkitARM/bin/../lib/gcc/arm-none-eabi/13.2.0/../../../../arm-none-eabi/lib/thumb\libstdc++.a(si_class_type_info.o)
                0x02005ec0                __cxxabiv1::__si_class_type_info::~__si_class_type_info()
 .text._ZNK10__cxxabiv120__si_class_type_info12__do_dyncastEiNS_17__class_type_info10__sub_kindEPKS1_PKvS4_S6_RNS1_16__dyncast_resultE
                0x02005ee0       0xd8 C:/Users/Lvl3Mage/Documents/DevkitPro/devkitARM/bin/../lib/gcc/arm-none-eabi/13.2.0/../../../../arm-none-eabi/lib/thumb\libstdc++.a(si_class_type_info.o)
                0x02005ee0                __cxxabiv1::__si_class_type_info::__do_dyncast(int, __cxxabiv1::__class_type_info::__sub_kind, __cxxabiv1::__class_type_info const*, void const*, __cxxabiv1::__class_type_info const*, void const*, __cxxabiv1::__class_type_info::__dyncast_result&) const
 .text._ZNK10__cxxabiv120__si_class_type_info20__do_find_public_srcEiPKvPKNS_17__class_type_infoES2_
                0x02005fb8       0x5c C:/Users/Lvl3Mage/Documents/DevkitPro/devkitARM/bin/../lib/gcc/arm-none-eabi/13.2.0/../../../../arm-none-eabi/lib/thumb\libstdc++.a(si_class_type_info.o)
                0x02005fb8                __cxxabiv1::__si_class_type_info::__do_find_public_src(int, void const*, __cxxabiv1::__class_type_info const*, void const*) const
 .text._ZNK10__cxxabiv120__si_class_type_info11__do_upcastEPKNS_17__class_type_infoEPKvRNS1_15__upcast_resultE
                0x02006014       0x2c C:/Users/Lvl3Mage/Documents/DevkitPro/devkitARM/bin/../lib/gcc/arm-none-eabi/13.2.0/../../../../arm-none-eabi/lib/thumb\libstdc++.a(si_class_type_info.o)
                0x02006014                __cxxabiv1::__si_class_type_info::__do_upcast(__cxxabiv1::__class_type_info const*, void const*, __cxxabiv1::__class_type_info::__upcast_result&) const
 .text._ZNSt9type_infoD2Ev
                0x02006040        0x4 C:/Users/Lvl3Mage/Documents/DevkitPro/devkitARM/bin/../lib/gcc/arm-none-eabi/13.2.0/../../../../arm-none-eabi/lib/thumb\libstdc++.a(tinfo.o)
                0x02006040                std::type_info::~type_info()
                0x02006040                std::type_info::~type_info()
 .text._ZNKSt9type_info14__is_pointer_pEv
                0x02006044        0x4 C:/Users/Lvl3Mage/Documents/DevkitPro/devkitARM/bin/../lib/gcc/arm-none-eabi/13.2.0/../../../../arm-none-eabi/lib/thumb\libstdc++.a(tinfo.o)
                0x02006044                std::type_info::__is_pointer_p() const
                0x02006044                std::type_info::__is_function_p() const
 .text.unlikely._ZSt28__throw_bad_array_new_lengthv
                0x02006048       0x20 C:/Users/Lvl3Mage/Documents/DevkitPro/devkitARM/bin/../lib/gcc/arm-none-eabi/13.2.0/../../../../arm-none-eabi/lib/thumb\libstdc++.a(functexcept.o)
                0x02006048                std::__throw_bad_array_new_length()
 .text.unlikely._ZSt19__throw_logic_errorPKc
                0x02006068       0x30 C:/Users/Lvl3Mage/Documents/DevkitPro/devkitARM/bin/../lib/gcc/arm-none-eabi/13.2.0/../../../../arm-none-eabi/lib/thumb\libstdc++.a(functexcept.o)
                0x02006068                std::__throw_logic_error(char const*)
 .text.unlikely._ZSt20__throw_length_errorPKc
                0x02006098       0x30 C:/Users/Lvl3Mage/Documents/DevkitPro/devkitARM/bin/../lib/gcc/arm-none-eabi/13.2.0/../../../../arm-none-eabi/lib/thumb\libstdc++.a(functexcept.o)
                0x02006098                std::__throw_length_error(char const*)
 .text._ZNSt19_Sp_make_shared_tag5_S_eqERKSt9type_info
                0x020060c8       0x2c C:/Users/Lvl3Mage/Documents/DevkitPro/devkitARM/bin/../lib/gcc/arm-none-eabi/13.2.0/../../../../arm-none-eabi/lib/thumb\libstdc++.a(shared_ptr.o)
                0x020060c8                std::_Sp_make_shared_tag::_S_eq(std::type_info const&)
 .text._ZNKSt9bad_alloc4whatEv
                0x020060f4        0x8 C:/Users/Lvl3Mage/Documents/DevkitPro/devkitARM/bin/../lib/gcc/arm-none-eabi/13.2.0/../../../../arm-none-eabi/lib/thumb\libstdc++.a(bad_alloc.o)
                0x020060f4                std::bad_alloc::what() const
 .text._ZNSt9bad_allocD2Ev
                0x020060fc       0x18 C:/Users/Lvl3Mage/Documents/DevkitPro/devkitARM/bin/../lib/gcc/arm-none-eabi/13.2.0/../../../../arm-none-eabi/lib/thumb\libstdc++.a(bad_alloc.o)
                0x020060fc                std::bad_alloc::~bad_alloc()
                0x020060fc                std::bad_alloc::~bad_alloc()
 .text._ZNSt9bad_allocD0Ev
                0x02006114       0x20 C:/Users/Lvl3Mage/Documents/DevkitPro/devkitARM/bin/../lib/gcc/arm-none-eabi/13.2.0/../../../../arm-none-eabi/lib/thumb\libstdc++.a(bad_alloc.o)
                0x02006114                std::bad_alloc::~bad_alloc()
 .text._ZNKSt20bad_array_new_length4whatEv
                0x02006134        0x8 C:/Users/Lvl3Mage/Documents/DevkitPro/devkitARM/bin/../lib/gcc/arm-none-eabi/13.2.0/../../../../arm-none-eabi/lib/thumb\libstdc++.a(bad_array_new.o)
                0x02006134                std::bad_array_new_length::what() const
 .text._ZNSt20bad_array_new_lengthD2Ev
                0x0200613c       0x18 C:/Users/Lvl3Mage/Documents/DevkitPro/devkitARM/bin/../lib/gcc/arm-none-eabi/13.2.0/../../../../arm-none-eabi/lib/thumb\libstdc++.a(bad_array_new.o)
                0x0200613c                std::bad_array_new_length::~bad_array_new_length()
                0x0200613c                std::bad_array_new_length::~bad_array_new_length()
 .text._ZNSt20bad_array_new_lengthD0Ev
                0x02006154       0x20 C:/Users/Lvl3Mage/Documents/DevkitPro/devkitARM/bin/../lib/gcc/arm-none-eabi/13.2.0/../../../../arm-none-eabi/lib/thumb\libstdc++.a(bad_array_new.o)
                0x02006154                std::bad_array_new_length::~bad_array_new_length()
 .text._ZNK10__cxxabiv117__class_type_info11__do_upcastEPKS0_PPv
                0x02006174       0x3c C:/Users/Lvl3Mage/Documents/DevkitPro/devkitARM/bin/../lib/gcc/arm-none-eabi/13.2.0/../../../../arm-none-eabi/lib/thumb\libstdc++.a(class_type_info.o)
                0x02006174                __cxxabiv1::__class_type_info::__do_upcast(__cxxabiv1::__class_type_info const*, void**) const
 .text._ZNK10__cxxabiv117__class_type_info20__do_find_public_srcEiPKvPKS0_S2_
                0x020061b0       0x14 C:/Users/Lvl3Mage/Documents/DevkitPro/devkitARM/bin/../lib/gcc/arm-none-eabi/13.2.0/../../../../arm-none-eabi/lib/thumb\libstdc++.a(class_type_info.o)
                0x020061b0                __cxxabiv1::__class_type_info::__do_find_public_src(int, void const*, __cxxabiv1::__class_type_info const*, void const*) const
 .text._ZN10__cxxabiv117__class_type_infoD2Ev
                0x020061c4       0x18 C:/Users/Lvl3Mage/Documents/DevkitPro/devkitARM/bin/../lib/gcc/arm-none-eabi/13.2.0/../../../../arm-none-eabi/lib/thumb\libstdc++.a(class_type_info.o)
                0x020061c4                __cxxabiv1::__class_type_info::~__class_type_info()
                0x020061c4                __cxxabiv1::__class_type_info::~__class_type_info()
 .text._ZN10__cxxabiv117__class_type_infoD0Ev
                0x020061dc       0x20 C:/Users/Lvl3Mage/Documents/DevkitPro/devkitARM/bin/../lib/gcc/arm-none-eabi/13.2.0/../../../../arm-none-eabi/lib/thumb\libstdc++.a(class_type_info.o)
                0x020061dc                __cxxabiv1::__class_type_info::~__class_type_info()
 .text._ZNK10__cxxabiv117__class_type_info11__do_upcastEPKS0_PKvRNS0_15__upcast_resultE
                0x020061fc       0x3c C:/Users/Lvl3Mage/Documents/DevkitPro/devkitARM/bin/../lib/gcc/arm-none-eabi/13.2.0/../../../../arm-none-eabi/lib/thumb\libstdc++.a(class_type_info.o)
                0x020061fc                __cxxabiv1::__class_type_info::__do_upcast(__cxxabiv1::__class_type_info const*, void const*, __cxxabiv1::__class_type_info::__upcast_result&) const
 .text._ZNK10__cxxabiv117__class_type_info10__do_catchEPKSt9type_infoPPvj
                0x02006238       0x54 C:/Users/Lvl3Mage/Documents/DevkitPro/devkitARM/bin/../lib/gcc/arm-none-eabi/13.2.0/../../../../arm-none-eabi/lib/thumb\libstdc++.a(class_type_info.o)
                0x02006238                __cxxabiv1::__class_type_info::__do_catch(std::type_info const*, void**, unsigned int) const
 .text._ZNK10__cxxabiv117__class_type_info12__do_dyncastEiNS0_10__sub_kindEPKS0_PKvS3_S5_RNS0_16__dyncast_resultE
                0x0200628c       0x80 C:/Users/Lvl3Mage/Documents/DevkitPro/devkitARM/bin/../lib/gcc/arm-none-eabi/13.2.0/../../../../arm-none-eabi/lib/thumb\libstdc++.a(class_type_info.o)
                0x0200628c                __cxxabiv1::__class_type_info::__do_dyncast(int, __cxxabiv1::__class_type_info::__sub_kind, __cxxabiv1::__class_type_info const*, void const*, __cxxabiv1::__class_type_info const*, void const*, __cxxabiv1::__class_type_info::__dyncast_result&) const
 .text._ZdlPv   0x0200630c        0xc C:/Users/Lvl3Mage/Documents/DevkitPro/devkitARM/bin/../lib/gcc/arm-none-eabi/13.2.0/../../../../arm-none-eabi/lib/thumb\libstdc++.a(del_op.o)
                0x0200630c                operator delete(void*)
 .text.__cxa_end_cleanup
                0x02006318        0xc C:/Users/Lvl3Mage/Documents/DevkitPro/devkitARM/bin/../lib/gcc/arm-none-eabi/13.2.0/../../../../arm-none-eabi/lib/thumb\libstdc++.a(eh_arm.o)
                0x02006318                __cxa_end_cleanup
 .text.__cxa_type_match
                0x02006324       0xcc C:/Users/Lvl3Mage/Documents/DevkitPro/devkitARM/bin/../lib/gcc/arm-none-eabi/13.2.0/../../../../arm-none-eabi/lib/thumb\libstdc++.a(eh_arm.o)
                0x02006324                __cxa_type_match
 .text.__cxa_begin_cleanup
                0x020063f0       0x64 C:/Users/Lvl3Mage/Documents/DevkitPro/devkitARM/bin/../lib/gcc/arm-none-eabi/13.2.0/../../../../arm-none-eabi/lib/thumb\libstdc++.a(eh_arm.o)
                0x020063f0                __cxa_begin_cleanup
 .text.__gnu_end_cleanup
                0x02006454       0x74 C:/Users/Lvl3Mage/Documents/DevkitPro/devkitARM/bin/../lib/gcc/arm-none-eabi/13.2.0/../../../../arm-none-eabi/lib/thumb\libstdc++.a(eh_arm.o)
                0x02006454                __gnu_end_cleanup
 .text._ZN10__cxxabiv1L24__is_gxx_exception_classEPc
                0x020064c8       0x3c C:/Users/Lvl3Mage/Documents/DevkitPro/devkitARM/bin/../lib/gcc/arm-none-eabi/13.2.0/../../../../arm-none-eabi/lib/thumb\libstdc++.a(eh_call.o)
 .text.__cxa_call_terminate
                0x02006504       0x20 C:/Users/Lvl3Mage/Documents/DevkitPro/devkitARM/bin/../lib/gcc/arm-none-eabi/13.2.0/../../../../arm-none-eabi/lib/thumb\libstdc++.a(eh_call.o)
                0x02006504                __cxa_call_terminate
 .text.unlikely.__cxa_call_unexpected
                0x02006524      0x104 C:/Users/Lvl3Mage/Documents/DevkitPro/devkitARM/bin/../lib/gcc/arm-none-eabi/13.2.0/../../../../arm-none-eabi/lib/thumb\libstdc++.a(eh_call.o)
                0x02006524                __cxa_call_unexpected
 .text.__cxa_begin_catch
                0x02006628       0x78 C:/Users/Lvl3Mage/Documents/DevkitPro/devkitARM/bin/../lib/gcc/arm-none-eabi/13.2.0/../../../../arm-none-eabi/lib/thumb\libstdc++.a(eh_catch.o)
                0x02006628                __cxa_begin_catch
 .text.__cxa_end_catch
                0x020066a0       0x94 C:/Users/Lvl3Mage/Documents/DevkitPro/devkitARM/bin/../lib/gcc/arm-none-eabi/13.2.0/../../../../arm-none-eabi/lib/thumb\libstdc++.a(eh_catch.o)
                0x020066a0                __cxa_end_catch
 .text._ZL15eh_globals_dtorPv
                0x02006734       0x28 C:/Users/Lvl3Mage/Documents/DevkitPro/devkitARM/bin/../lib/gcc/arm-none-eabi/13.2.0/../../../../arm-none-eabi/lib/thumb\libstdc++.a(eh_globals.o)
 .text.__cxa_get_globals_fast
                0x0200675c       0x28 C:/Users/Lvl3Mage/Documents/DevkitPro/devkitARM/bin/../lib/gcc/arm-none-eabi/13.2.0/../../../../arm-none-eabi/lib/thumb\libstdc++.a(eh_globals.o)
                0x0200675c                __cxa_get_globals_fast
 .text.__cxa_get_globals
                0x02006784       0x50 C:/Users/Lvl3Mage/Documents/DevkitPro/devkitARM/bin/../lib/gcc/arm-none-eabi/13.2.0/../../../../arm-none-eabi/lib/thumb\libstdc++.a(eh_globals.o)
                0x02006784                __cxa_get_globals
 .text.startup._GLOBAL__sub_I__ZN17__eh_globals_init7_S_initE
                0x020067d4       0x30 C:/Users/Lvl3Mage/Documents/DevkitPro/devkitARM/bin/../lib/gcc/arm-none-eabi/13.2.0/../../../../arm-none-eabi/lib/thumb\libstdc++.a(eh_globals.o)
 .text.exit._GLOBAL__sub_D__ZN17__eh_globals_init7_S_initE
                0x02006804       0x28 C:/Users/Lvl3Mage/Documents/DevkitPro/devkitARM/bin/../lib/gcc/arm-none-eabi/13.2.0/../../../../arm-none-eabi/lib/thumb\libstdc++.a(eh_globals.o)
 .text._ZSt15get_new_handlerv
                0x0200682c       0x40 C:/Users/Lvl3Mage/Documents/DevkitPro/devkitARM/bin/../lib/gcc/arm-none-eabi/13.2.0/../../../../arm-none-eabi/lib/thumb\libstdc++.a(new_handler.o)
                0x0200682c                std::get_new_handler()
 .text.startup._GLOBAL__sub_I__ZSt7nothrow
                0x0200686c       0x18 C:/Users/Lvl3Mage/Documents/DevkitPro/devkitARM/bin/../lib/gcc/arm-none-eabi/13.2.0/../../../../arm-none-eabi/lib/thumb\libstdc++.a(new_handler.o)
 .text._ZNKSt11logic_error4whatEv
                0x02006884        0x4 C:/Users/Lvl3Mage/Documents/DevkitPro/devkitARM/bin/../lib/gcc/arm-none-eabi/13.2.0/../../../../arm-none-eabi/lib/thumb\libstdc++.a(stdexcept.o)
                0x02006884                std::logic_error::what() const
                0x02006884                std::runtime_error::what() const
 .text._ZNSt11logic_errorD2Ev
                0x02006888       0x5c C:/Users/Lvl3Mage/Documents/DevkitPro/devkitARM/bin/../lib/gcc/arm-none-eabi/13.2.0/../../../../arm-none-eabi/lib/thumb\libstdc++.a(stdexcept.o)
                0x02006888                std::logic_error::~logic_error()
                0x02006888                std::logic_error::~logic_error()
 .text._ZNSt12length_errorD2Ev
                0x020068e4       0x5c C:/Users/Lvl3Mage/Documents/DevkitPro/devkitARM/bin/../lib/gcc/arm-none-eabi/13.2.0/../../../../arm-none-eabi/lib/thumb\libstdc++.a(stdexcept.o)
                0x020068e4                std::length_error::~length_error()
                0x020068e4                std::length_error::~length_error()
 .text._ZNSt11logic_errorD0Ev
                0x02006940       0x60 C:/Users/Lvl3Mage/Documents/DevkitPro/devkitARM/bin/../lib/gcc/arm-none-eabi/13.2.0/../../../../arm-none-eabi/lib/thumb\libstdc++.a(stdexcept.o)
                0x02006940                std::logic_error::~logic_error()
 .text._ZNSt12length_errorD0Ev
                0x020069a0       0x60 C:/Users/Lvl3Mage/Documents/DevkitPro/devkitARM/bin/../lib/gcc/arm-none-eabi/13.2.0/../../../../arm-none-eabi/lib/thumb\libstdc++.a(stdexcept.o)
                0x020069a0                std::length_error::~length_error()
 .text._ZNSt11logic_errorC2EPKc
                0x02006a00       0x8c C:/Users/Lvl3Mage/Documents/DevkitPro/devkitARM/bin/../lib/gcc/arm-none-eabi/13.2.0/../../../../arm-none-eabi/lib/thumb\libstdc++.a(cow-stdexcept.o)
                0x02006a00                std::logic_error::logic_error(char const*)
                0x02006a00                std::logic_error::logic_error(char const*)
 .text._ZNSt12length_errorC2EPKc
                0x02006a8c       0x18 C:/Users/Lvl3Mage/Documents/DevkitPro/devkitARM/bin/../lib/gcc/arm-none-eabi/13.2.0/../../../../arm-none-eabi/lib/thumb\libstdc++.a(cow-stdexcept.o)
                0x02006a8c                std::length_error::length_error(char const*)
                0x02006a8c                std::length_error::length_error(char const*)
 .text._ZNSs4_Rep9_S_createEjjRKSaIcE
                0x02006aa4       0x60 C:/Users/Lvl3Mage/Documents/DevkitPro/devkitARM/bin/../lib/gcc/arm-none-eabi/13.2.0/../../../../arm-none-eabi/lib/thumb\libstdc++.a(cow-string-inst.o)
                0x02006aa4                std::string::_Rep::_S_create(unsigned int, unsigned int, std::allocator<char> const&)
 .text._ZNSs4_Rep10_M_destroyERKSaIcE
                0x02006b04        0xc C:/Users/Lvl3Mage/Documents/DevkitPro/devkitARM/bin/../lib/gcc/arm-none-eabi/13.2.0/../../../../arm-none-eabi/lib/thumb\libstdc++.a(cow-string-inst.o)
                0x02006b04                std::string::_Rep::_M_destroy(std::allocator<char> const&)
 .text.powf     0x02006b10       0xb4 C:/Users/Lvl3Mage/Documents/DevkitPro/devkitARM/bin/../lib/gcc/arm-none-eabi/13.2.0/../../../../arm-none-eabi/lib/thumb\libm.a(libm_a-wf_pow.o)
                0x02006b10                powf
 .text.finitef  0x02006bc4       0x14 C:/Users/Lvl3Mage/Documents/DevkitPro/devkitARM/bin/../lib/gcc/arm-none-eabi/13.2.0/../../../../arm-none-eabi/lib/thumb\libm.a(libm_a-sf_finite.o)
                0x02006bc4                finitef
 .text.ceilf    0x02006bd8       0x94 C:/Users/Lvl3Mage/Documents/DevkitPro/devkitARM/bin/../lib/gcc/arm-none-eabi/13.2.0/../../../../arm-none-eabi/lib/thumb\libm.a(libm_a-sf_ceil.o)
                0x02006bd8                ceilf
 .text.floorf   0x02006c6c       0x98 C:/Users/Lvl3Mage/Documents/DevkitPro/devkitARM/bin/../lib/gcc/arm-none-eabi/13.2.0/../../../../arm-none-eabi/lib/thumb\libm.a(libm_a-sf_floor.o)
                0x02006c6c                floorf
 .text.__ieee754_powf
                0x02006d04      0x7d8 C:/Users/Lvl3Mage/Documents/DevkitPro/devkitARM/bin/../lib/gcc/arm-none-eabi/13.2.0/../../../../arm-none-eabi/lib/thumb\libm.a(libm_a-ef_pow.o)
                0x02006d04                __ieee754_powf
 .text.roundf   0x020074dc       0x4c C:/Users/Lvl3Mage/Documents/DevkitPro/devkitARM/bin/../lib/gcc/arm-none-eabi/13.2.0/../../../../arm-none-eabi/lib/thumb\libm.a(libm_a-sf_round.o)
                0x020074dc                roundf
 .text.fabsf    0x02007528        0x8 C:/Users/Lvl3Mage/Documents/DevkitPro/devkitARM/bin/../lib/gcc/arm-none-eabi/13.2.0/../../../../arm-none-eabi/lib/thumb\libm.a(libm_a-sf_fabs.o)
                0x02007528                fabsf
 .text.with_errnof
                0x02007530       0x14 C:/Users/Lvl3Mage/Documents/DevkitPro/devkitARM/bin/../lib/gcc/arm-none-eabi/13.2.0/../../../../arm-none-eabi/lib/thumb\libm.a(libm_a-math_errf.o)
 .text.xflowf   0x02007544       0x20 C:/Users/Lvl3Mage/Documents/DevkitPro/devkitARM/bin/../lib/gcc/arm-none-eabi/13.2.0/../../../../arm-none-eabi/lib/thumb\libm.a(libm_a-math_errf.o)
 .text.__math_uflowf
                0x02007564       0x10 C:/Users/Lvl3Mage/Documents/DevkitPro/devkitARM/bin/../lib/gcc/arm-none-eabi/13.2.0/../../../../arm-none-eabi/lib/thumb\libm.a(libm_a-math_errf.o)
                0x02007564                __math_uflowf
 .text.__math_oflowf
                0x02007574       0x10 C:/Users/Lvl3Mage/Documents/DevkitPro/devkitARM/bin/../lib/gcc/arm-none-eabi/13.2.0/../../../../arm-none-eabi/lib/thumb\libm.a(libm_a-math_errf.o)
                0x02007574                __math_oflowf
 .text.scalbnf  0x02007584       0xc8 C:/Users/Lvl3Mage/Documents/DevkitPro/devkitARM/bin/../lib/gcc/arm-none-eabi/13.2.0/../../../../arm-none-eabi/lib/thumb\libm.a(libm_a-sf_scalbn.o)
                0x02007584                scalbnf
 .text.__ieee754_sqrtf
                0x0200764c       0xec C:/Users/Lvl3Mage/Documents/DevkitPro/devkitARM/bin/../lib/gcc/arm-none-eabi/13.2.0/../../../../arm-none-eabi/lib/thumb\libm.a(libm_a-ef_sqrt.o)
                0x0200764c                __ieee754_sqrtf
 .text.selfrel_offset31
                0x02007738       0x18 C:/Users/Lvl3Mage/Documents/DevkitPro/devkitARM/bin/../lib/gcc/arm-none-eabi/13.2.0/thumb\libgcc.a(unwind-arm.o)
 .text.search_EIT_table
                0x02007750       0x74 C:/Users/Lvl3Mage/Documents/DevkitPro/devkitARM/bin/../lib/gcc/arm-none-eabi/13.2.0/thumb\libgcc.a(unwind-arm.o)
 .text.__gnu_unwind_get_pr_addr
                0x020077c4       0x28 C:/Users/Lvl3Mage/Documents/DevkitPro/devkitARM/bin/../lib/gcc/arm-none-eabi/13.2.0/thumb\libgcc.a(unwind-arm.o)
 .text.get_eit_entry
                0x020077ec       0x98 C:/Users/Lvl3Mage/Documents/DevkitPro/devkitARM/bin/../lib/gcc/arm-none-eabi/13.2.0/thumb\libgcc.a(unwind-arm.o)
 .text.restore_non_core_regs
                0x02007884       0x60 C:/Users/Lvl3Mage/Documents/DevkitPro/devkitARM/bin/../lib/gcc/arm-none-eabi/13.2.0/thumb\libgcc.a(unwind-arm.o)
 .text._Unwind_decode_typeinfo_ptr.constprop.0
                0x020078e4        0xc C:/Users/Lvl3Mage/Documents/DevkitPro/devkitARM/bin/../lib/gcc/arm-none-eabi/13.2.0/thumb\libgcc.a(unwind-arm.o)
 .text._Unwind_DebugHook
                0x020078f0        0x4 C:/Users/Lvl3Mage/Documents/DevkitPro/devkitARM/bin/../lib/gcc/arm-none-eabi/13.2.0/thumb\libgcc.a(unwind-arm.o)
 .text.unwind_phase2
                0x020078f4       0x40 C:/Users/Lvl3Mage/Documents/DevkitPro/devkitARM/bin/../lib/gcc/arm-none-eabi/13.2.0/thumb\libgcc.a(unwind-arm.o)
 .text.unwind_phase2_forced
                0x02007934       0xd8 C:/Users/Lvl3Mage/Documents/DevkitPro/devkitARM/bin/../lib/gcc/arm-none-eabi/13.2.0/thumb\libgcc.a(unwind-arm.o)
 .text.__gnu_Unwind_RaiseException
                0x02007a0c       0x58 C:/Users/Lvl3Mage/Documents/DevkitPro/devkitARM/bin/../lib/gcc/arm-none-eabi/13.2.0/thumb\libgcc.a(unwind-arm.o)
                0x02007a0c                __gnu_Unwind_RaiseException
 .text.__gnu_Unwind_ForcedUnwind
                0x02007a64       0x18 C:/Users/Lvl3Mage/Documents/DevkitPro/devkitARM/bin/../lib/gcc/arm-none-eabi/13.2.0/thumb\libgcc.a(unwind-arm.o)
                0x02007a64                __gnu_Unwind_ForcedUnwind
 .text.__gnu_Unwind_Resume
                0x02007a7c       0x4c C:/Users/Lvl3Mage/Documents/DevkitPro/devkitARM/bin/../lib/gcc/arm-none-eabi/13.2.0/thumb\libgcc.a(unwind-arm.o)
                0x02007a7c                __gnu_Unwind_Resume
 .text.__gnu_Unwind_Resume_or_Rethrow
                0x02007ac8       0x20 C:/Users/Lvl3Mage/Documents/DevkitPro/devkitARM/bin/../lib/gcc/arm-none-eabi/13.2.0/thumb\libgcc.a(unwind-arm.o)
                0x02007ac8                __gnu_Unwind_Resume_or_Rethrow
 .text._Unwind_Complete
                0x02007ae8        0x4 C:/Users/Lvl3Mage/Documents/DevkitPro/devkitARM/bin/../lib/gcc/arm-none-eabi/13.2.0/thumb\libgcc.a(unwind-arm.o)
                0x02007ae8                _Unwind_Complete
 .text._Unwind_DeleteException
                0x02007aec       0x18 C:/Users/Lvl3Mage/Documents/DevkitPro/devkitARM/bin/../lib/gcc/arm-none-eabi/13.2.0/thumb\libgcc.a(unwind-arm.o)
                0x02007aec                _Unwind_DeleteException
 .text._Unwind_VRS_Get
                0x02007b04       0x44 C:/Users/Lvl3Mage/Documents/DevkitPro/devkitARM/bin/../lib/gcc/arm-none-eabi/13.2.0/thumb\libgcc.a(unwind-arm.o)
                0x02007b04                _Unwind_VRS_Get
 .text._Unwind_GetGR
                0x02007b48       0x1c C:/Users/Lvl3Mage/Documents/DevkitPro/devkitARM/bin/../lib/gcc/arm-none-eabi/13.2.0/thumb\libgcc.a(unwind-arm.o)
 .text._Unwind_VRS_Set
                0x02007b64       0x44 C:/Users/Lvl3Mage/Documents/DevkitPro/devkitARM/bin/../lib/gcc/arm-none-eabi/13.2.0/thumb\libgcc.a(unwind-arm.o)
                0x02007b64                _Unwind_VRS_Set
 .text._Unwind_SetGR
                0x02007ba8       0x1c C:/Users/Lvl3Mage/Documents/DevkitPro/devkitARM/bin/../lib/gcc/arm-none-eabi/13.2.0/thumb\libgcc.a(unwind-arm.o)
 .text.__gnu_Unwind_Backtrace
                0x02007bc4       0x78 C:/Users/Lvl3Mage/Documents/DevkitPro/devkitARM/bin/../lib/gcc/arm-none-eabi/13.2.0/thumb\libgcc.a(unwind-arm.o)
                0x02007bc4                __gnu_Unwind_Backtrace
 .text.__gnu_unwind_pr_common
                0x02007c3c      0x2e8 C:/Users/Lvl3Mage/Documents/DevkitPro/devkitARM/bin/../lib/gcc/arm-none-eabi/13.2.0/thumb\libgcc.a(unwind-arm.o)
 .text.__aeabi_unwind_cpp_pr0
                0x02007f24       0x10 C:/Users/Lvl3Mage/Documents/DevkitPro/devkitARM/bin/../lib/gcc/arm-none-eabi/13.2.0/thumb\libgcc.a(unwind-arm.o)
                0x02007f24                __aeabi_unwind_cpp_pr0
 .text.__aeabi_unwind_cpp_pr1
                0x02007f34       0x10 C:/Users/Lvl3Mage/Documents/DevkitPro/devkitARM/bin/../lib/gcc/arm-none-eabi/13.2.0/thumb\libgcc.a(unwind-arm.o)
                0x02007f34                __aeabi_unwind_cpp_pr1
 .text.__aeabi_unwind_cpp_pr2
                0x02007f44       0x10 C:/Users/Lvl3Mage/Documents/DevkitPro/devkitARM/bin/../lib/gcc/arm-none-eabi/13.2.0/thumb\libgcc.a(unwind-arm.o)
                0x02007f44                __aeabi_unwind_cpp_pr2
 .text._Unwind_VRS_Pop
                0x02007f54      0x2b4 C:/Users/Lvl3Mage/Documents/DevkitPro/devkitARM/bin/../lib/gcc/arm-none-eabi/13.2.0/thumb\libgcc.a(unwind-arm.o)
                0x02007f54                _Unwind_VRS_Pop
 .text.next_unwind_byte
                0x02008208       0x34 C:/Users/Lvl3Mage/Documents/DevkitPro/devkitARM/bin/../lib/gcc/arm-none-eabi/13.2.0/thumb\libgcc.a(pr-support.o)
 .text._Unwind_GetGR.constprop.0
                0x0200823c       0x1c C:/Users/Lvl3Mage/Documents/DevkitPro/devkitARM/bin/../lib/gcc/arm-none-eabi/13.2.0/thumb\libgcc.a(pr-support.o)
 .text.unwind_UCB_from_context
                0x02008258        0xc C:/Users/Lvl3Mage/Documents/DevkitPro/devkitARM/bin/../lib/gcc/arm-none-eabi/13.2.0/thumb\libgcc.a(pr-support.o)
 .text.__gnu_unwind_execute
                0x02008264      0x310 C:/Users/Lvl3Mage/Documents/DevkitPro/devkitARM/bin/../lib/gcc/arm-none-eabi/13.2.0/thumb\libgcc.a(pr-support.o)
                0x02008264                __gnu_unwind_execute
 .text.__gnu_unwind_frame
                0x02008574       0x2c C:/Users/Lvl3Mage/Documents/DevkitPro/devkitARM/bin/../lib/gcc/arm-none-eabi/13.2.0/thumb\libgcc.a(pr-support.o)
                0x02008574                __gnu_unwind_frame
 .text._Unwind_GetRegionStart
                0x020085a0       0x10 C:/Users/Lvl3Mage/Documents/DevkitPro/devkitARM/bin/../lib/gcc/arm-none-eabi/13.2.0/thumb\libgcc.a(pr-support.o)
                0x020085a0                _Unwind_GetRegionStart
 .text._Unwind_GetLanguageSpecificData
                0x020085b0       0x18 C:/Users/Lvl3Mage/Documents/DevkitPro/devkitARM/bin/../lib/gcc/arm-none-eabi/13.2.0/thumb\libgcc.a(pr-support.o)
                0x020085b0                _Unwind_GetLanguageSpecificData
 .text.unlikely._Unwind_GetDataRelBase
                0x020085c8        0x6 C:/Users/Lvl3Mage/Documents/DevkitPro/devkitARM/bin/../lib/gcc/arm-none-eabi/13.2.0/thumb\libgcc.a(pr-support.o)
                0x020085c8                _Unwind_GetDataRelBase
 .text.unlikely._Unwind_GetTextRelBase
                0x020085ce        0x6 C:/Users/Lvl3Mage/Documents/DevkitPro/devkitARM/bin/../lib/gcc/arm-none-eabi/13.2.0/thumb\libgcc.a(pr-support.o)
                0x020085ce                _Unwind_GetTextRelBase
 .text.abort    0x020085d4       0x10 C:/Users/Lvl3Mage/Documents/DevkitPro/devkitARM/bin/../lib/gcc/arm-none-eabi/13.2.0/../../../../arm-none-eabi/lib/thumb\libg.a(libc_a-abort.o)
                0x020085d4                abort
 .text.siscanf  0x020085e4       0x4c C:/Users/Lvl3Mage/Documents/DevkitPro/devkitARM/bin/../lib/gcc/arm-none-eabi/13.2.0/../../../../arm-none-eabi/lib/thumb\libg.a(libc_a-siscanf.o)
                0x020085e4                siscanf
 .text.setvbuf  0x02008630      0x1a4 C:/Users/Lvl3Mage/Documents/DevkitPro/devkitARM/bin/../lib/gcc/arm-none-eabi/13.2.0/../../../../arm-none-eabi/lib/thumb\libg.a(libc_a-setvbuf.o)
                0x02008630                setvbuf
 .text.get_arg  0x020087d4       0x3e C:/Users/Lvl3Mage/Documents/DevkitPro/devkitARM/bin/../lib/gcc/arm-none-eabi/13.2.0/../../../../arm-none-eabi/lib/thumb\libg.a(libc_a-svfiscanf.o)
 .text._sungetc_r
                0x02008812       0x7e C:/Users/Lvl3Mage/Documents/DevkitPro/devkitARM/bin/../lib/gcc/arm-none-eabi/13.2.0/../../../../arm-none-eabi/lib/thumb\libg.a(libc_a-svfiscanf.o)
                0x02008812                _sungetc_r
 .text.__ssrefill_r
                0x02008890       0x42 C:/Users/Lvl3Mage/Documents/DevkitPro/devkitARM/bin/../lib/gcc/arm-none-eabi/13.2.0/../../../../arm-none-eabi/lib/thumb\libg.a(libc_a-svfiscanf.o)
                0x02008890                __ssrefill_r
 .text._sfread_r
                0x020088d2       0x88 C:/Users/Lvl3Mage/Documents/DevkitPro/devkitARM/bin/../lib/gcc/arm-none-eabi/13.2.0/../../../../arm-none-eabi/lib/thumb\libg.a(libc_a-svfiscanf.o)
                0x020088d2                _sfread_r
 *fill*         0x0200895a        0x2 ff
 .text.__ssvfiscanf_r
                0x0200895c     0x1ac4 C:/Users/Lvl3Mage/Documents/DevkitPro/devkitARM/bin/../lib/gcc/arm-none-eabi/13.2.0/../../../../arm-none-eabi/lib/thumb\libg.a(libc_a-svfiscanf.o)
                0x0200895c                __ssvfiscanf_r
 .text._malloc_trim_r
                0x0200a420       0xac C:/Users/Lvl3Mage/Documents/DevkitPro/devkitARM/bin/../lib/gcc/arm-none-eabi/13.2.0/../../../../arm-none-eabi/lib/thumb\libg.a(libc_a-freer.o)
                0x0200a420                _malloc_trim_r
 .text._free_r  0x0200a4cc      0x1d8 C:/Users/Lvl3Mage/Documents/DevkitPro/devkitARM/bin/../lib/gcc/arm-none-eabi/13.2.0/../../../../arm-none-eabi/lib/thumb\libg.a(libc_a-freer.o)
                0x0200a4cc                _free_r
 .text.iprintf  0x0200a6a4       0x24 C:/Users/Lvl3Mage/Documents/DevkitPro/devkitARM/bin/../lib/gcc/arm-none-eabi/13.2.0/../../../../arm-none-eabi/lib/thumb\libg.a(libc_a-iprintf.o)
                0x0200a6a4                iprintf
 .text.strchr   0x0200a6c8       0xc8 C:/Users/Lvl3Mage/Documents/DevkitPro/devkitARM/bin/../lib/gcc/arm-none-eabi/13.2.0/../../../../arm-none-eabi/lib/thumb\libg.a(libc_a-strchr.o)
                0x0200a6c8                strchr
 .text.memcmp   0x0200a790       0x4c C:/Users/Lvl3Mage/Documents/DevkitPro/devkitARM/bin/../lib/gcc/arm-none-eabi/13.2.0/../../../../arm-none-eabi/lib/thumb\libg.a(libc_a-memcmp.o)
                0x0200a790                memcmp
 .text.malloc   0x0200a7dc       0x14 C:/Users/Lvl3Mage/Documents/DevkitPro/devkitARM/bin/../lib/gcc/arm-none-eabi/13.2.0/../../../../arm-none-eabi/lib/thumb\libg.a(libc_a-malloc.o)
                0x0200a7dc                malloc
 .text.free     0x0200a7f0       0x14 C:/Users/Lvl3Mage/Documents/DevkitPro/devkitARM/bin/../lib/gcc/arm-none-eabi/13.2.0/../../../../arm-none-eabi/lib/thumb\libg.a(libc_a-malloc.o)
                0x0200a7f0                free
 .text._malloc_r
                0x0200a804      0x558 C:/Users/Lvl3Mage/Documents/DevkitPro/devkitARM/bin/../lib/gcc/arm-none-eabi/13.2.0/../../../../arm-none-eabi/lib/thumb\libg.a(libc_a-mallocr.o)
                0x0200a804                _malloc_r
 .text.getenv   0x0200ad5c       0x1c C:/Users/Lvl3Mage/Documents/DevkitPro/devkitARM/bin/../lib/gcc/arm-none-eabi/13.2.0/../../../../arm-none-eabi/lib/thumb\libg.a(libc_a-getenv.o)
                0x0200ad5c                getenv
 .text.memmove  0x0200ad78       0xbc C:/Users/Lvl3Mage/Documents/DevkitPro/devkitARM/bin/../lib/gcc/arm-none-eabi/13.2.0/../../../../arm-none-eabi/lib/thumb\libg.a(libc_a-memmove.o)
                0x0200ad78                memmove
 .text._findenv_r
                0x0200ae34       0x94 C:/Users/Lvl3Mage/Documents/DevkitPro/devkitARM/bin/../lib/gcc/arm-none-eabi/13.2.0/../../../../arm-none-eabi/lib/thumb\libg.a(libc_a-getenv_r.o)
                0x0200ae34                _findenv_r
 .text.memset   0x0200aec8       0xb0 C:/Users/Lvl3Mage/Documents/DevkitPro/devkitARM/bin/../lib/gcc/arm-none-eabi/13.2.0/../../../../arm-none-eabi/lib/thumb\libg.a(libc_a-memset.o)
                0x0200aec8                memset
 .text.__malloc_lock
                0x0200af78       0x14 C:/Users/Lvl3Mage/Documents/DevkitPro/devkitARM/bin/../lib/gcc/arm-none-eabi/13.2.0/../../../../arm-none-eabi/lib/thumb\libg.a(libc_a-mlock.o)
                0x0200af78                __malloc_lock
 .text.__malloc_unlock
                0x0200af8c       0x14 C:/Users/Lvl3Mage/Documents/DevkitPro/devkitARM/bin/../lib/gcc/arm-none-eabi/13.2.0/../../../../arm-none-eabi/lib/thumb\libg.a(libc_a-mlock.o)
                0x0200af8c                __malloc_unlock
 .text._raise_r
                0x0200afa0       0x60 C:/Users/Lvl3Mage/Documents/DevkitPro/devkitARM/bin/../lib/gcc/arm-none-eabi/13.2.0/../../../../arm-none-eabi/lib/thumb\libg.a(libc_a-signal.o)
                0x0200afa0                _raise_r
 .text.raise    0x0200b000       0x14 C:/Users/Lvl3Mage/Documents/DevkitPro/devkitARM/bin/../lib/gcc/arm-none-eabi/13.2.0/../../../../arm-none-eabi/lib/thumb\libg.a(libc_a-signal.o)
                0x0200b000                raise
 .text.strlen   0x0200b014       0x60 C:/Users/Lvl3Mage/Documents/DevkitPro/devkitARM/bin/../lib/gcc/arm-none-eabi/13.2.0/../../../../arm-none-eabi/lib/thumb\libg.a(libc_a-strlen.o)
                0x0200b014                strlen
 .text.__sflush_r
                0x0200b074      0x188 C:/Users/Lvl3Mage/Documents/DevkitPro/devkitARM/bin/../lib/gcc/arm-none-eabi/13.2.0/../../../../arm-none-eabi/lib/thumb\libg.a(libc_a-fflush.o)
                0x0200b074                __sflush_r
 .text._fflush_r
                0x0200b1fc       0x70 C:/Users/Lvl3Mage/Documents/DevkitPro/devkitARM/bin/../lib/gcc/arm-none-eabi/13.2.0/../../../../arm-none-eabi/lib/thumb\libg.a(libc_a-fflush.o)
                0x0200b1fc                _fflush_r
 .text.strncmp  0x0200b26c       0x78 C:/Users/Lvl3Mage/Documents/DevkitPro/devkitARM/bin/../lib/gcc/arm-none-eabi/13.2.0/../../../../arm-none-eabi/lib/thumb\libg.a(libc_a-strncmp.o)
                0x0200b26c                strncmp
 .text._fwalk_sglue
                0x0200b2e4       0x4c C:/Users/Lvl3Mage/Documents/DevkitPro/devkitARM/bin/../lib/gcc/arm-none-eabi/13.2.0/../../../../arm-none-eabi/lib/thumb\libg.a(libc_a-fwalk.o)
                0x0200b2e4                _fwalk_sglue
 .text.stdio_exit_handler
                0x0200b330       0x20 C:/Users/Lvl3Mage/Documents/DevkitPro/devkitARM/bin/../lib/gcc/arm-none-eabi/13.2.0/../../../../arm-none-eabi/lib/thumb\libg.a(libc_a-findfp.o)
 .text.cleanup_stdio
                0x0200b350       0x40 C:/Users/Lvl3Mage/Documents/DevkitPro/devkitARM/bin/../lib/gcc/arm-none-eabi/13.2.0/../../../../arm-none-eabi/lib/thumb\libg.a(libc_a-findfp.o)
 .text.global_stdio_init.part.0
                0x0200b390      0x128 C:/Users/Lvl3Mage/Documents/DevkitPro/devkitARM/bin/../lib/gcc/arm-none-eabi/13.2.0/../../../../arm-none-eabi/lib/thumb\libg.a(libc_a-findfp.o)
 .text.__sinit  0x0200b4b8       0x3c C:/Users/Lvl3Mage/Documents/DevkitPro/devkitARM/bin/../lib/gcc/arm-none-eabi/13.2.0/../../../../arm-none-eabi/lib/thumb\libg.a(libc_a-findfp.o)
                0x0200b4b8                __sinit
 .text.__sfp_lock_acquire
                0x0200b4f4       0x14 C:/Users/Lvl3Mage/Documents/DevkitPro/devkitARM/bin/../lib/gcc/arm-none-eabi/13.2.0/../../../../arm-none-eabi/lib/thumb\libg.a(libc_a-findfp.o)
                0x0200b4f4                __sfp_lock_acquire
 .text.__sfp_lock_release
                0x0200b508       0x14 C:/Users/Lvl3Mage/Documents/DevkitPro/devkitARM/bin/../lib/gcc/arm-none-eabi/13.2.0/../../../../arm-none-eabi/lib/thumb\libg.a(libc_a-findfp.o)
                0x0200b508                __sfp_lock_release
 .text.srand    0x0200b51c       0x18 C:/Users/Lvl3Mage/Documents/DevkitPro/devkitARM/bin/../lib/gcc/arm-none-eabi/13.2.0/../../../../arm-none-eabi/lib/thumb\libg.a(libc_a-rand.o)
                0x0200b51c                srand
 .text.rand     0x0200b534       0x34 C:/Users/Lvl3Mage/Documents/DevkitPro/devkitARM/bin/../lib/gcc/arm-none-eabi/13.2.0/../../../../arm-none-eabi/lib/thumb\libg.a(libc_a-rand.o)
                0x0200b534                rand
 .text._strtol_l.part.0
                0x0200b568      0x13c C:/Users/Lvl3Mage/Documents/DevkitPro/devkitARM/bin/../lib/gcc/arm-none-eabi/13.2.0/../../../../arm-none-eabi/lib/thumb\libg.a(libc_a-strtol.o)
 .text._strtol_r
                0x0200b6a4       0x34 C:/Users/Lvl3Mage/Documents/DevkitPro/devkitARM/bin/../lib/gcc/arm-none-eabi/13.2.0/../../../../arm-none-eabi/lib/thumb\libg.a(libc_a-strtol.o)
                0x0200b6a4                _strtol_r
 .text.realloc  0x0200b6d8       0x18 C:/Users/Lvl3Mage/Documents/DevkitPro/devkitARM/bin/../lib/gcc/arm-none-eabi/13.2.0/../../../../arm-none-eabi/lib/thumb\libg.a(libc_a-realloc.o)
                0x0200b6d8                realloc
 .text._strtoul_l.isra.0
                0x0200b6f0      0x144 C:/Users/Lvl3Mage/Documents/DevkitPro/devkitARM/bin/../lib/gcc/arm-none-eabi/13.2.0/../../../../arm-none-eabi/lib/thumb\libg.a(libc_a-strtoul.o)
 .text._strtoul_r
                0x0200b834       0x20 C:/Users/Lvl3Mage/Documents/DevkitPro/devkitARM/bin/../lib/gcc/arm-none-eabi/13.2.0/../../../../arm-none-eabi/lib/thumb\libg.a(libc_a-strtoul.o)
                0x0200b834                _strtoul_r
 .text.strtoul  0x0200b854       0x24 C:/Users/Lvl3Mage/Documents/DevkitPro/devkitARM/bin/../lib/gcc/arm-none-eabi/13.2.0/../../../../arm-none-eabi/lib/thumb\libg.a(libc_a-strtoul.o)
                0x0200b854                strtoul
 .text.__locale_mb_cur_max
                0x0200b878       0x20 C:/Users/Lvl3Mage/Documents/DevkitPro/devkitARM/bin/../lib/gcc/arm-none-eabi/13.2.0/../../../../arm-none-eabi/lib/thumb\libg.a(libc_a-locale.o)
                0x0200b878                __locale_mb_cur_max
 .text.time     0x0200b898       0x38 C:/Users/Lvl3Mage/Documents/DevkitPro/devkitARM/bin/../lib/gcc/arm-none-eabi/13.2.0/../../../../arm-none-eabi/lib/thumb\libg.a(libc_a-time.o)
                0x0200b898                time
 .text.memchr   0x0200b8d0       0x78 C:/Users/Lvl3Mage/Documents/DevkitPro/devkitARM/bin/../lib/gcc/arm-none-eabi/13.2.0/../../../../arm-none-eabi/lib/thumb\libg.a(libc_a-memchr-stub.o)
                0x0200b8d0                memchr
 .text.__utf8_wctomb
                0x0200b948       0xb4 C:/Users/Lvl3Mage/Documents/DevkitPro/devkitARM/bin/../lib/gcc/arm-none-eabi/13.2.0/../../../../arm-none-eabi/lib/thumb\libg.a(libc_a-wctomb_r.o)
                0x0200b948                __utf8_wctomb
 .text.memcpy   0x0200b9fc       0x90 C:/Users/Lvl3Mage/Documents/DevkitPro/devkitARM/bin/../lib/gcc/arm-none-eabi/13.2.0/../../../../arm-none-eabi/lib/thumb\libg.a(libc_a-memcpy-stub.o)
                0x0200b9fc                memcpy
 .text.__sync_synchronize
                0x0200ba8c        0x4 C:/Users/Lvl3Mage/Documents/DevkitPro/devkitARM/bin/../lib/gcc/arm-none-eabi/13.2.0/../../../../arm-none-eabi/lib/thumb\libg.a(libc_a-sync_synchronize.o)
                0x0200ba8c                __sync_synchronize
 .text.__libc_init_array
                0x0200ba90       0x54 C:/Users/Lvl3Mage/Documents/DevkitPro/devkitARM/bin/../lib/gcc/arm-none-eabi/13.2.0/../../../../arm-none-eabi/lib/thumb\libg.a(libc_a-init.o)
                0x0200ba90                __libc_init_array
 .text.__errno  0x0200bae4        0xc C:/Users/Lvl3Mage/Documents/DevkitPro/devkitARM/bin/../lib/gcc/arm-none-eabi/13.2.0/../../../../arm-none-eabi/lib/thumb\libg.a(libc_a-errno.o)
                0x0200bae4                __errno
 .text._strtoll_l.isra.0
                0x0200baf0      0x19c C:/Users/Lvl3Mage/Documents/DevkitPro/devkitARM/bin/../lib/gcc/arm-none-eabi/13.2.0/../../../../arm-none-eabi/lib/thumb\libg.a(libc_a-strtoll.o)
 .text._strtoll_r
                0x0200bc8c       0x20 C:/Users/Lvl3Mage/Documents/DevkitPro/devkitARM/bin/../lib/gcc/arm-none-eabi/13.2.0/../../../../arm-none-eabi/lib/thumb\libg.a(libc_a-strtoll.o)
                0x0200bc8c                _strtoll_r
 .text._strtoull_l.isra.0
                0x0200bcac      0x1c4 C:/Users/Lvl3Mage/Documents/DevkitPro/devkitARM/bin/../lib/gcc/arm-none-eabi/13.2.0/../../../../arm-none-eabi/lib/thumb\libg.a(libc_a-strtoull.o)
 .text._strtoull_r
                0x0200be70       0x20 C:/Users/Lvl3Mage/Documents/DevkitPro/devkitARM/bin/../lib/gcc/arm-none-eabi/13.2.0/../../../../arm-none-eabi/lib/thumb\libg.a(libc_a-strtoull.o)
                0x0200be70                _strtoull_r
 .text.iswspace
                0x0200be90       0x10 C:/Users/Lvl3Mage/Documents/DevkitPro/devkitARM/bin/../lib/gcc/arm-none-eabi/13.2.0/../../../../arm-none-eabi/lib/thumb\libg.a(libc_a-iswspace.o)
                0x0200be90                iswspace
 .text._mbrtowc_r
                0x0200bea0       0x90 C:/Users/Lvl3Mage/Documents/DevkitPro/devkitARM/bin/../lib/gcc/arm-none-eabi/13.2.0/../../../../arm-none-eabi/lib/thumb\libg.a(libc_a-mbrtowc.o)
                0x0200bea0                _mbrtowc_r
 .text.__smakebuf_r
                0x0200bf30       0xe8 C:/Users/Lvl3Mage/Documents/DevkitPro/devkitARM/bin/../lib/gcc/arm-none-eabi/13.2.0/../../../../arm-none-eabi/lib/thumb\libg.a(libc_a-makebuf.o)
                0x0200bf30                __smakebuf_r
 .text.__swhatbuf_r
                0x0200c018       0x5c C:/Users/Lvl3Mage/Documents/DevkitPro/devkitARM/bin/../lib/gcc/arm-none-eabi/13.2.0/../../../../arm-none-eabi/lib/thumb\libg.a(libc_a-makebuf.o)
                0x0200c018                __swhatbuf_r
 .text.iswspace_l
                0x0200c074       0x28 C:/Users/Lvl3Mage/Documents/DevkitPro/devkitARM/bin/../lib/gcc/arm-none-eabi/13.2.0/../../../../arm-none-eabi/lib/thumb\libg.a(libc_a-iswspace_l.o)
                0x0200c074                iswspace_l
 .text.__sccl   0x0200c09c       0xa0 C:/Users/Lvl3Mage/Documents/DevkitPro/devkitARM/bin/../lib/gcc/arm-none-eabi/13.2.0/../../../../arm-none-eabi/lib/thumb\libg.a(libc_a-sccl.o)
                0x0200c09c                __sccl
 .text.__submore
                0x0200c13c       0x88 C:/Users/Lvl3Mage/Documents/DevkitPro/devkitARM/bin/../lib/gcc/arm-none-eabi/13.2.0/../../../../arm-none-eabi/lib/thumb\libg.a(libc_a-ungetc.o)
                0x0200c13c                __submore
 .text.__sread  0x0200c1c4       0x34 C:/Users/Lvl3Mage/Documents/DevkitPro/devkitARM/bin/../lib/gcc/arm-none-eabi/13.2.0/../../../../arm-none-eabi/lib/thumb\libg.a(libc_a-stdio.o)
                0x0200c1c4                __sread
 .text.__seofread
                0x0200c1f8        0x4 C:/Users/Lvl3Mage/Documents/DevkitPro/devkitARM/bin/../lib/gcc/arm-none-eabi/13.2.0/../../../../arm-none-eabi/lib/thumb\libg.a(libc_a-stdio.o)
                0x0200c1f8                __seofread
 .text.__swrite
                0x0200c1fc       0x4c C:/Users/Lvl3Mage/Documents/DevkitPro/devkitARM/bin/../lib/gcc/arm-none-eabi/13.2.0/../../../../arm-none-eabi/lib/thumb\libg.a(libc_a-stdio.o)
                0x0200c1fc                __swrite
 .text.__sseek  0x0200c248       0x44 C:/Users/Lvl3Mage/Documents/DevkitPro/devkitARM/bin/../lib/gcc/arm-none-eabi/13.2.0/../../../../arm-none-eabi/lib/thumb\libg.a(libc_a-stdio.o)
                0x0200c248                __sseek
 .text.__sclose
                0x0200c28c       0x10 C:/Users/Lvl3Mage/Documents/DevkitPro/devkitARM/bin/../lib/gcc/arm-none-eabi/13.2.0/../../../../arm-none-eabi/lib/thumb\libg.a(libc_a-stdio.o)
                0x0200c28c                __sclose
 .text.category
                0x0200c29c       0x58 C:/Users/Lvl3Mage/Documents/DevkitPro/devkitARM/bin/../lib/gcc/arm-none-eabi/13.2.0/../../../../arm-none-eabi/lib/thumb\libg.a(libc_a-categories.o)
                0x0200c29c                category
 .text.__env_lock
                0x0200c2f4       0x14 C:/Users/Lvl3Mage/Documents/DevkitPro/devkitARM/bin/../lib/gcc/arm-none-eabi/13.2.0/../../../../arm-none-eabi/lib/thumb\libg.a(libc_a-envlock.o)
                0x0200c2f4                __env_lock
 .text.__env_unlock
                0x0200c308       0x14 C:/Users/Lvl3Mage/Documents/DevkitPro/devkitARM/bin/../lib/gcc/arm-none-eabi/13.2.0/../../../../arm-none-eabi/lib/thumb\libg.a(libc_a-envlock.o)
                0x0200c308                __env_unlock
 .text.get_arg  0x0200c31c      0x434 C:/Users/Lvl3Mage/Documents/DevkitPro/devkitARM/bin/../lib/gcc/arm-none-eabi/13.2.0/../../../../arm-none-eabi/lib/thumb\libg.a(libc_a-vfiprintf.o)
 .text.__sprint_r
                0x0200c750       0x24 C:/Users/Lvl3Mage/Documents/DevkitPro/devkitARM/bin/../lib/gcc/arm-none-eabi/13.2.0/../../../../arm-none-eabi/lib/thumb\libg.a(libc_a-vfiprintf.o)
                0x0200c750                __sprint_r
 .text._vfiprintf_r
                0x0200c774     0x17cc C:/Users/Lvl3Mage/Documents/DevkitPro/devkitARM/bin/../lib/gcc/arm-none-eabi/13.2.0/../../../../arm-none-eabi/lib/thumb\libg.a(libc_a-vfiprintf.o)
                0x0200c774                _vfiprintf_r
 .text.__sbprintf
                0x0200df40       0x7c C:/Users/Lvl3Mage/Documents/DevkitPro/devkitARM/bin/../lib/gcc/arm-none-eabi/13.2.0/../../../../arm-none-eabi/lib/thumb\libg.a(libc_a-vfiprintf.o)
 .text.__swsetup_r
                0x0200dfbc       0xcc C:/Users/Lvl3Mage/Documents/DevkitPro/devkitARM/bin/../lib/gcc/arm-none-eabi/13.2.0/../../../../arm-none-eabi/lib/thumb\libg.a(libc_a-wsetup.o)
                0x0200dfbc                __swsetup_r
 .text._fclose_r
                0x0200e088       0xd8 C:/Users/Lvl3Mage/Documents/DevkitPro/devkitARM/bin/../lib/gcc/arm-none-eabi/13.2.0/../../../../arm-none-eabi/lib/thumb\libg.a(libc_a-fclose.o)
                0x0200e088                _fclose_r
 .text.__sfvwrite_r
                0x0200e160      0x330 C:/Users/Lvl3Mage/Documents/DevkitPro/devkitARM/bin/../lib/gcc/arm-none-eabi/13.2.0/../../../../arm-none-eabi/lib/thumb\libg.a(libc_a-fvwrite.o)
                0x0200e160                __sfvwrite_r
 .text._realloc_r
                0x0200e490      0x384 C:/Users/Lvl3Mage/Documents/DevkitPro/devkitARM/bin/../lib/gcc/arm-none-eabi/13.2.0/../../../../arm-none-eabi/lib/thumb\libg.a(libc_a-reallocr.o)
                0x0200e490                _realloc_r
 .text.strncpy  0x0200e814       0x68 C:/Users/Lvl3Mage/Documents/DevkitPro/devkitARM/bin/../lib/gcc/arm-none-eabi/13.2.0/../../../../arm-none-eabi/lib/thumb\libg.a(libc_a-strncpy.o)
                0x0200e814                strncpy
 .text.__utf8_mbtowc
                0x0200e87c      0x27c C:/Users/Lvl3Mage/Documents/DevkitPro/devkitARM/bin/../lib/gcc/arm-none-eabi/13.2.0/../../../../arm-none-eabi/lib/thumb\libg.a(libc_a-mbtowc_r.o)
                0x0200e87c                __utf8_mbtowc
 .text._localeconv_r
                0x0200eaf8       0x1c C:/Users/Lvl3Mage/Documents/DevkitPro/devkitARM/bin/../lib/gcc/arm-none-eabi/13.2.0/../../../../arm-none-eabi/lib/thumb\libg.a(libc_a-localeconv.o)
                0x0200eaf8                _localeconv_r
 .text._wcrtomb_r
                0x0200eb14       0x84 C:/Users/Lvl3Mage/Documents/DevkitPro/devkitARM/bin/../lib/gcc/arm-none-eabi/13.2.0/../../../../arm-none-eabi/lib/thumb\libg.a(libc_a-wcrtomb.o)
                0x0200eb14                _wcrtomb_r
 .text._wcsrtombs_r
                0x0200eb98       0x1c C:/Users/Lvl3Mage/Documents/DevkitPro/devkitARM/bin/../lib/gcc/arm-none-eabi/13.2.0/../../../../arm-none-eabi/lib/thumb\libg.a(libc_a-wcsrtombs.o)
                0x0200eb98                _wcsrtombs_r
 .text._wcsnrtombs_l
                0x0200ebb4      0x11c C:/Users/Lvl3Mage/Documents/DevkitPro/devkitARM/bin/../lib/gcc/arm-none-eabi/13.2.0/../../../../arm-none-eabi/lib/thumb\libg.a(libc_a-wcsnrtombs.o)
                0x0200ebb4                _wcsnrtombs_l
 .text._wcsnrtombs_r
                0x0200ecd0       0x40 C:/Users/Lvl3Mage/Documents/DevkitPro/devkitARM/bin/../lib/gcc/arm-none-eabi/13.2.0/../../../../arm-none-eabi/lib/thumb\libg.a(libc_a-wcsnrtombs.o)
                0x0200ecd0                _wcsnrtombs_r
 .text._exit    0x0200ed10       0x14 C:/Users/Lvl3Mage/Documents/DevkitPro/devkitARM/bin/../lib/gcc/arm-none-eabi/13.2.0/../../../../arm-none-eabi/lib/thumb\libsysbase.a(libsysbase_libsysbase_a-_exit.o)
                0x0200ed10                _exit
 .text.build_argv
                0x0200ed24       0x54 C:/Users/Lvl3Mage/Documents/DevkitPro/devkitARM/bin/../lib/gcc/arm-none-eabi/13.2.0/../../../../arm-none-eabi/lib/thumb\libsysbase.a(libsysbase_libsysbase_a-build_argv.o)
                0x0200ed24                build_argv
 .text._fstat_r
                0x0200ed78       0x4c C:/Users/Lvl3Mage/Documents/DevkitPro/devkitARM/bin/../lib/gcc/arm-none-eabi/13.2.0/../../../../arm-none-eabi/lib/thumb\libsysbase.a(libsysbase_libsysbase_a-fstat.o)
                0x0200ed78                _fstat_r
 .text._getpid_r
                0x0200edc4        0xc C:/Users/Lvl3Mage/Documents/DevkitPro/devkitARM/bin/../lib/gcc/arm-none-eabi/13.2.0/../../../../arm-none-eabi/lib/thumb\libsysbase.a(libsysbase_libsysbase_a-getpid.o)
                0x0200edc4                _getpid_r
 .text.__getreent
                0x0200edd0       0x20 C:/Users/Lvl3Mage/Documents/DevkitPro/devkitARM/bin/../lib/gcc/arm-none-eabi/13.2.0/../../../../arm-none-eabi/lib/thumb\libsysbase.a(libsysbase_libsysbase_a-getreent.o)
                0x0200edd0                __getreent
 .text._gettimeofday_r
                0x0200edf0       0x20 C:/Users/Lvl3Mage/Documents/DevkitPro/devkitARM/bin/../lib/gcc/arm-none-eabi/13.2.0/../../../../arm-none-eabi/lib/thumb\libsysbase.a(libsysbase_libsysbase_a-gettod.o)
                0x0200edf0                _gettimeofday_r
 .text.__get_handle
                0x0200ee10       0x34 C:/Users/Lvl3Mage/Documents/DevkitPro/devkitARM/bin/../lib/gcc/arm-none-eabi/13.2.0/../../../../arm-none-eabi/lib/thumb\libsysbase.a(libsysbase_libsysbase_a-handle_manager.o)
                0x0200ee10                __get_handle
 .text._close_r
                0x0200ee44       0xb8 C:/Users/Lvl3Mage/Documents/DevkitPro/devkitARM/bin/../lib/gcc/arm-none-eabi/13.2.0/../../../../arm-none-eabi/lib/thumb\libsysbase.a(libsysbase_libsysbase_a-handle_manager.o)
                0x0200ee44                _close_r
 .text.null_write
                0x0200eefc        0x4 C:/Users/Lvl3Mage/Documents/DevkitPro/devkitARM/bin/../lib/gcc/arm-none-eabi/13.2.0/../../../../arm-none-eabi/lib/thumb\libsysbase.a(libsysbase_libsysbase_a-iosupport.o)
 .text._isatty_r
                0x0200ef00        0x4 C:/Users/Lvl3Mage/Documents/DevkitPro/devkitARM/bin/../lib/gcc/arm-none-eabi/13.2.0/../../../../arm-none-eabi/lib/thumb\libsysbase.a(libsysbase_libsysbase_a-isatty.o)
                0x0200ef00                _isatty_r
 .text._kill_r  0x0200ef04        0xc C:/Users/Lvl3Mage/Documents/DevkitPro/devkitARM/bin/../lib/gcc/arm-none-eabi/13.2.0/../../../../arm-none-eabi/lib/thumb\libsysbase.a(libsysbase_libsysbase_a-kill.o)
                0x0200ef04                _kill_r
 .text._lseek_r
                0x0200ef10       0x5c C:/Users/Lvl3Mage/Documents/DevkitPro/devkitARM/bin/../lib/gcc/arm-none-eabi/13.2.0/../../../../arm-none-eabi/lib/thumb\libsysbase.a(libsysbase_libsysbase_a-lseek.o)
                0x0200ef10                _lseek_r
 .text._read_r  0x0200ef6c       0x50 C:/Users/Lvl3Mage/Documents/DevkitPro/devkitARM/bin/../lib/gcc/arm-none-eabi/13.2.0/../../../../arm-none-eabi/lib/thumb\libsysbase.a(libsysbase_libsysbase_a-read.o)
                0x0200ef6c                _read_r
 .text._sbrk_r  0x0200efbc       0x54 C:/Users/Lvl3Mage/Documents/DevkitPro/devkitARM/bin/../lib/gcc/arm-none-eabi/13.2.0/../../../../arm-none-eabi/lib/thumb\libsysbase.a(libsysbase_libsysbase_a-sbrk.o)
                0x0200efbc                _sbrk_r
 .text.__libc_lock_acquire
                0x0200f010       0x18 C:/Users/Lvl3Mage/Documents/DevkitPro/devkitARM/bin/../lib/gcc/arm-none-eabi/13.2.0/../../../../arm-none-eabi/lib/thumb\libsysbase.a(libsysbase_libsysbase_a-syscall_support.o)
                0x0200f010                __libc_lock_acquire
 .text.__libc_lock_release
                0x0200f028       0x18 C:/Users/Lvl3Mage/Documents/DevkitPro/devkitARM/bin/../lib/gcc/arm-none-eabi/13.2.0/../../../../arm-none-eabi/lib/thumb\libsysbase.a(libsysbase_libsysbase_a-syscall_support.o)
                0x0200f028                __libc_lock_release
 .text.__libc_lock_acquire_recursive
                0x0200f040       0x18 C:/Users/Lvl3Mage/Documents/DevkitPro/devkitARM/bin/../lib/gcc/arm-none-eabi/13.2.0/../../../../arm-none-eabi/lib/thumb\libsysbase.a(libsysbase_libsysbase_a-syscall_support.o)
                0x0200f040                __libc_lock_acquire_recursive
 .text.__libc_lock_release_recursive
                0x0200f058       0x18 C:/Users/Lvl3Mage/Documents/DevkitPro/devkitARM/bin/../lib/gcc/arm-none-eabi/13.2.0/../../../../arm-none-eabi/lib/thumb\libsysbase.a(libsysbase_libsysbase_a-syscall_support.o)
                0x0200f058                __libc_lock_release_recursive
 .text._write_r
                0x0200f070       0x50 C:/Users/Lvl3Mage/Documents/DevkitPro/devkitARM/bin/../lib/gcc/arm-none-eabi/13.2.0/../../../../arm-none-eabi/lib/thumb\libsysbase.a(libsysbase_libsysbase_a-write.o)
                0x0200f070                _write_r
 .text.__muldi3
                0x0200f0c0       0x64 C:/Users/Lvl3Mage/Documents/DevkitPro/devkitARM/bin/../lib/gcc/arm-none-eabi/13.2.0/thumb\libgcc.a(_muldi3.o)
                0x0200f0c0                __muldi3
                0x0200f0c0                __aeabi_lmul
 .text.__udivmoddi4
                0x0200f124      0x19c C:/Users/Lvl3Mage/Documents/DevkitPro/devkitARM/bin/../lib/gcc/arm-none-eabi/13.2.0/thumb\libgcc.a(_udivmoddi4.o)
                0x0200f124                __udivmoddi4
 .text.__udivmoddi4.__stub
                0x0200f2c0      0x170 linker stubs
 *(EXCLUDE_FILE(*.twl*) .gnu.warning)
 *(EXCLUDE_FILE(*.twl*) .gnu.linkonce.t*)
 *(.glue_7)
 .glue_7        0x0200f440        0x0 linker stubs
 *(.glue_7t)
 .glue_7t       0x0200f440        0x0 linker stubs
                0x0200f440                        . = ALIGN (0x4)

.vfp11_veneer   0x0200f440        0x0
 .vfp11_veneer  0x0200f440        0x0 linker stubs

.v4_bx          0x0200f440        0x0
 .v4_bx         0x0200f440        0x0 linker stubs

.iplt           0x0200f440        0x0
 .iplt          0x0200f440        0x0 C:/Users/Lvl3Mage/Documents/DevkitPro/devkitARM/bin/../lib/gcc/arm-none-eabi/13.2.0/../../../../arm-none-eabi/lib/thumb/ds_arm9_crt0.o

.fini           0x0200f440        0xc
 *(.fini)
 .fini          0x0200f440        0x4 C:/Users/Lvl3Mage/Documents/DevkitPro/devkitARM/bin/../lib/gcc/arm-none-eabi/13.2.0/thumb/crti.o
                0x0200f440                _fini
 .fini          0x0200f444        0x8 C:/Users/Lvl3Mage/Documents/DevkitPro/devkitARM/bin/../lib/gcc/arm-none-eabi/13.2.0/thumb/crtn.o
                0x0200f44c                        __text_end = .

.rodata         0x0200f44c     0x6300
 *(EXCLUDE_FILE(*.twl*) .rodata)
 .rodata        0x0200f44c       0x5c main.o
 *all.rodata*(*)
 *(EXCLUDE_FILE(*.twl*) .roda)
 *(EXCLUDE_FILE(*.twl*) .rodata.*)
 .rodata.str1.4