Archive member included to satisfy reference by file (symbol)

C:/Users/Lvl3Mage/Documents/DevkitPro/libnds/lib\libnds9.a(console.o)
                              main.o (consoleDemoInit)
C:/Users/Lvl3Mage/Documents/DevkitPro/libnds/lib\libnds9.a(keys.o)
                              player.o (scanKeys)
C:/Users/Lvl3Mage/Documents/DevkitPro/libnds/lib\libnds9.a(initSystem.o)
                              C:/Users/Lvl3Mage/Documents/DevkitPro/devkitARM/bin/../lib/gcc/arm-none-eabi/13.2.0/../../../../arm-none-eabi/lib/thumb/ds_arm9_crt0.o (initSystem)
C:/Users/Lvl3Mage/Documents/DevkitPro/libnds/lib\libnds9.a(securearea.o)
                              C:/Users/Lvl3Mage/Documents/DevkitPro/devkitARM/bin/../lib/gcc/arm-none-eabi/13.2.0/../../../../arm-none-eabi/lib/thumb/ds_arm9_crt0.o (__secure_area__)
C:/Users/Lvl3Mage/Documents/DevkitPro/libnds/lib\libnds9.a(interrupts.o)
                              main.o (irqSet)
C:/Users/Lvl3Mage/Documents/DevkitPro/libnds/lib\libnds9.a(libnds_exit.arm.o)
                              C:/Users/Lvl3Mage/Documents/DevkitPro/devkitARM/bin/../lib/gcc/arm-none-eabi/13.2.0/../../../../arm-none-eabi/lib/thumb/ds_arm9_crt0.o (__libnds_exit)
C:/Users/Lvl3Mage/Documents/DevkitPro/libnds/lib\libnds9.a(fifosystem.o)
                              C:/Users/Lvl3Mage/Documents/DevkitPro/libnds/lib\libnds9.a(initSystem.o) (fifoSetValue32Handler)
C:/Users/Lvl3Mage/Documents/DevkitPro/libnds/lib\libnds9.a(mpu_setup.o)
                              C:/Users/Lvl3Mage/Documents/DevkitPro/devkitARM/bin/../lib/gcc/arm-none-eabi/13.2.0/../../../../arm-none-eabi/lib/thumb/ds_arm9_crt0.o (__libnds_mpu_setup)
C:/Users/Lvl3Mage/Documents/DevkitPro/libnds/lib\libnds9.a(IntrWait.o)
                              main.o (swiWaitForVBlank)
C:/Users/Lvl3Mage/Documents/DevkitPro/libnds/lib\libnds9.a(cpu_clock.o)
                              C:/Users/Lvl3Mage/Documents/DevkitPro/libnds/lib\libnds9.a(initSystem.o) (setCpuClock)
C:/Users/Lvl3Mage/Documents/DevkitPro/libnds/lib\libnds9.a(interruptDispatcher.o)
                              C:/Users/Lvl3Mage/Documents/DevkitPro/libnds/lib\libnds9.a(interrupts.o) (IntrMain)
C:/Users/Lvl3Mage/Documents/DevkitPro/libnds/lib\libnds9.a(debugprint.o)
                              C:/Users/Lvl3Mage/Documents/DevkitPro/libnds/lib\libnds9.a(console.o) (nocashWrite)
C:/Users/Lvl3Mage/Documents/DevkitPro/libnds/lib\libnds9.a(swiSoftReset.o)
                              C:/Users/Lvl3Mage/Documents/DevkitPro/libnds/lib\libnds9.a(fifosystem.o) (swiSoftReset)
C:/Users/Lvl3Mage/Documents/DevkitPro/libnds/lib\libnds9.a(default_font.bin.o)
                              C:/Users/Lvl3Mage/Documents/DevkitPro/libnds/lib\libnds9.a(console.o) (default_font_bin)
C:/Users/Lvl3Mage/Documents/DevkitPro/libnds/lib\libnds9.a(background.o)
                              C:/Users/Lvl3Mage/Documents/DevkitPro/libnds/lib\libnds9.a(console.o) (bgState)
C:/Users/Lvl3Mage/Documents/DevkitPro/libnds/lib\libnds9.a(trig.o)
                              C:/Users/Lvl3Mage/Documents/DevkitPro/libnds/lib\libnds9.a(background.o) (sinLerp)
C:/Users/Lvl3Mage/Documents/DevkitPro/libnds/lib\libnds9.a(video.o)
                              C:/Users/Lvl3Mage/Documents/DevkitPro/libnds/lib\libnds9.a(initSystem.o) (vramDefault)
C:/Users/Lvl3Mage/Documents/DevkitPro/libnds/lib\libnds9.a(system.o)
                              C:/Users/Lvl3Mage/Documents/DevkitPro/libnds/lib\libnds9.a(initSystem.o) (systemValueHandler)
C:/Users/Lvl3Mage/Documents/DevkitPro/libnds/lib\libnds9.a(biosCalls.o)
                              C:/Users/Lvl3Mage/Documents/DevkitPro/libnds/lib\libnds9.a(system.o) (swiDelay)
C:/Users/Lvl3Mage/Documents/DevkitPro/devkitARM/bin/../lib/gcc/arm-none-eabi/13.2.0/../../../../arm-none-eabi/lib/thumb\libstdc++.a(atomicity.o)
                              cameracontroller.o (__gnu_cxx::__exchange_and_add(int volatile*, int))
C:/Users/Lvl3Mage/Documents/DevkitPro/devkitARM/bin/../lib/gcc/arm-none-eabi/13.2.0/../../../../arm-none-eabi/lib/thumb\libstdc++.a(del_ops.o)
                              cameracontroller.o (operator delete(void*, unsigned int))
C:/Users/Lvl3Mage/Documents/DevkitPro/devkitARM/bin/../lib/gcc/arm-none-eabi/13.2.0/../../../../arm-none-eabi/lib/thumb\libstdc++.a(eh_alloc.o)
                              C:/Users/Lvl3Mage/Documents/DevkitPro/devkitARM/bin/../lib/gcc/arm-none-eabi/13.2.0/../../../../arm-none-eabi/lib/thumb\libstdc++.a(atomicity.o) (__cxa_allocate_exception)
C:/Users/Lvl3Mage/Documents/DevkitPro/devkitARM/bin/../lib/gcc/arm-none-eabi/13.2.0/../../../../arm-none-eabi/lib/thumb\libstdc++.a(eh_exception.o)
                              C:/Users/Lvl3Mage/Documents/DevkitPro/devkitARM/bin/../lib/gcc/arm-none-eabi/13.2.0/../../../../arm-none-eabi/lib/thumb\libstdc++.a(atomicity.o) (std::exception::~exception())
C:/Users/Lvl3Mage/Documents/DevkitPro/devkitARM/bin/../lib/gcc/arm-none-eabi/13.2.0/../../../../arm-none-eabi/lib/thumb\libstdc++.a(eh_personality.o)
[...]
Memory Configuration

Name             Origin             Length             Attributes
ewram            0x02000000         0x00380000
dtcm             0x02ff0000         0x00004000
vectors          0x01000000         0x00000100
itcm             0x01000100         0x00007f00
*default*        0x00000000         0xffffffff

Linker script and memory map

                0x02380000                        __ewram_end = (ORIGIN (ewram) + LENGTH (ewram))
                0x02380000                        __eheap_end = (ORIGIN (ewram) + LENGTH (ewram))
                0x02ff4000                        __dtcm_top = (ORIGIN (dtcm) + LENGTH (dtcm))
                0x02ff3ff8                        __irq_flags = (__dtcm_top - 0x8)
                0x02ff3ffc                        __irq_vector = (__dtcm_top - 0x4)
                0x02ff3f00                        __sp_svc = (__dtcm_top - 0x100)
                0x02ff3e00                        __sp_irq = (__sp_svc - 0x100)
                0x02ff3d00                        __sp_usr = (__sp_irq - 0x100)

.secure         0x02000000      0x800
 *(.secure)
 .secure        0x02000000      0x800 C:/Users/Lvl3Mage/Documents/DevkitPro/libnds/lib\libnds9.a(securearea.o)
                0x02000000                __secure_area__

.crt0           0x02000800      0x300
                0x02000800                        __text_start = .
 *(.crt0)
 .crt0          0x02000800      0x300 C:/Users/Lvl3Mage/Documents/DevkitPro/devkitARM/bin/../lib/gcc/arm-none-eabi/13.2.0/../../../../arm-none-eabi/lib/thumb/ds_arm9_crt0.o
                0x02000800                _start
                0x02000b00                        . = ALIGN (0x4)

.plt
 *(.plt)

.init           0x02000b00        0xc
 *(SORT_NONE(.init))
 .init          0x02000b00        0x4 C:/Users/Lvl3Mage/Documents/DevkitPro/devkitARM/bin/../lib/gcc/arm-none-eabi/13.2.0/thumb/crti.o
                0x02000b00                _init
 .init          0x02000b04        0x8 C:/Users/Lvl3Mage/Documents/DevkitPro/devkitARM/bin/../lib/gcc/arm-none-eabi/13.2.0/thumb/crtn.o

.text           0x02000b10     0xdc00
 *(EXCLUDE_FILE(*.twl* *.vectors* *.itcm*) .text)
 .text          0x02000b10      0x41c cameracontroller.o
                0x02000b10                CameraController::CameraController(unsigned short*, int, int)
                0x02000b10                CameraController::CameraController(unsigned short*, int, int)
                0x02000b2c                CameraController::ScreenCoordToIndex(int, int)
                0x02000b3c                CameraController::Render(Scene*)
                0x02000cf8                CameraController::ClampPosition()
                0x02000d2c                CameraController::SetPosition(int, int)
                0x02000d6c                CameraController::UpdateTarget(Scene*)
                0x02000d84                CameraController::Update(Scene*)
 .text          0x02000f2c      0x510 main.o
                0x02000f2c                UpdateTime()
                0x02001030                ApplyPalette(std::vector<unsigned char*, std::allocator<unsigned char*> >, int)
                0x0200107c                MirrorX(unsigned char*, unsigned char*)
                0x02001098                MirrorY(unsigned char*, unsigned char*)
                0x020010b8                DefineTiles(std::vector<unsigned char*, std::allocator<unsigned char*> >)
                0x0200114c                Init()
 .text          0x0200143c       0x74 player.o
                0x0200143c                Player::ClampPosition()
                0x02001464                Player::Player(int, int)
                0x02001464                Player::Player(int, int)
                0x02001470                Player::Update(Scene*)
 .text          0x020014b0      0x1d0 scene.o
                0x020014b0                Scene::UpdateTime(float)
                0x020014b4                Scene::Update()
                0x020014d8                Scene::Scene(unsigned short*)
                0x020014d8                Scene::Scene(unsigned short*)
 .text          0x02001680       0xe8 terrain.o
                0x02001680                Terrain::Terrain(int (*) [257])
                0x02001680                Terrain::Terrain(int (*) [257])
                0x020016a4                Terrain::GetTerrainAt(int, int)
                0x020016b8                Terrain::IsTerrainAt(int, int)
                0x020016d0                Terrain::MarchTerrainData(int)
 .text          0x02001768      0x174 utils.o
                0x02001768                lerp(float, float, float)
                0x02001784                RandomRange(int, int)
                0x02001798                RandomRangeSeeded(int, int, int)
                0x020017b4                ValueNoise(float, float, float, int, int, int)
 .text          0x020018dc      0x150 C:/Users/Lvl3Mage/Documents/DevkitPro/devkitARM/bin/../lib/gcc/arm-none-eabi/13.2.0/thumb\libgcc.a(_divsi3.o)
                0x020018dc                __divsi3
                0x020018dc                __aeabi_idiv
                0x02001a0c                __aeabi_idivmod
 .text          0x02001a2c        0x4 C:/Users/Lvl3Mage/Documents/DevkitPro/devkitARM/bin/../lib/gcc/arm-none-eabi/13.2.0/thumb\libgcc.a(_dvmd_tls.o)
                0x02001a2c                __aeabi_idiv0
                0x02001a2c                __aeabi_ldiv0
 .text          0x02001a30      0x424 C:/Users/Lvl3Mage/Documents/DevkitPro/devkitARM/bin/../lib/gcc/arm-none-eabi/13.2.0/thumb\libgcc.a(_arm_addsubdf3.o)
                0x02001a30                __aeabi_drsub
                0x02001a38                __aeabi_dsub
                0x02001a38                __subdf3
                0x02001a3c                __aeabi_dadd
                0x02001a3c                __adddf3
                0x02001d4c                __floatunsidf
                0x02001d4c                __aeabi_ui2d
                0x02001d70                __floatsidf
                0x02001d70                __aeabi_i2d
                0x02001d98                __aeabi_f2d
                0x02001d98                __extendsfdf2
                0x02001de0                __floatundidf
                0x02001de0                __aeabi_ul2d
                0x02001df4                __floatdidf
                0x02001df4                __aeabi_l2d
 .text          0x02001e54       0xa0 C:/Users/Lvl3Mage/Documents/DevkitPro/devkitARM/bin/../lib/gcc/arm-none-eabi/13.2.0/thumb\libgcc.a(_arm_truncdfsf2.o)
                0x02001e54                __truncdfsf2
                0x02001e54                __aeabi_d2f
 .text          0x02001ef4      0x2ac C:/Users/Lvl3Mage/Documents/DevkitPro/devkitARM/bin/../lib/gcc/arm-none-eabi/13.2.0/thumb\libgcc.a(_arm_addsubsf3.o)
                0x02001ef4                __aeabi_frsub
                0x02001efc                __subsf3
                0x02001efc                __aeabi_fsub
                0x02001f00                __aeabi_fadd
                0x02001f00                __addsf3
                0x020020bc                __aeabi_ui2f
                0x020020bc                __floatunsisf
                0x020020c4                __aeabi_i2f
                0x020020c4                __floatsisf
                0x020020e4                __aeabi_ul2f
                0x020020e4                __floatundisf
                0x020020f4                __aeabi_l2f
                0x020020f4                __floatdisf
 .text          0x020021a0      0x2f8 C:/Users/Lvl3Mage/Documents/DevkitPro/devkitARM/bin/../lib/gcc/arm-none-eabi/13.2.0/thumb\libgcc.a(_arm_muldivsf3.o)
                0x020021a0                __mulsf3
                0x020021a0                __aeabi_fmul
                0x02002338                __aeabi_fdiv
                0x02002338                __divsf3
 .text          0x02002498      0x114 C:/Users/Lvl3Mage/Documents/DevkitPro/devkitARM/bin/../lib/gcc/arm-none-eabi/13.2.0/thumb\libgcc.a(_arm_cmpsf2.o)
                0x02002498                __gesf2
                0x02002498                __gtsf2
                0x020024a0                __lesf2
                0x020024a0                __ltsf2
                0x020024a8                __nesf2
                0x020024a8                __eqsf2
                0x020024a8                __cmpsf2
                0x0200250c                __aeabi_cfrcmple
                0x0200251c                __aeabi_cfcmpeq
                0x0200251c                __aeabi_cfcmple
                0x02002534                __aeabi_fcmpeq
                0x0200254c                __aeabi_fcmplt
                0x02002564                __aeabi_fcmple
                0x0200257c                __aeabi_fcmpge
                0x02002594                __aeabi_fcmpgt
 .text          0x020025ac       0x5c C:/Users/Lvl3Mage/Documents/DevkitPro/devkitARM/bin/../lib/gcc/arm-none-eabi/13.2.0/thumb\libgcc.a(_arm_fixsfsi.o)
                0x020025ac                __aeabi_f2iz
                0x020025ac                __fixsfsi
 .text          0x02002608      0x1d8 C:/Users/Lvl3Mage/Documents/DevkitPro/devkitARM/bin/../lib/gcc/arm-none-eabi/13.2.0/thumb\libgcc.a(libunwind.o)
                0x02002608                __restore_core_regs
                0x02002608                restore_core_regs
                0x02002624                __gnu_Unwind_Restore_VFP
                0x0200262c                __gnu_Unwind_Save_VFP
                0x02002634                __gnu_Unwind_Restore_VFP_D
                0x0200263c                __gnu_Unwind_Save_VFP_D
                0x02002644                __gnu_Unwind_Restore_VFP_D_16_to_31
                0x0200264c                __gnu_Unwind_Save_VFP_D_16_to_31
                0x02002654                __gnu_Unwind_Restore_WMMXD
                0x02002698                __gnu_Unwind_Save_WMMXD
                0x020026dc                __gnu_Unwind_Restore_WMMXC
                0x020026f0                __gnu_Unwind_Save_WMMXC
                0x02002704                ___Unwind_RaiseException
                0x02002704                _Unwind_RaiseException
                0x02002730                _Unwind_Resume
                0x02002730                ___Unwind_Resume
                0x0200275c                _Unwind_Resume_or_Rethrow
                0x0200275c                ___Unwind_Resume_or_Rethrow
                0x02002788                _Unwind_ForcedUnwind
                0x02002788                ___Unwind_ForcedUnwind
                0x020027b4                ___Unwind_Backtrace
                0x020027b4                _Unwind_Backtrace
 .text          0x020027e0      0x224 C:/Users/Lvl3Mage/Documents/DevkitPro/devkitARM/bin/../lib/gcc/arm-none-eabi/13.2.0/../../../../arm-none-eabi/lib/thumb\libg.a(libc_a-strcmp.o)
                0x020027e0                strcmp
 .text          0x02002a04       0x14 C:/Users/Lvl3Mage/Documents/DevkitPro/devkitARM/bin/../lib/gcc/arm-none-eabi/13.2.0/thumb\libgcc.a(_thumb1_case_uqi.o)
                0x02002a04                __gnu_thumb1_case_uqi
 .text          0x02002a18       0x14 C:/Users/Lvl3Mage/Documents/DevkitPro/devkitARM/bin/../lib/gcc/arm-none-eabi/13.2.0/thumb\libgcc.a(_thumb1_case_uhi.o)
                0x02002a18                __gnu_thumb1_case_uhi
 .text          0x02002a2c      0x11c C:/Users/Lvl3Mage/Documents/DevkitPro/devkitARM/bin/../lib/gcc/arm-none-eabi/13.2.0/thumb\libgcc.a(_udivsi3.o)
                0x02002a2c                __aeabi_uidiv
                0x02002a2c                __udivsi3
                0x02002b28                __aeabi_uidivmod
 .text          0x02002b48       0x3c C:/Users/Lvl3Mage/Documents/DevkitPro/devkitARM/bin/../lib/gcc/arm-none-eabi/13.2.0/thumb\libgcc.a(_aeabi_uldivmod.o)
                0x02002b48                __aeabi_uldivmod
 .text          0x02002b84       0x28 C:/Users/Lvl3Mage/Documents/DevkitPro/devkitARM/bin/../lib/gcc/arm-none-eabi/13.2.0/thumb\libgcc.a(_clzdi2.o)
                0x02002b84                __clzdi2
 .text          0x02002bac       0x48 C:/Users/Lvl3Mage/Documents/DevkitPro/devkitARM/bin/../lib/gcc/arm-none-eabi/13.2.0/thumb\libgcc.a(_clzsi2.o)
                0x02002bac                __clzsi2
 *(EXCLUDE_FILE(*.twl* *.vectors* *.itcm*) .stub)
 *(EXCLUDE_FILE(*.twl* *.vectors* *.itcm*) .text.*)
 .text.__do_global_dtors_aux
                0x02002bf4       0x2c C:/Users/Lvl3Mage/Documents/DevkitPro/devkitARM/bin/../lib/gcc/arm-none-eabi/13.2.0/thumb/crtbegin.o
 .text.frame_dummy
                0x02002c20       0x24 C:/Users/Lvl3Mage/Documents/DevkitPro/devkitARM/bin/../lib/gcc/arm-none-eabi/13.2.0/thumb/crtbegin.o
 .text._ZNSt15_Sp_counted_ptrIDnLN9__gnu_cxx12_Lock_policyE1EE10_M_disposeEv
                0x02002c44        0x4 cameracontroller.o
                0x02002c44                std::_Sp_counted_ptr<decltype(nullptr), (__gnu_cxx::_Lock_policy)1>::_M_dispose()
 .text._ZNSt16_Sp_counted_baseILN9__gnu_cxx12_Lock_policyE1EE10_M_destroyEv
                0x02002c48        0xc cameracontroller.o
                0x02002c48                std::_Sp_counted_base<(__gnu_cxx::_Lock_policy)1>::_M_destroy()
 .text.startup  0x02002c54       0x6c main.o
                0x02002c54                main
 .text.exit     0x02002cc0       0x14 main.o
 .text._ZNSt23_Sp_counted_ptr_inplaceI6PlayerSaIvELN9__gnu_cxx12_Lock_policyE1EED2Ev
                0x02002cd4        0x4 scene.o
                0x02002cd4                std::_Sp_counted_ptr_inplace<Player, std::allocator<void>, (__gnu_cxx::_Lock_policy)1>::~_Sp_counted_ptr_inplace()
                0x02002cd4                std::_Sp_counted_ptr_inplace<Player, std::allocator<void>, (__gnu_cxx::_Lock_policy)1>::~_Sp_counted_ptr_inplace()
 .text._ZNSt23_Sp_counted_ptr_inplaceI6PlayerSaIvELN9__gnu_cxx12_Lock_policyE1EE10_M_disposeEv
                0x02002cd8        0x4 scene.o
                0x02002cd8                std::_Sp_counted_ptr_inplace<Player, std::allocator<void>, (__gnu_cxx::_Lock_policy)1>::_M_dispose()
 .text._ZNSt23_Sp_counted_ptr_inplaceI6PlayerSaIvELN9__gnu_cxx12_Lock_policyE1EED0Ev
                0x02002cdc       0x10 scene.o
                0x02002cdc                std::_Sp_counted_ptr_inplace<Player, std::allocator<void>, (__gnu_cxx::_Lock_policy)1>::~_Sp_counted_ptr_inplace()
 .text._ZNSt23_Sp_counted_ptr_inplaceI6PlayerSaIvELN9__gnu_cxx12_Lock_policyE1EE14_M_get_deleterERKSt9type_info
                0x02002cec       0x24 scene.o
                0x02002cec                std::_Sp_counted_ptr_inplace<Player, std::allocator<void>, (__gnu_cxx::_Lock_policy)1>::_M_get_deleter(std::type_info const&)
 .text._ZNSt23_Sp_counted_ptr_inplaceI6PlayerSaIvELN9__gnu_cxx12_Lock_policyE1EE10_M_destroyEv
                0x02002d10        0xc scene.o
                0x02002d10                std::_Sp_counted_ptr_inplace<Player, std::allocator<void>, (__gnu_cxx::_Lock_policy)1>::_M_destroy()
 .text._ZNSt6vectorISt10shared_ptrI6PlayerESaIS2_EE17_M_realloc_insertIJS2_EEEvN9__gnu_cxx17__normal_iteratorIPS2_S4_EEDpOT_
                0x02002d1c      0x11c scene.o
                0x02002d1c                void std::vector<std::shared_ptr<Player>, std::allocator<std::shared_ptr<Player> > >::_M_realloc_insert<std::shared_ptr<Player> >(__gnu_cxx::__normal_iterator<std::shared_ptr<Player>*, std::vector<std::shared_ptr<Player>, std::allocator<std::shared_ptr<Player> > > >, std::shared_ptr<Player>&&)
 .text.newRow   0x02002e38       0xa8 C:/Users/Lvl3Mage/Documents/DevkitPro/libnds/lib\libnds9.a(console.o)
 .text.consolePrintChar
                0x02002ee0       0xe0 C:/Users/Lvl3Mage/Documents/DevkitPro/libnds/lib\libnds9.a(console.o)
                0x02002ee0                consolePrintChar
 .text.con_write
                0x02002fc0      0x36c C:/Users/Lvl3Mage/Documents/DevkitPro/libnds/lib\libnds9.a(console.o)
                0x02002fc0                con_write
 .text.consoleLoadFont
                0x0200332c      0x2a0 C:/Users/Lvl3Mage/Documents/DevkitPro/libnds/lib\libnds9.a(console.o)
                0x0200332c                consoleLoadFont
 .text.consoleInit
                0x020035cc      0x18c C:/Users/Lvl3Mage/Documents/DevkitPro/libnds/lib\libnds9.a(console.o)
                0x020035cc                consoleInit
 .text.consoleDemoInit
                0x02003758       0x40 C:/Users/Lvl3Mage/Documents/DevkitPro/libnds/lib\libnds9.a(console.o)
                0x02003758                consoleDemoInit
 .text.scanKeys
                0x02003798       0x8c C:/Users/Lvl3Mage/Documents/DevkitPro/libnds/lib\libnds9.a(keys.o)
                0x02003798                scanKeys
 .text.keysCurrent
                0x02003824       0x38 C:/Users/Lvl3Mage/Documents/DevkitPro/libnds/lib\libnds9.a(keys.o)
                0x02003824                keysCurrent
 .text.__syscall_gettod_r
                0x0200385c       0x28 C:/Users/Lvl3Mage/Documents/DevkitPro/libnds/lib\libnds9.a(initSystem.o)
                0x0200385c                __syscall_gettod_r
 .text.__syscall_exit
                0x02003884        0x8 C:/Users/Lvl3Mage/Documents/DevkitPro/libnds/lib\libnds9.a(initSystem.o)
                0x02003884                __syscall_exit
 .text.initSystem
                0x0200388c      0x180 C:/Users/Lvl3Mage/Documents/DevkitPro/libnds/lib\libnds9.a(initSystem.o)
                0x0200388c                initSystem
 .text.irqDummy
                0x02003a0c        0x4 C:/Users/Lvl3Mage/Documents/DevkitPro/libnds/lib\libnds9.a(interrupts.o)
                0x02003a0c                irqDummy
 .text.irqSet   0x02003a10       0x6c C:/Users/Lvl3Mage/Documents/DevkitPro/libnds/lib\libnds9.a(interrupts.o)
                0x02003a10                irqSet
 .text.irqInit  0x02003a7c       0x50 C:/Users/Lvl3Mage/Documents/DevkitPro/libnds/lib\libnds9.a(interrupts.o)
                0x02003a7c                irqInit
 .text.irqEnable
                0x02003acc       0x64 C:/Users/Lvl3Mage/Documents/DevkitPro/libnds/lib\libnds9.a(interrupts.o)
                0x02003acc                irqEnable
 .text.systemErrorExit
                0x02003b30        0x4 C:/Users/Lvl3Mage/Documents/DevkitPro/libnds/lib\libnds9.a(libnds_exit.arm.o)
                0x02003b30                systemErrorExit
 .text.__libnds_exit
                0x02003b34       0x5c C:/Users/Lvl3Mage/Documents/DevkitPro/libnds/lib\libnds9.a(libnds_exit.arm.o)
                0x02003b34                __libnds_exit
 .text.fifo_queueBlock
                0x02003b90       0x44 C:/Users/Lvl3Mage/Documents/DevkitPro/libnds/lib\libnds9.a(fifosystem.o)
 .text.fifo_waitBlock
                0x02003bd4       0x80 C:/Users/Lvl3Mage/Documents/DevkitPro/libnds/lib\libnds9.a(fifosystem.o)
 .text.fifoInternalSend.part.0
                0x02003c54       0xd4 C:/Users/Lvl3Mage/Documents/DevkitPro/libnds/lib\libnds9.a(fifosystem.o)
 .text.fifoInternalSendInterrupt
                0x02003d28       0xb0 C:/Users/Lvl3Mage/Documents/DevkitPro/libnds/lib\libnds9.a(fifosystem.o)
 .text.fifoSetValue32Handler
                0x02003dd8       0xd4 C:/Users/Lvl3Mage/Documents/DevkitPro/libnds/lib\libnds9.a(fifosystem.o)
                0x02003dd8                fifoSetValue32Handler
 .text.fifoSendValue32
                0x02003eac       0x4c C:/Users/Lvl3Mage/Documents/DevkitPro/libnds/lib\libnds9.a(fifosystem.o)
                0x02003eac                fifoSendValue32
 .text.fifoGetDatamsg
                0x02003ef8       0xf4 C:/Users/Lvl3Mage/Documents/DevkitPro/libnds/lib\libnds9.a(fifosystem.o)
                0x02003ef8                fifoGetDatamsg
 .text.fifoInternalRecvInterrupt
                0x02003fec      0x37c C:/Users/Lvl3Mage/Documents/DevkitPro/libnds/lib\libnds9.a(fifosystem.o)
 .text.fifoSetDatamsgHandler
                0x02004368       0x9c C:/Users/Lvl3Mage/Documents/DevkitPro/libnds/lib\libnds9.a(fifosystem.o)
                0x02004368                fifoSetDatamsgHandler
 .text.fifoInit
                0x02004404      0x108 C:/Users/Lvl3Mage/Documents/DevkitPro/libnds/lib\libnds9.a(fifosystem.o)
                0x02004404                fifoInit
 .text.__libnds_mpu_setup
                0x0200450c      0x174 C:/Users/Lvl3Mage/Documents/DevkitPro/libnds/lib\libnds9.a(mpu_setup.o)
                0x0200450c                __libnds_mpu_setup
 .text.memUncached
                0x02004680       0x20 C:/Users/Lvl3Mage/Documents/DevkitPro/libnds/lib\libnds9.a(mpu_setup.o)
                0x02004680                memUncached
 .text.swiWaitForVBlank
                0x020046a0        0x8 C:/Users/Lvl3Mage/Documents/DevkitPro/libnds/lib\libnds9.a(IntrWait.o)
                0x020046a0                swiWaitForVBlank
 .text.swiIntrWait
                0x020046a8       0x70 C:/Users/Lvl3Mage/Documents/DevkitPro/libnds/lib\libnds9.a(IntrWait.o)
                0x020046a8                swiIntrWait
 .text.setCpuClock
                0x02004718       0x50 C:/Users/Lvl3Mage/Documents/DevkitPro/libnds/lib\libnds9.a(cpu_clock.o)
                0x02004718                setCpuClock
 .text.swiSoftReset
                0x02004768       0x2c C:/Users/Lvl3Mage/Documents/DevkitPro/libnds/lib\libnds9.a(swiSoftReset.o)
                0x02004768                swiSoftReset
 .text.checkIfText
                0x02004794       0x5c C:/Users/Lvl3Mage/Documents/DevkitPro/libnds/lib\libnds9.a(background.o)
                0x02004794                checkIfText
 .text.bgUpdate
                0x020047f0       0xf4 C:/Users/Lvl3Mage/Documents/DevkitPro/libnds/lib\libnds9.a(background.o)
                0x020047f0                bgUpdate
 .text.bgInit_call
                0x020048e4       0xc4 C:/Users/Lvl3Mage/Documents/DevkitPro/libnds/lib\libnds9.a(background.o)
                0x020048e4                bgInit_call
 .text.bgInitSub_call
                0x020049a8       0xcc C:/Users/Lvl3Mage/Documents/DevkitPro/libnds/lib\libnds9.a(background.o)
                0x020049a8                bgInitSub_call
 .text.sinLutLookup
                0x02004a74       0x4c C:/Users/Lvl3Mage/Documents/DevkitPro/libnds/lib\libnds9.a(trig.o)
                0x02004a74                sinLutLookup
 .text.sinLerp  0x02004ac0       0x40 C:/Users/Lvl3Mage/Documents/DevkitPro/libnds/lib\libnds9.a(trig.o)
                0x02004ac0                sinLerp
 .text.cosLerp  0x02004b00       0x4c C:/Users/Lvl3Mage/Documents/DevkitPro/libnds/lib\libnds9.a(trig.o)
                0x02004b00                cosLerp
 .text.vramDefault
                0x02004b4c       0xd0 C:/Users/Lvl3Mage/Documents/DevkitPro/libnds/lib\libnds9.a(video.o)
                0x02004b4c                vramDefault
 .text.systemValueHandler
                0x02004c1c       0x48 C:/Users/Lvl3Mage/Documents/DevkitPro/libnds/lib\libnds9.a(system.o)
                0x02004c1c                systemValueHandler
 .text.systemMsgHandler
                0x02004c64       0x60 C:/Users/Lvl3Mage/Documents/DevkitPro/libnds/lib\libnds9.a(system.o)
                0x02004c64                systemMsgHandler
 .text.powerOn  0x02004cc4       0x2c C:/Users/Lvl3Mage/Documents/DevkitPro/libnds/lib\libnds9.a(system.o)
                0x02004cc4                powerOn
 .text.swiDelay
                0x02004cf0        0x4 C:/Users/Lvl3Mage/Documents/DevkitPro/libnds/lib\libnds9.a(biosCalls.o)
                0x02004cf0                swiDelay
 .text._ZNK9__gnu_cxx24__concurrence_lock_error4whatEv
                0x02004cf4        0x8 C:/Users/Lvl3Mage/Documents/DevkitPro/devkitARM/bin/../lib/gcc/arm-none-eabi/13.2.0/../../../../arm-none-eabi/lib/thumb\libstdc++.a(atomicity.o)
                0x02004cf4                __gnu_cxx::__concurrence_lock_error::what() const
 .text._ZNK9__gnu_cxx26__concurrence_unlock_error4whatEv
                0x02004cfc        0x8 C:/Users/Lvl3Mage/Documents/DevkitPro/devkitARM/bin/../lib/gcc/arm-none-eabi/13.2.0/../../../../arm-none-eabi/lib/thumb\libstdc++.a(atomicity.o)
                0x02004cfc                __gnu_cxx::__concurrence_unlock_error::what() const
 .text._ZN9__gnu_cxx24__concurrence_lock_errorD2Ev
                0x02004d04       0x18 C:/Users/Lvl3Mage/Documents/DevkitPro/devkitARM/bin/../lib/gcc/arm-none-eabi/13.2.0/../../../../arm-none-eabi/lib/thumb\libstdc++.a(atomicity.o)
                0x02004d04                __gnu_cxx::__concurrence_lock_error::~__concurrence_lock_error()
                0x02004d04                __gnu_cxx::__concurrence_lock_error::~__concurrence_lock_error()
 .text._ZN9__gnu_cxx24__concurrence_lock_errorD0Ev
                0x02004d1c       0x20 C:/Users/Lvl3Mage/Documents/DevkitPro/devkitARM/bin/../lib/gcc/arm-none-eabi/13.2.0/../../../../arm-none-eabi/lib/thumb\libstdc++.a(atomicity.o)
                0x02004d1c                __gnu_cxx::__concurrence_lock_error::~__concurrence_lock_error()
 .text._ZN9__gnu_cxx26__concurrence_unlock_errorD2Ev
                0x02004d3c       0x18 C:/Users/Lvl3Mage/Documents/DevkitPro/devkitARM/bin/../lib/gcc/arm-none-eabi/13.2.0/../../../../arm-none-eabi/lib/thumb\libstdc++.a(atomicity.o)
                0x02004d3c                __gnu_cxx::__concurrence_unlock_error::~__concurrence_unlock_error()
                0x02004d3c                __gnu_cxx::__concurrence_unlock_error::~__concurrence_unlock_error()
 .text._ZN9__gnu_cxx26__concurrence_unlock_errorD0Ev
                0x02004d54       0x20 C:/Users/Lvl3Mage/Documents/DevkitPro/devkitARM/bin/../lib/gcc/arm-none-eabi/13.2.0/../../../../arm-none-eabi/lib/thumb\libstdc++.a(atomicity.o)
                0x02004d54                __gnu_cxx::__concurrence_unlock_error::~__concurrence_unlock_error()
 .text._ZN9__gnu_cxx18__exchange_and_addEPVii
                0x02004d74       0x9c C:/Users/Lvl3Mage/Documents/DevkitPro/devkitARM/bin/../lib/gcc/arm-none-eabi/13.2.0/../../../../arm-none-eabi/lib/thumb\libstdc++.a(atomicity.o)
                0x02004d74                __gnu_cxx::__exchange_and_add(int volatile*, int)
 .text._ZN9__gnu_cxx12__atomic_addEPVii
                0x02004e10        0xc C:/Users/Lvl3Mage/Documents/DevkitPro/devkitARM/bin/../lib/gcc/arm-none-eabi/13.2.0/../../../../arm-none-eabi/lib/thumb\libstdc++.a(atomicity.o)
                0x02004e10                __gnu_cxx::__atomic_add(int volatile*, int)
 .text._ZdlPvj  0x02004e1c        0xc C:/Users/Lvl3Mage/Documents/DevkitPro/devkitARM/bin/../lib/gcc/arm-none-eabi/13.2.0/../../../../arm-none-eabi/lib/thumb\libstdc++.a(del_ops.o)
                0x02004e1c                operator delete(void*, unsigned int)
 .text.unlikely._ZN9__gnu_cxx30__throw_concurrence_lock_errorEv
                0x02004e28       0x20 C:/Users/Lvl3Mage/Documents/DevkitPro/devkitARM/bin/../lib/gcc/arm-none-eabi/13.2.0/../../../../arm-none-eabi/lib/thumb\libstdc++.a(eh_alloc.o)
                0x02004e28                __gnu_cxx::__throw_concurrence_lock_error()
 .text.unlikely._ZN9__gnu_cxx32__throw_concurrence_unlock_errorEv
                0x02004e48       0x20 C:/Users/Lvl3Mage/Documents/DevkitPro/devkitARM/bin/../lib/gcc/arm-none-eabi/13.2.0/../../../../arm-none-eabi/lib/thumb\libstdc++.a(eh_alloc.o)
                0x02004e48                __gnu_cxx::__throw_concurrence_unlock_error()
 .text._ZN12_GLOBAL__N_14pool4freeEPv.constprop.0
                0x02004e68       0xa8 C:/Users/Lvl3Mage/Documents/DevkitPro/devkitARM/bin/../lib/gcc/arm-none-eabi/13.2.0/../../../../arm-none-eabi/lib/thumb\libstdc++.a(eh_alloc.o)
 .text._ZN12_GLOBAL__N_14pool8allocateEj.constprop.0
                0x02004f10       0x84 C:/Users/Lvl3Mage/Documents/DevkitPro/devkitARM/bin/../lib/gcc/arm-none-eabi/13.2.0/../../../../arm-none-eabi/lib/thumb\libstdc++.a(eh_alloc.o)
 .text.__cxa_allocate_exception
                0x02004f94       0x30 C:/Users/Lvl3Mage/Documents/DevkitPro/devkitARM/bin/../lib/gcc/arm-none-eabi/13.2.0/../../../../arm-none-eabi/lib/thumb\libstdc++.a(eh_alloc.o)
                0x02004f94                __cxa_allocate_exception
 .text.__cxa_free_exception
                0x02004fc4       0x28 C:/Users/Lvl3Mage/Documents/DevkitPro/devkitARM/bin/../lib/gcc/arm-none-eabi/13.2.0/../../../../arm-none-eabi/lib/thumb\libstdc++.a(eh_alloc.o)
                0x02004fc4                __cxa_free_exception
 .text.startup._GLOBAL__sub_I__ZN9__gnu_cxx9__freeresEv
                0x02004fec      0x120 C:/Users/Lvl3Mage/Documents/DevkitPro/devkitARM/bin/../lib/gcc/arm-none-eabi/13.2.0/../../../../arm-none-eabi/lib/thumb\libstdc++.a(eh_alloc.o)
 .text._ZNSt9exceptionD2Ev
                0x0200510c        0x4 C:/Users/Lvl3Mage/Documents/DevkitPro/devkitARM/bin/../lib/gcc/arm-none-eabi/13.2.0/../../../../arm-none-eabi/lib/thumb\libstdc++.a(eh_exception.o)
                0x0200510c                std::exception::~exception()
                0x0200510c                std::exception::~exception()
 .text._ZNSt13bad_exceptionD2Ev
                0x02005110        0x4 C:/Users/Lvl3Mage/Documents/DevkitPro/devkitARM/bin/../lib/gcc/arm-none-eabi/13.2.0/../../../../arm-none-eabi/lib/thumb\libstdc++.a(eh_exception.o)
                0x02005110                std::bad_exception::~bad_exception()
                0x02005110                std::bad_exception::~bad_exception()
 .text._ZNKSt9exception4whatEv
                0x02005114        0x8 C:/Users/Lvl3Mage/Documents/DevkitPro/devkitARM/bin/../lib/gcc/arm-none-eabi/13.2.0/../../../../arm-none-eabi/lib/thumb\libstdc++.a(eh_exception.o)
                0x02005114                std::exception::what() const
                0x02005114                transaction clone for std::exception::what() const
 .text._ZNKSt13bad_exception4whatEv
                0x0200511c        0x8 C:/Users/Lvl3Mage/Documents/DevkitPro/devkitARM/bin/../lib/gcc/arm-none-eabi/13.2.0/../../../../arm-none-eabi/lib/thumb\libstdc++.a(eh_exception.o)
                0x0200511c                std::bad_exception::what() const
                0x0200511c                transaction clone for std::bad_exception::what() const
 .text._ZNSt13bad_exceptionD0Ev
                0x02005124       0x14 C:/Users/Lvl3Mage/Documents/DevkitPro/devkitARM/bin/../lib/gcc/arm-none-eabi/13.2.0/../../../../arm-none-eabi/lib/thumb\libstdc++.a(eh_exception.o)
                0x02005124                std::bad_exception::~bad_exception()
 .text._ZL28read_encoded_value_with_basehjPKhPj
                0x02005138      0x104 C:/Users/Lvl3Mage/Documents/DevkitPro/devkitARM/bin/../lib/gcc/arm-none-eabi/13.2.0/../../../../arm-none-eabi/lib/thumb\libstdc++.a(eh_personality.o)
 .text._ZL21base_of_encoded_valuehP15_Unwind_Context
                0x0200523c       0x44 C:/Users/Lvl3Mage/Documents/DevkitPro/devkitARM/bin/../lib/gcc/arm-none-eabi/13.2.0/../../../../arm-none-eabi/lib/thumb\libstdc++.a(eh_personality.o)
 .text._ZL17parse_lsda_headerP15_Unwind_ContextPKhP16lsda_header_info
                0x02005280       0x94 C:/Users/Lvl3Mage/Documents/DevkitPro/devkitARM/bin/../lib/gcc/arm-none-eabi/13.2.0/../../../../arm-none-eabi/lib/thumb\libstdc++.a(eh_personality.o)
 .text.__gxx_personality_v0
                0x02005314      0x490 C:/Users/Lvl3Mage/Documents/DevkitPro/devkitARM/bin/../lib/gcc/arm-none-eabi/13.2.0/../../../../arm-none-eabi/lib/thumb\libstdc++.a(eh_personality.o)
                0x02005314                __gxx_personality_v0
 .text._ZN10__cxxabiv111__terminateEPFvvE
                0x020057a4       0x14 C:/Users/Lvl3Mage/Documents/DevkitPro/devkitARM/bin/../lib/gcc/arm-none-eabi/13.2.0/../../../../arm-none-eabi/lib/thumb\libstdc++.a(eh_terminate.o)
                0x020057a4                __cxxabiv1::__terminate(void (*)())
 .text._ZSt13get_terminatev
                0x020057b8       0x40 C:/Users/Lvl3Mage/Documents/DevkitPro/devkitARM/bin/../lib/gcc/arm-none-eabi/13.2.0/../../../../arm-none-eabi/lib/thumb\libstdc++.a(eh_terminate.o)
                0x020057b8                std::get_terminate()
 .text._ZSt9terminatev
                0x020057f8        0xc C:/Users/Lvl3Mage/Documents/DevkitPro/devkitARM/bin/../lib/gcc/arm-none-eabi/13.2.0/../../../../arm-none-eabi/lib/thumb\libstdc++.a(eh_terminate.o)
                0x020057f8                std::terminate()
 .text._ZN10__cxxabiv112__unexpectedEPFvvE
                0x02005804        0xc C:/Users/Lvl3Mage/Documents/DevkitPro/devkitARM/bin/../lib/gcc/arm-none-eabi/13.2.0/../../../../arm-none-eabi/lib/thumb\libstdc++.a(eh_terminate.o)
                0x02005804                __cxxabiv1::__unexpected(void (*)())
 .text._ZSt14get_unexpectedv
                0x02005810       0x40 C:/Users/Lvl3Mage/Documents/DevkitPro/devkitARM/bin/../lib/gcc/arm-none-eabi/13.2.0/../../../../arm-none-eabi/lib/thumb\libstdc++.a(eh_terminate.o)
                0x02005810                std::get_unexpected()
 .text._ZSt10unexpectedv
                0x02005850        0xc C:/Users/Lvl3Mage/Documents/DevkitPro/devkitARM/bin/../lib/gcc/arm-none-eabi/13.2.0/../../../../arm-none-eabi/lib/thumb\libstdc++.a(eh_terminate.o)
                0x02005850                std::unexpected()
 .text.startup._GLOBAL__sub_I__ZN10__cxxabiv111__terminateEPFvvE
                0x0200585c       0x18 C:/Users/Lvl3Mage/Documents/DevkitPro/devkitARM/bin/../lib/gcc/arm-none-eabi/13.2.0/../../../../arm-none-eabi/lib/thumb\libstdc++.a(eh_terminate.o)
 .text._ZL23__gxx_exception_cleanup19_Unwind_Reason_CodeP21_Unwind_Control_Block
                0x02005874       0x58 C:/Users/Lvl3Mage/Documents/DevkitPro/devkitARM/bin/../lib/gcc/arm-none-eabi/13.2.0/../../../../arm-none-eabi/lib/thumb\libstdc++.a(eh_throw.o)
 .text.__cxa_init_primary_exception
                0x020058cc       0x50 C:/Users/Lvl3Mage/Documents/DevkitPro/devkitARM/bin/../lib/gcc/arm-none-eabi/13.2.0/../../../../arm-none-eabi/lib/thumb\libstdc++.a(eh_throw.o)
                0x020058cc                __cxa_init_primary_exception
 .text.__cxa_throw
                0x0200591c       0x34 C:/Users/Lvl3Mage/Documents/DevkitPro/devkitARM/bin/../lib/gcc/arm-none-eabi/13.2.0/../../../../arm-none-eabi/lib/thumb\libstdc++.a(eh_throw.o)
                0x0200591c                __cxa_throw
 .text.__cxa_rethrow
                0x02005950       0x70 C:/Users/Lvl3Mage/Documents/DevkitPro/devkitARM/bin/../lib/gcc/arm-none-eabi/13.2.0/../../../../arm-none-eabi/lib/thumb\libstdc++.a(eh_throw.o)
                0x02005950                __cxa_rethrow
 .text._ZNK9__gnu_cxx29__concurrence_broadcast_error4whatEv
                0x020059c0        0x8 C:/Users/Lvl3Mage/Documents/DevkitPro/devkitARM/bin/../lib/gcc/arm-none-eabi/13.2.0/../../../../arm-none-eabi/lib/thumb\libstdc++.a(guard.o)
                0x020059c0                __gnu_cxx::__concurrence_broadcast_error::what() const
 .text._ZNK9__gnu_cxx24__concurrence_wait_error4whatEv
                0x020059c8        0x8 C:/Users/Lvl3Mage/Documents/DevkitPro/devkitARM/bin/../lib/gcc/arm-none-eabi/13.2.0/../../../../arm-none-eabi/lib/thumb\libstdc++.a(guard.o)
                0x020059c8                __gnu_cxx::__concurrence_wait_error::what() const
 .text._ZN12_GLOBAL__N_1L4initEv
                0x020059d0       0x20 C:/Users/Lvl3Mage/Documents/DevkitPro/devkitARM/bin/../lib/gcc/arm-none-eabi/13.2.0/../../../../arm-none-eabi/lib/thumb\libstdc++.a(guard.o)
 .text._ZN12_GLOBAL__N_1L16init_static_condEv
                0x020059f0       0x18 C:/Users/Lvl3Mage/Documents/DevkitPro/devkitARM/bin/../lib/gcc/arm-none-eabi/13.2.0/../../../../arm-none-eabi/lib/thumb\libstdc++.a(guard.o)
 .text._ZN9__gnu_cxx24__concurrence_wait_errorD2Ev
                0x02005a08       0x18 C:/Users/Lvl3Mage/Documents/DevkitPro/devkitARM/bin/../lib/gcc/arm-none-eabi/13.2.0/../../../../arm-none-eabi/lib/thumb\libstdc++.a(guard.o)
                0x02005a08                __gnu_cxx::__concurrence_wait_error::~__concurrence_wait_error()
                0x02005a08                __gnu_cxx::__concurrence_wait_error::~__concurrence_wait_error()
 .text._ZN9__gnu_cxx24__concurrence_wait_errorD0Ev
                0x02005a20       0x20 C:/Users/Lvl3Mage/Documents/DevkitPro/devkitARM/bin/../lib/gcc/arm-none-eabi/13.2.0/../../../../arm-none-eabi/lib/thumb\libstdc++.a(guard.o)
                0x02005a20                __gnu_cxx::__concurrence_wait_error::~__concurrence_wait_error()
 .text._ZN9__gnu_cxx29__concurrence_broadcast_errorD2Ev
                0x02005a40       0x18 C:/Users/Lvl3Mage/Documents/DevkitPro/devkitARM/bin/../lib/gcc/arm-none-eabi/13.2.0/../../../../arm-none-eabi/lib/thumb\libstdc++.a(guard.o)
                0x02005a40                __gnu_cxx::__concurrence_broadcast_error::~__concurrence_broadcast_error()
                0x02005a40                __gnu_cxx::__concurrence_broadcast_error::~__concurrence_broadcast_error()
 .text._ZN9__gnu_cxx29__concurrence_broadcast_errorD0Ev
                0x02005a58       0x20 C:/Users/Lvl3Mage/Documents/DevkitPro/devkitARM/bin/../lib/gcc/arm-none-eabi/13.2.0/../../../../arm-none-eabi/lib/thumb\libstdc++.a(guard.o)
                0x02005a58                __gnu_cxx::__concurrence_broadcast_error::~__concurrence_broadcast_error()
 .text.unlikely._ZN9__gnu_cxx35__throw_concurrence_broadcast_errorEv
                0x02005a78       0x20 C:/Users/Lvl3Mage/Documents/DevkitPro/devkitARM/bin/../lib/gcc/arm-none-eabi/13.2.0/../../../../arm-none-eabi/lib/thumb\libstdc++.a(guard.o)
                0x02005a78                __gnu_cxx::__throw_concurrence_broadcast_error()
 .text.__cxa_guard_acquire
                0x02005a98      0x12c C:/Users/Lvl3Mage/Documents/DevkitPro/devkitARM/bin/../lib/gcc/arm-none-eabi/13.2.0/../../../../arm-none-eabi/lib/thumb\libstdc++.a(guard.o)
                0x02005a98                __cxa_guard_acquire
 .text.__cxa_guard_release
                0x02005bc4       0x80 C:/Users/Lvl3Mage/Documents/DevkitPro/devkitARM/bin/../lib/gcc/arm-none-eabi/13.2.0/../../../../arm-none-eabi/lib/thumb\libstdc++.a(guard.o)
                0x02005bc4                __cxa_guard_release
 .text._ZN9__gnu_cxx20recursive_init_errorD2Ev
                0x02005c44       0x18 C:/Users/Lvl3Mage/Documents/DevkitPro/devkitARM/bin/../lib/gcc/arm-none-eabi/13.2.0/../../../../arm-none-eabi/lib/thumb\libstdc++.a(guard_error.o)
                0x02005c44                __gnu_cxx::recursive_init_error::~recursive_init_error()
                0x02005c44                __gnu_cxx::recursive_init_error::~recursive_init_error()
 .text._ZN9__gnu_cxx20recursive_init_errorD0Ev
                0x02005c5c       0x20 C:/Users/Lvl3Mage/Documents/DevkitPro/devkitARM/bin/../lib/gcc/arm-none-eabi/13.2.0/../../../../arm-none-eabi/lib/thumb\libstdc++.a(guard_error.o)
                0x02005c5c                __gnu_cxx::recursive_init_error::~recursive_init_error()
 .text._ZN9__gnu_cxx20recursive_init_errorC2Ev
                0x02005c7c        0xc C:/Users/Lvl3Mage/Documents/DevkitPro/devkitARM/bin/../lib/gcc/arm-none-eabi/13.2.0/../../../../arm-none-eabi/lib/thumb\libstdc++.a(guard_error.o)
                0x02005c7c                __gnu_cxx::recursive_init_error::recursive_init_error()
                0x02005c7c                __gnu_cxx::recursive_init_error::recursive_init_error()
 .text._Znwj    0x02005c88       0x48 C:/Users/Lvl3Mage/Documents/DevkitPro/devkitARM/bin/../lib/gcc/arm-none-eabi/13.2.0/../../../../arm-none-eabi/lib/thumb\libstdc++.a(new_op.o)
                0x02005c88                operator new(unsigned int)
 .text._ZN10__cxxabiv120__si_class_type_infoD2Ev
                0x02005cd0       0x18 C:/Users/Lvl3Mage/Documents/DevkitPro/devkitARM/bin/../lib/gcc/arm-none-eabi/13.2.0/../../../../arm-none-eabi/lib/thumb\libstdc++.a(si_class_type_info.o)
                0x02005cd0                __cxxabiv1::__si_class_type_info::~__si_class_type_info()
                0x02005cd0                __cxxabiv1::__si_class_type_info::~__si_class_type_info()
 .text._ZN10__cxxabiv120__si_class_type_infoD0Ev
                0x02005ce8       0x20 C:/Users/Lvl3Mage/Documents/DevkitPro/devkitARM/bin/../lib/gcc/arm-none-eabi/13.2.0/../../../../arm-none-eabi/lib/thumb\libstdc++.a(si_class_type_info.o)
                0x02005ce8                __cxxabiv1::__si_class_type_info::~__si_class_type_info()
 .text._ZNK10__cxxabiv120__si_class_type_info12__do_dyncastEiNS_17__class_type_info10__sub_kindEPKS1_PKvS4_S6_RNS1_16__dyncast_resultE
                0x02005d08       0xd8 C:/Users/Lvl3Mage/Documents/DevkitPro/devkitARM/bin/../lib/gcc/arm-none-eabi/13.2.0/../../../../arm-none-eabi/lib/thumb\libstdc++.a(si_class_type_info.o)
                0x02005d08                __cxxabiv1::__si_class_type_info::__do_dyncast(int, __cxxabiv1::__class_type_info::__sub_kind, __cxxabiv1::__class_type_info const*, void const*, __cxxabiv1::__class_type_info const*, void const*, __cxxabiv1::__class_type_info::__dyncast_result&) const
 .text._ZNK10__cxxabiv120__si_class_type_info20__do_find_public_srcEiPKvPKNS_17__class_type_infoES2_
                0x02005de0       0x5c C:/Users/Lvl3Mage/Documents/DevkitPro/devkitARM/bin/../lib/gcc/arm-none-eabi/13.2.0/../../../../arm-none-eabi/lib/thumb\libstdc++.a(si_class_type_info.o)
                0x02005de0                __cxxabiv1::__si_class_type_info::__do_find_public_src(int, void const*, __cxxabiv1::__class_type_info const*, void const*) const
 .text._ZNK10__cxxabiv120__si_class_type_info11__do_upcastEPKNS_17__class_type_infoEPKvRNS1_15__upcast_resultE
                0x02005e3c       0x2c C:/Users/Lvl3Mage/Documents/DevkitPro/devkitARM/bin/../lib/gcc/arm-none-eabi/13.2.0/../../../../arm-none-eabi/lib/thumb\libstdc++.a(si_class_type_info.o)
                0x02005e3c                __cxxabiv1::__si_class_type_info::__do_upcast(__cxxabiv1::__class_type_info const*, void const*, __cxxabiv1::__class_type_info::__upcast_result&) const
 .text._ZNSt9type_infoD2Ev
                0x02005e68        0x4 C:/Users/Lvl3Mage/Documents/DevkitPro/devkitARM/bin/../lib/gcc/arm-none-eabi/13.2.0/../../../../arm-none-eabi/lib/thumb\libstdc++.a(tinfo.o)
                0x02005e68                std::type_info::~type_info()
                0x02005e68                std::type_info::~type_info()
 .text._ZNKSt9type_info14__is_pointer_pEv
                0x02005e6c        0x4 C:/Users/Lvl3Mage/Documents/DevkitPro/devkitARM/bin/../lib/gcc/arm-none-eabi/13.2.0/../../../../arm-none-eabi/lib/thumb\libstdc++.a(tinfo.o)
                0x02005e6c                std::type_info::__is_pointer_p() const
                0x02005e6c                std::type_info::__is_function_p() const
 .text.unlikely._ZSt28__throw_bad_array_new_lengthv
                0x02005e70       0x20 C:/Users/Lvl3Mage/Documents/DevkitPro/devkitARM/bin/../lib/gcc/arm-none-eabi/13.2.0/../../../../arm-none-eabi/lib/thumb\libstdc++.a(functexcept.o)
                0x02005e70                std::__throw_bad_array_new_length()
 .text.unlikely._ZSt19__throw_logic_errorPKc
                0x02005e90       0x30 C:/Users/Lvl3Mage/Documents/DevkitPro/devkitARM/bin/../lib/gcc/arm-none-eabi/13.2.0/../../../../arm-none-eabi/lib/thumb\libstdc++.a(functexcept.o)
                0x02005e90                std::__throw_logic_error(char const*)
 .text.unlikely._ZSt20__throw_length_errorPKc
                0x02005ec0       0x30 C:/Users/Lvl3Mage/Documents/DevkitPro/devkitARM/bin/../lib/gcc/arm-none-eabi/13.2.0/../../../../arm-none-eabi/lib/thumb\libstdc++.a(functexcept.o)
                0x02005ec0                std::__throw_length_error(char const*)
 .text._ZNSt19_Sp_make_shared_tag5_S_eqERKSt9type_info
                0x02005ef0       0x2c C:/Users/Lvl3Mage/Documents/DevkitPro/devkitARM/bin/../lib/gcc/arm-none-eabi/13.2.0/../../../../arm-none-eabi/lib/thumb\libstdc++.a(shared_ptr.o)
                0x02005ef0                std::_Sp_make_shared_tag::_S_eq(std::type_info const&)
 .text._ZNKSt9bad_alloc4whatEv
                0x02005f1c        0x8 C:/Users/Lvl3Mage/Documents/DevkitPro/devkitARM/bin/../lib/gcc/arm-none-eabi/13.2.0/../../../../arm-none-eabi/lib/thumb\libstdc++.a(bad_alloc.o)
                0x02005f1c                std::bad_alloc::what() const
 .text._ZNSt9bad_allocD2Ev
                0x02005f24       0x18 C:/Users/Lvl3Mage/Documents/DevkitPro/devkitARM/bin/../lib/gcc/arm-none-eabi/13.2.0/../../../../arm-none-eabi/lib/thumb\libstdc++.a(bad_alloc.o)
                0x02005f24                std::bad_alloc::~bad_alloc()
                0x02005f24                std::bad_alloc::~bad_alloc()
 .text._ZNSt9bad_allocD0Ev
                0x02005f3c       0x20 C:/Users/Lvl3Mage/Documents/DevkitPro/devkitARM/bin/../lib/gcc/arm-none-eabi/13.2.0/../../../../arm-none-eabi/lib/thumb\libstdc++.a(bad_alloc.o)
                0x02005f3c                std::bad_alloc::~bad_alloc()
 .text._ZNKSt20bad_array_new_length4whatEv
                0x02005f5c        0x8 C:/Users/Lvl3Mage/Documents/DevkitPro/devkitARM/bin/../lib/gcc/arm-none-eabi/13.2.0/../../../../arm-none-eabi/lib/thumb\libstdc++.a(bad_array_new.o)
                0x02005f5c                std::bad_array_new_length::what() const
 .text._ZNSt20bad_array_new_lengthD2Ev
                0x02005f64       0x18 C:/Users/Lvl3Mage/Documents/DevkitPro/devkitARM/bin/../lib/gcc/arm-none-eabi/13.2.0/../../../../arm-none-eabi/lib/thumb\libstdc++.a(bad_array_new.o)
                0x02005f64                std::bad_array_new_length::~bad_array_new_length()
                0x02005f64                std::bad_array_new_length::~bad_array_new_length()
 .text._ZNSt20bad_array_new_lengthD0Ev
                0x02005f7c       0x20 C:/Users/Lvl3Mage/Documents/DevkitPro/devkitARM/bin/../lib/gcc/arm-none-eabi/13.2.0/../../../../arm-none-eabi/lib/thumb\libstdc++.a(bad_array_new.o)
                0x02005f7c                std::bad_array_new_length::~bad_array_new_length()
 .text._ZNK10__cxxabiv117__class_type_info11__do_upcastEPKS0_PPv
                0x02005f9c       0x3c C:/Users/Lvl3Mage/Documents/DevkitPro/devkitARM/bin/../lib/gcc/arm-none-eabi/13.2.0/../../../../arm-none-eabi/lib/thumb\libstdc++.a(class_type_info.o)
                0x02005f9c                __cxxabiv1::__class_type_info::__do_upcast(__cxxabiv1::__class_type_info const*, void**) const
 .text._ZNK10__cxxabiv117__class_type_info20__do_find_public_srcEiPKvPKS0_S2_
                0x02005fd8       0x14 C:/Users/Lvl3Mage/Documents/DevkitPro/devkitARM/bin/../lib/gcc/arm-none-eabi/13.2.0/../../../../arm-none-eabi/lib/thumb\libstdc++.a(class_type_info.o)
                0x02005fd8                __cxxabiv1::__class_type_info::__do_find_public_src(int, void const*, __cxxabiv1::__class_type_info const*, void const*) const
 .text._ZN10__cxxabiv117__class_type_infoD2Ev
                0x02005fec       0x18 C:/Users/Lvl3Mage/Documents/DevkitPro/devkitARM/bin/../lib/gcc/arm-none-eabi/13.2.0/../../../../arm-none-eabi/lib/thumb\libstdc++.a(class_type_info.o)
                0x02005fec                __cxxabiv1::__class_type_info::~__class_type_info()
                0x02005fec                __cxxabiv1::__class_type_info::~__class_type_info()
 .text._ZN10__cxxabiv117__class_type_infoD0Ev
                0x02006004       0x20 C:/Users/Lvl3Mage/Documents/DevkitPro/devkitARM/bin/../lib/gcc/arm-none-eabi/13.2.0/../../../../arm-none-eabi/lib/thumb\libstdc++.a(class_type_info.o)
                0x02006004                __cxxabiv1::__class_type_info::~__class_type_info()
 .text._ZNK10__cxxabiv117__class_type_info11__do_upcastEPKS0_PKvRNS0_15__upcast_resultE
                0x02006024       0x3c C:/Users/Lvl3Mage/Documents/DevkitPro/devkitARM/bin/../lib/gcc/arm-none-eabi/13.2.0/../../../../arm-none-eabi/lib/thumb\libstdc++.a(class_type_info.o)
                0x02006024                __cxxabiv1::__class_type_info::__do_upcast(__cxxabiv1::__class_type_info const*, void const*, __cxxabiv1::__class_type_info::__upcast_result&) const
 .text._ZNK10__cxxabiv117__class_type_info10__do_catchEPKSt9type_infoPPvj
                0x02006060       0x54 C:/Users/Lvl3Mage/Documents/DevkitPro/devkitARM/bin/../lib/gcc/arm-none-eabi/13.2.0/../../../../arm-none-eabi/lib/thumb\libstdc++.a(class_type_info.o)
                0x02006060                __cxxabiv1::__class_type_info::__do_catch(std::type_info const*, void**, unsigned int) const
 .text._ZNK10__cxxabiv117__class_type_info12__do_dyncastEiNS0_10__sub_kindEPKS0_PKvS3_S5_RNS0_16__dyncast_resultE
                0x020060b4       0x80 C:/Users/Lvl3Mage/Documents/DevkitPro/devkitARM/bin/../lib/gcc/arm-none-eabi/13.2.0/../../../../arm-none-eabi/lib/thumb\libstdc++.a(class_type_info.o)
                0x020060b4                __cxxabiv1::__class_type_info::__do_dyncast(int, __cxxabiv1::__class_type_info::__sub_kind, __cxxabiv1::__class_type_info const*, void const*, __cxxabiv1::__class_type_info const*, void const*, __cxxabiv1::__class_type_info::__dyncast_result&) const
 .text._ZdlPv   0x02006134        0xc C:/Users/Lvl3Mage/Documents/DevkitPro/devkitARM/bin/../lib/gcc/arm-none-eabi/13.2.0/../../../../arm-none-eabi/lib/thumb\libstdc++.a(del_op.o)
                0x02006134                operator delete(void*)
 .text.__cxa_end_cleanup
                0x02006140        0xc C:/Users/Lvl3Mage/Documents/DevkitPro/devkitARM/bin/../lib/gcc/arm-none-eabi/13.2.0/../../../../arm-none-eabi/lib/thumb\libstdc++.a(eh_arm.o)
                0x02006140                __cxa_end_cleanup
 .text.__cxa_type_match
                0x0200614c       0xcc C:/Users/Lvl3Mage/Documents/DevkitPro/devkitARM/bin/../lib/gcc/arm-none-eabi/13.2.0/../../../../arm-none-eabi/lib/thumb\libstdc++.a(eh_arm.o)
                0x0200614c                __cxa_type_match
 .text.__cxa_begin_cleanup
                0x02006218       0x64 C:/Users/Lvl3Mage/Documents/DevkitPro/devkitARM/bin/../lib/gcc/arm-none-eabi/13.2.0/../../../../arm-none-eabi/lib/thumb\libstdc++.a(eh_arm.o)
                0x02006218                __cxa_begin_cleanup
 .text.__gnu_end_cleanup
                0x0200627c       0x74 C:/Users/Lvl3Mage/Documents/DevkitPro/devkitARM/bin/../lib/gcc/arm-none-eabi/13.2.0/../../../../arm-none-eabi/lib/thumb\libstdc++.a(eh_arm.o)
                0x0200627c                __gnu_end_cleanup
 .text._ZN10__cxxabiv1L24__is_gxx_exception_classEPc
                0x020062f0       0x3c C:/Users/Lvl3Mage/Documents/DevkitPro/devkitARM/bin/../lib/gcc/arm-none-eabi/13.2.0/../../../../arm-none-eabi/lib/thumb\libstdc++.a(eh_call.o)
 .text.__cxa_call_terminate
                0x0200632c       0x20 C:/Users/Lvl3Mage/Documents/DevkitPro/devkitARM/bin/../lib/gcc/arm-none-eabi/13.2.0/../../../../arm-none-eabi/lib/thumb\libstdc++.a(eh_call.o)
                0x0200632c                __cxa_call_terminate
 .text.unlikely.__cxa_call_unexpected
                0x0200634c      0x104 C:/Users/Lvl3Mage/Documents/DevkitPro/devkitARM/bin/../lib/gcc/arm-none-eabi/13.2.0/../../../../arm-none-eabi/lib/thumb\libstdc++.a(eh_call.o)
                0x0200634c                __cxa_call_unexpected
 .text.__cxa_begin_catch
                0x02006450       0x78 C:/Users/Lvl3Mage/Documents/DevkitPro/devkitARM/bin/../lib/gcc/arm-none-eabi/13.2.0/../../../../arm-none-eabi/lib/thumb\libstdc++.a(eh_catch.o)
                0x02006450                __cxa_begin_catch
 .text.__cxa_end_catch
                0x020064c8       0x94 C:/Users/Lvl3Mage/Documents/DevkitPro/devkitARM/bin/../lib/gcc/arm-none-eabi/13.2.0/../../../../arm-none-eabi/lib/thumb\libstdc++.a(eh_catch.o)
                0x020064c8                __cxa_end_catch
 .text._ZL15eh_globals_dtorPv
                0x0200655c       0x28 C:/Users/Lvl3Mage/Documents/DevkitPro/devkitARM/bin/../lib/gcc/arm-none-eabi/13.2.0/../../../../arm-none-eabi/lib/thumb\libstdc++.a(eh_globals.o)
 .text.__cxa_get_globals_fast
                0x02006584       0x28 C:/Users/Lvl3Mage/Documents/DevkitPro/devkitARM/bin/../lib/gcc/arm-none-eabi/13.2.0/../../../../arm-none-eabi/lib/thumb\libstdc++.a(eh_globals.o)
                0x02006584                __cxa_get_globals_fast
 .text.__cxa_get_globals
                0x020065ac       0x50 C:/Users/Lvl3Mage/Documents/DevkitPro/devkitARM/bin/../lib/gcc/arm-none-eabi/13.2.0/../../../../arm-none-eabi/lib/thumb\libstdc++.a(eh_globals.o)
                0x020065ac                __cxa_get_globals
 .text.startup._GLOBAL__sub_I__ZN17__eh_globals_init7_S_initE
                0x020065fc       0x30 C:/Users/Lvl3Mage/Documents/DevkitPro/devkitARM/bin/../lib/gcc/arm-none-eabi/13.2.0/../../../../arm-none-eabi/lib/thumb\libstdc++.a(eh_globals.o)
 .text.exit._GLOBAL__sub_D__ZN17__eh_globals_init7_S_initE
                0x0200662c       0x28 C:/Users/Lvl3Mage/Documents/DevkitPro/devkitARM/bin/../lib/gcc/arm-none-eabi/13.2.0/../../../../arm-none-eabi/lib/thumb\libstdc++.a(eh_globals.o)
 .text._ZSt15get_new_handlerv
                0x02006654       0x40 C:/Users/Lvl3Mage/Documents/DevkitPro/devkitARM/bin/../lib/gcc/arm-none-eabi/13.2.0/../../../../arm-none-eabi/lib/thumb\libstdc++.a(new_handler.o)
                0x02006654                std::get_new_handler()
 .text.startup._GLOBAL__sub_I__ZSt7nothrow
                0x02006694       0x18 C:/Users/Lvl3Mage/Documents/DevkitPro/devkitARM/bin/../lib/gcc/arm-none-eabi/13.2.0/../../../../arm-none-eabi/lib/thumb\libstdc++.a(new_handler.o)
 .text._ZNKSt11logic_error4whatEv
                0x020066ac        0x4 C:/Users/Lvl3Mage/Documents/DevkitPro/devkitARM/bin/../lib/gcc/arm-none-eabi/13.2.0/../../../../arm-none-eabi/lib/thumb\libstdc++.a(stdexcept.o)
                0x020066ac                std::logic_error::what() const
                0x020066ac                std::runtime_error::what() const
 .text._ZNSt11logic_errorD2Ev
                0x020066b0       0x5c C:/Users/Lvl3Mage/Documents/DevkitPro/devkitARM/bin/../lib/gcc/arm-none-eabi/13.2.0/../../../../arm-none-eabi/lib/thumb\libstdc++.a(stdexcept.o)
                0x020066b0                std::logic_error::~logic_error()
                0x020066b0                std::logic_error::~logic_error()
 .text._ZNSt12length_errorD2Ev
                0x0200670c       0x5c C:/Users/Lvl3Mage/Documents/DevkitPro/devkitARM/bin/../lib/gcc/arm-none-eabi/13.2.0/../../../../arm-none-eabi/lib/thumb\libstdc++.a(stdexcept.o)
                0x0200670c                std::length_error::~length_error()
                0x0200670c                std::length_error::~length_error()
 .text._ZNSt11logic_errorD0Ev
                0x02006768       0x60 C:/Users/Lvl3Mage/Documents/DevkitPro/devkitARM/bin/../lib/gcc/arm-none-eabi/13.2.0/../../../../arm-none-eabi/lib/thumb\libstdc++.a(stdexcept.o)
                0x02006768                std::logic_error::~logic_error()
 .text._ZNSt12length_errorD0Ev
                0x020067c8       0x60 C:/Users/Lvl3Mage/Documents/DevkitPro/devkitARM/bin/../lib/gcc/arm-none-eabi/13.2.0/../../../../arm-none-eabi/lib/thumb\libstdc++.a(stdexcept.o)
                0x020067c8                std::length_error::~length_error()
 .text._ZNSt11logic_errorC2EPKc
                0x02006828       0x8c C:/Users/Lvl3Mage/Documents/DevkitPro/devkitARM/bin/../lib/gcc/arm-none-eabi/13.2.0/../../../../arm-none-eabi/lib/thumb\libstdc++.a(cow-stdexcept.o)
                0x02006828                std::logic_error::logic_error(char const*)
                0x02006828                std::logic_error::logic_error(char const*)
 .text._ZNSt12length_errorC2EPKc
                0x020068b4       0x18 C:/Users/Lvl3Mage/Documents/DevkitPro/devkitARM/bin/../lib/gcc/arm-none-eabi/13.2.0/../../../../arm-none-eabi/lib/thumb\libstdc++.a(cow-stdexcept.o)
                0x020068b4                std::length_error::length_error(char const*)
                0x020068b4                std::length_error::length_error(char const*)
 .text._ZNSs4_Rep9_S_createEjjRKSaIcE
                0x020068cc       0x60 C:/Users/Lvl3Mage/Documents/DevkitPro/devkitARM/bin/../lib/gcc/arm-none-eabi/13.2.0/../../../../arm-none-eabi/lib/thumb\libstdc++.a(cow-string-inst.o)
                0x020068cc                std::string::_Rep::_S_create(unsigned int, unsigned int, std::allocator<char> const&)
 .text._ZNSs4_Rep10_M_destroyERKSaIcE
                0x0200692c        0xc C:/Users/Lvl3Mage/Documents/DevkitPro/devkitARM/bin/../lib/gcc/arm-none-eabi/13.2.0/../../../../arm-none-eabi/lib/thumb\libstdc++.a(cow-string-inst.o)
                0x0200692c                std::string::_Rep::_M_destroy(std::allocator<char> const&)
 .text.floorf   0x02006938       0x98 C:/Users/Lvl3Mage/Documents/DevkitPro/devkitARM/bin/../lib/gcc/arm-none-eabi/13.2.0/../../../../arm-none-eabi/lib/thumb\libm.a(libm_a-sf_floor.o)
                0x02006938                floorf
 .text.roundf   0x020069d0       0x4c C:/Users/Lvl3Mage/Documents/DevkitPro/devkitARM/bin/../lib/gcc/arm-none-eabi/13.2.0/../../../../arm-none-eabi/lib/thumb\libm.a(libm_a-sf_round.o)
                0x020069d0                roundf
 .text.selfrel_offset31
                0x02006a1c       0x18 C:/Users/Lvl3Mage/Documents/DevkitPro/devkitARM/bin/../lib/gcc/arm-none-eabi/13.2.0/thumb\libgcc.a(unwind-arm.o)
 .text.search_EIT_table
                0x02006a34       0x74 C:/Users/Lvl3Mage/Documents/DevkitPro/devkitARM/bin/../lib/gcc/arm-none-eabi/13.2.0/thumb\libgcc.a(unwind-arm.o)
 .text.__gnu_unwind_get_pr_addr
                0x02006aa8       0x28 C:/Users/Lvl3Mage/Documents/DevkitPro/devkitARM/bin/../lib/gcc/arm-none-eabi/13.2.0/thumb\libgcc.a(unwind-arm.o)
 .text.get_eit_entry
                0x02006ad0       0x98 C:/Users/Lvl3Mage/Documents/DevkitPro/devkitARM/bin/../lib/gcc/arm-none-eabi/13.2.0/thumb\libgcc.a(unwind-arm.o)
 .text.restore_non_core_regs
                0x02006b68       0x60 C:/Users/Lvl3Mage/Documents/DevkitPro/devkitARM/bin/../lib/gcc/arm-none-eabi/13.2.0/thumb\libgcc.a(unwind-arm.o)
 .text._Unwind_decode_typeinfo_ptr.constprop.0
                0x02006bc8        0xc C:/Users/Lvl3Mage/Documents/DevkitPro/devkitARM/bin/../lib/gcc/arm-none-eabi/13.2.0/thumb\libgcc.a(unwind-arm.o)
 .text._Unwind_DebugHook
                0x02006bd4        0x4 C:/Users/Lvl3Mage/Documents/DevkitPro/devkitARM/bin/../lib/gcc/arm-none-eabi/13.2.0/thumb\libgcc.a(unwind-arm.o)
 .text.unwind_phase2
                0x02006bd8       0x40 C:/Users/Lvl3Mage/Documents/DevkitPro/devkitARM/bin/../lib/gcc/arm-none-eabi/13.2.0/thumb\libgcc.a(unwind-arm.o)
 .text.unwind_phase2_forced
                0x02006c18       0xd8 C:/Users/Lvl3Mage/Documents/DevkitPro/devkitARM/bin/../lib/gcc/arm-none-eabi/13.2.0/thumb\libgcc.a(unwind-arm.o)
 .text.__gnu_Unwind_RaiseException
                0x02006cf0       0x58 C:/Users/Lvl3Mage/Documents/DevkitPro/devkitARM/bin/../lib/gcc/arm-none-eabi/13.2.0/thumb\libgcc.a(unwind-arm.o)
                0x02006cf0                __gnu_Unwind_RaiseException
 .text.__gnu_Unwind_ForcedUnwind
                0x02006d48       0x18 C:/Users/Lvl3Mage/Documents/DevkitPro/devkitARM/bin/../lib/gcc/arm-none-eabi/13.2.0/thumb\libgcc.a(unwind-arm.o)
                0x02006d48                __gnu_Unwind_ForcedUnwind
 .text.__gnu_Unwind_Resume
                0x02006d60       0x4c C:/Users/Lvl3Mage/Documents/DevkitPro/devkitARM/bin/../lib/gcc/arm-none-eabi/13.2.0/thumb\libgcc.a(unwind-arm.o)
                0x02006d60                __gnu_Unwind_Resume
 .text.__gnu_Unwind_Resume_or_Rethrow
                0x02006dac       0x20 C:/Users/Lvl3Mage/Documents/DevkitPro/devkitARM/bin/../lib/gcc/arm-none-eabi/13.2.0/thumb\libgcc.a(unwind-arm.o)
                0x02006dac                __gnu_Unwind_Resume_or_Rethrow
 .text._Unwind_Complete
                0x02006dcc        0x4 C:/Users/Lvl3Mage/Documents/DevkitPro/devkitARM/bin/../lib/gcc/arm-none-eabi/13.2.0/thumb\libgcc.a(unwind-arm.o)
                0x02006dcc                _Unwind_Complete
 .text._Unwind_DeleteException
                0x02006dd0       0x18 C:/Users/Lvl3Mage/Documents/DevkitPro/devkitARM/bin/../lib/gcc/arm-none-eabi/13.2.0/thumb\libgcc.a(unwind-arm.o)
                0x02006dd0                _Unwind_DeleteException
 .text._Unwind_VRS_Get
                0x02006de8       0x44 C:/Users/Lvl3Mage/Documents/DevkitPro/devkitARM/bin/../lib/gcc/arm-none-eabi/13.2.0/thumb\libgcc.a(unwind-arm.o)
                0x02006de8                _Unwind_VRS_Get
 .text._Unwind_GetGR
                0x02006e2c       0x1c C:/Users/Lvl3Mage/Documents/DevkitPro/devkitARM/bin/../lib/gcc/arm-none-eabi/13.2.0/thumb\libgcc.a(unwind-arm.o)
 .text._Unwind_VRS_Set
                0x02006e48       0x44 C:/Users/Lvl3Mage/Documents/DevkitPro/devkitARM/bin/../lib/gcc/arm-none-eabi/13.2.0/thumb\libgcc.a(unwind-arm.o)
                0x02006e48                _Unwind_VRS_Set
 .text._Unwind_SetGR
                0x02006e8c       0x1c C:/Users/Lvl3Mage/Documents/DevkitPro/devkitARM/bin/../lib/gcc/arm-none-eabi/13.2.0/thumb\libgcc.a(unwind-arm.o)
 .text.__gnu_Unwind_Backtrace
                0x02006ea8       0x78 C:/Users/Lvl3Mage/Documents/DevkitPro/devkitARM/bin/../lib/gcc/arm-none-eabi/13.2.0/thumb\libgcc.a(unwind-arm.o)
                0x02006ea8                __gnu_Unwind_Backtrace
 .text.__gnu_unwind_pr_common
                0x02006f20      0x2e8 C:/Users/Lvl3Mage/Documents/DevkitPro/devkitARM/bin/../lib/gcc/arm-none-eabi/13.2.0/thumb\libgcc.a(unwind-arm.o)
 .text.__aeabi_unwind_cpp_pr0
                0x02007208       0x10 C:/Users/Lvl3Mage/Documents/DevkitPro/devkitARM/bin/../lib/gcc/arm-none-eabi/13.2.0/thumb\libgcc.a(unwind-arm.o)
                0x02007208                __aeabi_unwind_cpp_pr0
 .text.__aeabi_unwind_cpp_pr1
                0x02007218       0x10 C:/Users/Lvl3Mage/Documents/DevkitPro/devkitARM/bin/../lib/gcc/arm-none-eabi/13.2.0/thumb\libgcc.a(unwind-arm.o)
                0x02007218                __aeabi_unwind_cpp_pr1
 .text.__aeabi_unwind_cpp_pr2
                0x02007228       0x10 C:/Users/Lvl3Mage/Documents/DevkitPro/devkitARM/bin/../lib/gcc/arm-none-eabi/13.2.0/thumb\libgcc.a(unwind-arm.o)
                0x02007228                __aeabi_unwind_cpp_pr2
 .text._Unwind_VRS_Pop
                0x02007238      0x2b4 C:/Users/Lvl3Mage/Documents/DevkitPro/devkitARM/bin/../lib/gcc/arm-none-eabi/13.2.0/thumb\libgcc.a(unwind-arm.o)
                0x02007238                _Unwind_VRS_Pop
 .text.next_unwind_byte
                0x020074ec       0x34 C:/Users/Lvl3Mage/Documents/DevkitPro/devkitARM/bin/../lib/gcc/arm-none-eabi/13.2.0/thumb\libgcc.a(pr-support.o)
 .text._Unwind_GetGR.constprop.0
                0x02007520       0x1c C:/Users/Lvl3Mage/Documents/DevkitPro/devkitARM/bin/../lib/gcc/arm-none-eabi/13.2.0/thumb\libgcc.a(pr-support.o)
 .text.unwind_UCB_from_context
                0x0200753c        0xc C:/Users/Lvl3Mage/Documents/DevkitPro/devkitARM/bin/../lib/gcc/arm-none-eabi/13.2.0/thumb\libgcc.a(pr-support.o)
 .text.__gnu_unwind_execute
                0x02007548      0x310 C:/Users/Lvl3Mage/Documents/DevkitPro/devkitARM/bin/../lib/gcc/arm-none-eabi/13.2.0/thumb\libgcc.a(pr-support.o)
                0x02007548                __gnu_unwind_execute
 .text.__gnu_unwind_frame
                0x02007858       0x2c C:/Users/Lvl3Mage/Documents/DevkitPro/devkitARM/bin/../lib/gcc/arm-none-eabi/13.2.0/thumb\libgcc.a(pr-support.o)
                0x02007858                __gnu_unwind_frame
 .text._Unwind_GetRegionStart
                0x02007884       0x10 C:/Users/Lvl3Mage/Documents/DevkitPro/devkitARM/bin/../lib/gcc/arm-none-eabi/13.2.0/thumb\libgcc.a(pr-support.o)
                0x02007884                _Unwind_GetRegionStart
 .text._Unwind_GetLanguageSpecificData
                0x02007894       0x18 C:/Users/Lvl3Mage/Documents/DevkitPro/devkitARM/bin/../lib/gcc/arm-none-eabi/13.2.0/thumb\libgcc.a(pr-support.o)
                0x02007894                _Unwind_GetLanguageSpecificData
 .text.unlikely._Unwind_GetDataRelBase
                0x020078ac        0x6 C:/Users/Lvl3Mage/Documents/DevkitPro/devkitARM/bin/../lib/gcc/arm-none-eabi/13.2.0/thumb\libgcc.a(pr-support.o)
                0x020078ac                _Unwind_GetDataRelBase
 .text.unlikely._Unwind_GetTextRelBase
                0x020078b2        0x6 C:/Users/Lvl3Mage/Documents/DevkitPro/devkitARM/bin/../lib/gcc/arm-none-eabi/13.2.0/thumb\libgcc.a(pr-support.o)
                0x020078b2                _Unwind_GetTextRelBase
 .text.abort    0x020078b8       0x10 C:/Users/Lvl3Mage/Documents/DevkitPro/devkitARM/bin/../lib/gcc/arm-none-eabi/13.2.0/../../../../arm-none-eabi/lib/thumb\libg.a(libc_a-abort.o)
                0x020078b8                abort
 .text.siscanf  0x020078c8       0x4c C:/Users/Lvl3Mage/Documents/DevkitPro/devkitARM/bin/../lib/gcc/arm-none-eabi/13.2.0/../../../../arm-none-eabi/lib/thumb\libg.a(libc_a-siscanf.o)
                0x020078c8                siscanf
 .text.setvbuf  0x02007914      0x1a4 C:/Users/Lvl3Mage/Documents/DevkitPro/devkitARM/bin/../lib/gcc/arm-none-eabi/13.2.0/../../../../arm-none-eabi/lib/thumb\libg.a(libc_a-setvbuf.o)
                0x02007914                setvbuf
 .text.get_arg  0x02007ab8       0x3e C:/Users/Lvl3Mage/Documents/DevkitPro/devkitARM/bin/../lib/gcc/arm-none-eabi/13.2.0/../../../../arm-none-eabi/lib/thumb\libg.a(libc_a-svfiscanf.o)
 .text._sungetc_r
                0x02007af6       0x7e C:/Users/Lvl3Mage/Documents/DevkitPro/devkitARM/bin/../lib/gcc/arm-none-eabi/13.2.0/../../../../arm-none-eabi/lib/thumb\libg.a(libc_a-svfiscanf.o)
                0x02007af6                _sungetc_r
 .text.__ssrefill_r
                0x02007b74       0x42 C:/Users/Lvl3Mage/Documents/DevkitPro/devkitARM/bin/../lib/gcc/arm-none-eabi/13.2.0/../../../../arm-none-eabi/lib/thumb\libg.a(libc_a-svfiscanf.o)
                0x02007b74                __ssrefill_r
 .text._sfread_r
                0x02007bb6       0x88 C:/Users/Lvl3Mage/Documents/DevkitPro/devkitARM/bin/../lib/gcc/arm-none-eabi/13.2.0/../../../../arm-none-eabi/lib/thumb\libg.a(libc_a-svfiscanf.o)
                0x02007bb6                _sfread_r
 *fill*         0x02007c3e        0x2 ff
 .text.__ssvfiscanf_r
                0x02007c40     0x1ac4 C:/Users/Lvl3Mage/Documents/DevkitPro/devkitARM/bin/../lib/gcc/arm-none-eabi/13.2.0/../../../../arm-none-eabi/lib/thumb\libg.a(libc_a-svfiscanf.o)
                0x02007c40                __ssvfiscanf_r
 .text._malloc_trim_r
                0x02009704       0xac C:/Users/Lvl3Mage/Documents/DevkitPro/devkitARM/bin/../lib/gcc/arm-none-eabi/13.2.0/../../../../arm-none-eabi/lib/thumb\libg.a(libc_a-freer.o)
                0x02009704                _malloc_trim_r
 .text._free_r  0x020097b0      0x1d8 C:/Users/Lvl3Mage/Documents/DevkitPro/devkitARM/bin/../lib/gcc/arm-none-eabi/13.2.0/../../../../arm-none-eabi/lib/thumb\libg.a(libc_a-freer.o)
                0x020097b0                _free_r
 .text.iprintf  0x02009988       0x24 C:/Users/Lvl3Mage/Documents/DevkitPro/devkitARM/bin/../lib/gcc/arm-none-eabi/13.2.0/../../../../arm-none-eabi/lib/thumb\libg.a(libc_a-iprintf.o)
                0x02009988                iprintf
 .text.strchr   0x020099ac       0xc8 C:/Users/Lvl3Mage/Documents/DevkitPro/devkitARM/bin/../lib/gcc/arm-none-eabi/13.2.0/../../../../arm-none-eabi/lib/thumb\libg.a(libc_a-strchr.o)
                0x020099ac                strchr
 .text.memcmp   0x02009a74       0x4c C:/Users/Lvl3Mage/Documents/DevkitPro/devkitARM/bin/../lib/gcc/arm-none-eabi/13.2.0/../../../../arm-none-eabi/lib/thumb\libg.a(libc_a-memcmp.o)
                0x02009a74                memcmp
 .text.malloc   0x02009ac0       0x14 C:/Users/Lvl3Mage/Documents/DevkitPro/devkitARM/bin/../lib/gcc/arm-none-eabi/13.2.0/../../../../arm-none-eabi/lib/thumb\libg.a(libc_a-malloc.o)
                0x02009ac0                malloc
 .text.free     0x02009ad4       0x14 C:/Users/Lvl3Mage/Documents/DevkitPro/devkitARM/bin/../lib/gcc/arm-none-eabi/13.2.0/../../../../arm-none-eabi/lib/thumb\libg.a(libc_a-malloc.o)
                0x02009ad4                free
 .text._malloc_r
                0x02009ae8      0x558 C:/Users/Lvl3Mage/Documents/DevkitPro/devkitARM/bin/../lib/gcc/arm-none-eabi/13.2.0/../../../../arm-none-eabi/lib/thumb\libg.a(libc_a-mallocr.o)
                0x02009ae8                _malloc_r
 .text.getenv   0x0200a040       0x1c C:/Users/Lvl3Mage/Documents/DevkitPro/devkitARM/bin/../lib/gcc/arm-none-eabi/13.2.0/../../../../arm-none-eabi/lib/thumb\libg.a(libc_a-getenv.o)
                0x0200a040                getenv
 .text.memmove  0x0200a05c       0xbc C:/Users/Lvl3Mage/Documents/DevkitPro/devkitARM/bin/../lib/gcc/arm-none-eabi/13.2.0/../../../../arm-none-eabi/lib/thumb\libg.a(libc_a-memmove.o)
                0x0200a05c                memmove
 .text._findenv_r
                0x0200a118       0x94 C:/Users/Lvl3Mage/Documents/DevkitPro/devkitARM/bin/../lib/gcc/arm-none-eabi/13.2.0/../../../../arm-none-eabi/lib/thumb\libg.a(libc_a-getenv_r.o)
                0x0200a118                _findenv_r
 .text.memset   0x0200a1ac       0xb0 C:/Users/Lvl3Mage/Documents/DevkitPro/devkitARM/bin/../lib/gcc/arm-none-eabi/13.2.0/../../../../arm-none-eabi/lib/thumb\libg.a(libc_a-memset.o)
                0x0200a1ac                memset
 .text.__malloc_lock
                0x0200a25c       0x14 C:/Users/Lvl3Mage/Documents/DevkitPro/devkitARM/bin/../lib/gcc/arm-none-eabi/13.2.0/../../../../arm-none-eabi/lib/thumb\libg.a(libc_a-mlock.o)
                0x0200a25c                __malloc_lock
 .text.__malloc_unlock
                0x0200a270       0x14 C:/Users/Lvl3Mage/Documents/DevkitPro/devkitARM/bin/../lib/gcc/arm-none-eabi/13.2.0/../../../../arm-none-eabi/lib/thumb\libg.a(libc_a-mlock.o)
                0x0200a270                __malloc_unlock
 .text._raise_r
                0x0200a284       0x60 C:/Users/Lvl3Mage/Documents/DevkitPro/devkitARM/bin/../lib/gcc/arm-none-eabi/13.2.0/../../../../arm-none-eabi/lib/thumb\libg.a(libc_a-signal.o)
                0x0200a284                _raise_r
 .text.raise    0x0200a2e4       0x14 C:/Users/Lvl3Mage/Documents/DevkitPro/devkitARM/bin/../lib/gcc/arm-none-eabi/13.2.0/../../../../arm-none-eabi/lib/thumb\libg.a(libc_a-signal.o)
                0x0200a2e4                raise
 .text.strlen   0x0200a2f8       0x60 C:/Users/Lvl3Mage/Documents/DevkitPro/devkitARM/bin/../lib/gcc/arm-none-eabi/13.2.0/../../../../arm-none-eabi/lib/thumb\libg.a(libc_a-strlen.o)
                0x0200a2f8                strlen
 .text.__sflush_r
                0x0200a358      0x188 C:/Users/Lvl3Mage/Documents/DevkitPro/devkitARM/bin/../lib/gcc/arm-none-eabi/13.2.0/../../../../arm-none-eabi/lib/thumb\libg.a(libc_a-fflush.o)
                0x0200a358                __sflush_r
 .text._fflush_r
                0x0200a4e0       0x70 C:/Users/Lvl3Mage/Documents/DevkitPro/devkitARM/bin/../lib/gcc/arm-none-eabi/13.2.0/../../../../arm-none-eabi/lib/thumb\libg.a(libc_a-fflush.o)
                0x0200a4e0                _fflush_r
 .text.strncmp  0x0200a550       0x78 C:/Users/Lvl3Mage/Documents/DevkitPro/devkitARM/bin/../lib/gcc/arm-none-eabi/13.2.0/../../../../arm-none-eabi/lib/thumb\libg.a(libc_a-strncmp.o)
                0x0200a550                strncmp
 .text._fwalk_sglue
                0x0200a5c8       0x4c C:/Users/Lvl3Mage/Documents/DevkitPro/devkitARM/bin/../lib/gcc/arm-none-eabi/13.2.0/../../../../arm-none-eabi/lib/thumb\libg.a(libc_a-fwalk.o)
                0x0200a5c8                _fwalk_sglue
 .text.stdio_exit_handler
                0x0200a614       0x20 C:/Users/Lvl3Mage/Documents/DevkitPro/devkitARM/bin/../lib/gcc/arm-none-eabi/13.2.0/../../../../arm-none-eabi/lib/thumb\libg.a(libc_a-findfp.o)
 .text.cleanup_stdio
                0x0200a634       0x40 C:/Users/Lvl3Mage/Documents/DevkitPro/devkitARM/bin/../lib/gcc/arm-none-eabi/13.2.0/../../../../arm-none-eabi/lib/thumb\libg.a(libc_a-findfp.o)
 .text.global_stdio_init.part.0
                0x0200a674      0x128 C:/Users/Lvl3Mage/Documents/DevkitPro/devkitARM/bin/../lib/gcc/arm-none-eabi/13.2.0/../../../../arm-none-eabi/lib/thumb\libg.a(libc_a-findfp.o)
 .text.__sinit  0x0200a79c       0x3c C:/Users/Lvl3Mage/Documents/DevkitPro/devkitARM/bin/../lib/gcc/arm-none-eabi/13.2.0/../../../../arm-none-eabi/lib/thumb\libg.a(libc_a-findfp.o)
                0x0200a79c                __sinit
 .text.__sfp_lock_acquire
                0x0200a7d8       0x14 C:/Users/Lvl3Mage/Documents/DevkitPro/devkitARM/bin/../lib/gcc/arm-none-eabi/13.2.0/../../../../arm-none-eabi/lib/thumb\libg.a(libc_a-findfp.o)
                0x0200a7d8                __sfp_lock_acquire
 .text.__sfp_lock_release
                0x0200a7ec       0x14 C:/Users/Lvl3Mage/Documents/DevkitPro/devkitARM/bin/../lib/gcc/arm-none-eabi/13.2.0/../../../../arm-none-eabi/lib/thumb\libg.a(libc_a-findfp.o)
                0x0200a7ec                __sfp_lock_release
 .text.srand    0x0200a800       0x18 C:/Users/Lvl3Mage/Documents/DevkitPro/devkitARM/bin/../lib/gcc/arm-none-eabi/13.2.0/../../../../arm-none-eabi/lib/thumb\libg.a(libc_a-rand.o)
                0x0200a800                srand
 .text.rand     0x0200a818       0x34 C:/Users/Lvl3Mage/Documents/DevkitPro/devkitARM/bin/../lib/gcc/arm-none-eabi/13.2.0/../../../../arm-none-eabi/lib/thumb\libg.a(libc_a-rand.o)
                0x0200a818                rand
 .text._strtol_l.part.0
                0x0200a84c      0x13c C:/Users/Lvl3Mage/Documents/DevkitPro/devkitARM/bin/../lib/gcc/arm-none-eabi/13.2.0/../../../../arm-none-eabi/lib/thumb\libg.a(libc_a-strtol.o)
 .text._strtol_r
                0x0200a988       0x34 C:/Users/Lvl3Mage/Documents/DevkitPro/devkitARM/bin/../lib/gcc/arm-none-eabi/13.2.0/../../../../arm-none-eabi/lib/thumb\libg.a(libc_a-strtol.o)
                0x0200a988                _strtol_r
 .text.realloc  0x0200a9bc       0x18 C:/Users/Lvl3Mage/Documents/DevkitPro/devkitARM/bin/../lib/gcc/arm-none-eabi/13.2.0/../../../../arm-none-eabi/lib/thumb\libg.a(libc_a-realloc.o)
                0x0200a9bc                realloc
 .text._strtoul_l.isra.0
                0x0200a9d4      0x144 C:/Users/Lvl3Mage/Documents/DevkitPro/devkitARM/bin/../lib/gcc/arm-none-eabi/13.2.0/../../../../arm-none-eabi/lib/thumb\libg.a(libc_a-strtoul.o)
 .text._strtoul_r
                0x0200ab18       0x20 C:/Users/Lvl3Mage/Documents/DevkitPro/devkitARM/bin/../lib/gcc/arm-none-eabi/13.2.0/../../../../arm-none-eabi/lib/thumb\libg.a(libc_a-strtoul.o)
                0x0200ab18                _strtoul_r
 .text.strtoul  0x0200ab38       0x24 C:/Users/Lvl3Mage/Documents/DevkitPro/devkitARM/bin/../lib/gcc/arm-none-eabi/13.2.0/../../../../arm-none-eabi/lib/thumb\libg.a(libc_a-strtoul.o)
                0x0200ab38                strtoul
 .text.__locale_mb_cur_max
                0x0200ab5c       0x20 C:/Users/Lvl3Mage/Documents/DevkitPro/devkitARM/bin/../lib/gcc/arm-none-eabi/13.2.0/../../../../arm-none-eabi/lib/thumb\libg.a(libc_a-locale.o)
                0x0200ab5c                __locale_mb_cur_max
 .text.time     0x0200ab7c       0x38 C:/Users/Lvl3Mage/Documents/DevkitPro/devkitARM/bin/../lib/gcc/arm-none-eabi/13.2.0/../../../../arm-none-eabi/lib/thumb\libg.a(libc_a-time.o)
                0x0200ab7c                time
 .text.memchr   0x0200abb4       0x78 C:/Users/Lvl3Mage/Documents/DevkitPro/devkitARM/bin/../lib/gcc/arm-none-eabi/13.2.0/../../../../arm-none-eabi/lib/thumb\libg.a(libc_a-memchr-stub.o)
                0x0200abb4                memchr
 .text.__utf8_wctomb
                0x0200ac2c       0xb4 C:/Users/Lvl3Mage/Documents/DevkitPro/devkitARM/bin/../lib/gcc/arm-none-eabi/13.2.0/../../../../arm-none-eabi/lib/thumb\libg.a(libc_a-wctomb_r.o)
                0x0200ac2c                __utf8_wctomb
 .text.memcpy   0x0200ace0       0x90 C:/Users/Lvl3Mage/Documents/DevkitPro/devkitARM/bin/../lib/gcc/arm-none-eabi/13.2.0/../../../../arm-none-eabi/lib/thumb\libg.a(libc_a-memcpy-stub.o)
                0x0200ace0                memcpy
 .text.__sync_synchronize
                0x0200ad70        0x4 C:/Users/Lvl3Mage/Documents/DevkitPro/devkitARM/bin/../lib/gcc/arm-none-eabi/13.2.0/../../../../arm-none-eabi/lib/thumb\libg.a(libc_a-sync_synchronize.o)
                0x0200ad70                __sync_synchronize
 .text.__libc_init_array
                0x0200ad74       0x54 C:/Users/Lvl3Mage/Documents/DevkitPro/devkitARM/bin/../lib/gcc/arm-none-eabi/13.2.0/../../../../arm-none-eabi/lib/thumb\libg.a(libc_a-init.o)
                0x0200ad74                __libc_init_array
 .text.__errno  0x0200adc8        0xc C:/Users/Lvl3Mage/Documents/DevkitPro/devkitARM/bin/../lib/gcc/arm-none-eabi/13.2.0/../../../../arm-none-eabi/lib/thumb\libg.a(libc_a-errno.o)
                0x0200adc8                __errno
 .text._strtoll_l.isra.0
                0x0200add4      0x19c C:/Users/Lvl3Mage/Documents/DevkitPro/devkitARM/bin/../lib/gcc/arm-none-eabi/13.2.0/../../../../arm-none-eabi/lib/thumb\libg.a(libc_a-strtoll.o)
 .text._strtoll_r
                0x0200af70       0x20 C:/Users/Lvl3Mage/Documents/DevkitPro/devkitARM/bin/../lib/gcc/arm-none-eabi/13.2.0/../../../../arm-none-eabi/lib/thumb\libg.a(libc_a-strtoll.o)
                0x0200af70                _strtoll_r
 .text._strtoull_l.isra.0
                0x0200af90      0x1c4 C:/Users/Lvl3Mage/Documents/DevkitPro/devkitARM/bin/../lib/gcc/arm-none-eabi/13.2.0/../../../../arm-none-eabi/lib/thumb\libg.a(libc_a-strtoull.o)
 .text._strtoull_r
                0x0200b154       0x20 C:/Users/Lvl3Mage/Documents/DevkitPro/devkitARM/bin/../lib/gcc/arm-none-eabi/13.2.0/../../../../arm-none-eabi/lib/thumb\libg.a(libc_a-strtoull.o)
                0x0200b154                _strtoull_r
 .text.iswspace
                0x0200b174       0x10 C:/Users/Lvl3Mage/Documents/DevkitPro/devkitARM/bin/../lib/gcc/arm-none-eabi/13.2.0/../../../../arm-none-eabi/lib/thumb\libg.a(libc_a-iswspace.o)
                0x0200b174                iswspace
 .text._mbrtowc_r
                0x0200b184       0x90 C:/Users/Lvl3Mage/Documents/DevkitPro/devkitARM/bin/../lib/gcc/arm-none-eabi/13.2.0/../../../../arm-none-eabi/lib/thumb\libg.a(libc_a-mbrtowc.o)
                0x0200b184                _mbrtowc_r
 .text.__smakebuf_r
                0x0200b214       0xe8 C:/Users/Lvl3Mage/Documents/DevkitPro/devkitARM/bin/../lib/gcc/arm-none-eabi/13.2.0/../../../../arm-none-eabi/lib/thumb\libg.a(libc_a-makebuf.o)
                0x0200b214                __smakebuf_r
 .text.__swhatbuf_r
                0x0200b2fc       0x5c C:/Users/Lvl3Mage/Documents/DevkitPro/devkitARM/bin/../lib/gcc/arm-none-eabi/13.2.0/../../../../arm-none-eabi/lib/thumb\libg.a(libc_a-makebuf.o)
                0x0200b2fc                __swhatbuf_r
 .text.iswspace_l
                0x0200b358       0x28 C:/Users/Lvl3Mage/Documents/DevkitPro/devkitARM/bin/../lib/gcc/arm-none-eabi/13.2.0/../../../../arm-none-eabi/lib/thumb\libg.a(libc_a-iswspace_l.o)
                0x0200b358                iswspace_l
 .text.__sccl   0x0200b380       0xa0 C:/Users/Lvl3Mage/Documents/DevkitPro/devkitARM/bin/../lib/gcc/arm-none-eabi/13.2.0/../../../../arm-none-eabi/lib/thumb\libg.a(libc_a-sccl.o)
                0x0200b380                __sccl
 .text.__submore
                0x0200b420       0x88 C:/Users/Lvl3Mage/Documents/DevkitPro/devkitARM/bin/../lib/gcc/arm-none-eabi/13.2.0/../../../../arm-none-eabi/lib/thumb\libg.a(libc_a-ungetc.o)
                0x0200b420                __submore
 .text.__sread  0x0200b4a8       0x34 C:/Users/Lvl3Mage/Documents/DevkitPro/devkitARM/bin/../lib/gcc/arm-none-eabi/13.2.0/../../../../arm-none-eabi/lib/thumb\libg.a(libc_a-stdio.o)
                0x0200b4a8                __sread
 .text.__seofread
                0x0200b4dc        0x4 C:/Users/Lvl3Mage/Documents/DevkitPro/devkitARM/bin/../lib/gcc/arm-none-eabi/13.2.0/../../../../arm-none-eabi/lib/thumb\libg.a(libc_a-stdio.o)
                0x0200b4dc                __seofread
 .text.__swrite
                0x0200b4e0       0x4c C:/Users/Lvl3Mage/Documents/DevkitPro/devkitARM/bin/../lib/gcc/arm-none-eabi/13.2.0/../../../../arm-none-eabi/lib/thumb\libg.a(libc_a-stdio.o)
                0x0200b4e0                __swrite
 .text.__sseek  0x0200b52c       0x44 C:/Users/Lvl3Mage/Documents/DevkitPro/devkitARM/bin/../lib/gcc/arm-none-eabi/13.2.0/../../../../arm-none-eabi/lib/thumb\libg.a(libc_a-stdio.o)
                0x0200b52c                __sseek
 .text.__sclose
                0x0200b570       0x10 C:/Users/Lvl3Mage/Documents/DevkitPro/devkitARM/bin/../lib/gcc/arm-none-eabi/13.2.0/../../../../arm-none-eabi/lib/thumb\libg.a(libc_a-stdio.o)
                0x0200b570                __sclose
 .text.category
                0x0200b580       0x58 C:/Users/Lvl3Mage/Documents/DevkitPro/devkitARM/bin/../lib/gcc/arm-none-eabi/13.2.0/../../../../arm-none-eabi/lib/thumb\libg.a(libc_a-categories.o)
                0x0200b580                category
 .text.__env_lock
                0x0200b5d8       0x14 C:/Users/Lvl3Mage/Documents/DevkitPro/devkitARM/bin/../lib/gcc/arm-none-eabi/13.2.0/../../../../arm-none-eabi/lib/thumb\libg.a(libc_a-envlock.o)
                0x0200b5d8                __env_lock
 .text.__env_unlock
                0x0200b5ec       0x14 C:/Users/Lvl3Mage/Documents/DevkitPro/devkitARM/bin/../lib/gcc/arm-none-eabi/13.2.0/../../../../arm-none-eabi/lib/thumb\libg.a(libc_a-envlock.o)
                0x0200b5ec                __env_unlock
 .text.get_arg  0x0200b600      0x434 C:/Users/Lvl3Mage/Documents/DevkitPro/devkitARM/bin/../lib/gcc/arm-none-eabi/13.2.0/../../../../arm-none-eabi/lib/thumb\libg.a(libc_a-vfiprintf.o)
 .text.__sprint_r
                0x0200ba34       0x24 C:/Users/Lvl3Mage/Documents/DevkitPro/devkitARM/bin/../lib/gcc/arm-none-eabi/13.2.0/../../../../arm-none-eabi/lib/thumb\libg.a(libc_a-vfiprintf.o)
                0x0200ba34                __sprint_r
 .text._vfiprintf_r
                0x0200ba58     0x17cc C:/Users/Lvl3Mage/Documents/DevkitPro/devkitARM/bin/../lib/gcc/arm-none-eabi/13.2.0/../../../../arm-none-eabi/lib/thumb\libg.a(libc_a-vfiprintf.o)
                0x0200ba58                _vfiprintf_r
 .text.__sbprintf
                0x0200d224       0x7c C:/Users/Lvl3Mage/Documents/DevkitPro/devkitARM/bin/../lib/gcc/arm-none-eabi/13.2.0/../../../../arm-none-eabi/lib/thumb\libg.a(libc_a-vfiprintf.o)
 .text.__swsetup_r
                0x0200d2a0       0xcc C:/Users/Lvl3Mage/Documents/DevkitPro/devkitARM/bin/../lib/gcc/arm-none-eabi/13.2.0/../../../../arm-none-eabi/lib/thumb\libg.a(libc_a-wsetup.o)
                0x0200d2a0                __swsetup_r
 .text._fclose_r
                0x0200d36c       0xd8 C:/Users/Lvl3Mage/Documents/DevkitPro/devkitARM/bin/../lib/gcc/arm-none-eabi/13.2.0/../../../../arm-none-eabi/lib/thumb\libg.a(libc_a-fclose.o)
                0x0200d36c                _fclose_r
 .text.__sfvwrite_r
                0x0200d444      0x330 C:/Users/Lvl3Mage/Documents/DevkitPro/devkitARM/bin/../lib/gcc/arm-none-eabi/13.2.0/../../../../arm-none-eabi/lib/thumb\libg.a(libc_a-fvwrite.o)
                0x0200d444                __sfvwrite_r
 .text._realloc_r
                0x0200d774      0x384 C:/Users/Lvl3Mage/Documents/DevkitPro/devkitARM/bin/../lib/gcc/arm-none-eabi/13.2.0/../../../../arm-none-eabi/lib/thumb\libg.a(libc_a-reallocr.o)
                0x0200d774                _realloc_r
 .text.strncpy  0x0200daf8       0x68 C:/Users/Lvl3Mage/Documents/DevkitPro/devkitARM/bin/../lib/gcc/arm-none-eabi/13.2.0/../../../../arm-none-eabi/lib/thumb\libg.a(libc_a-strncpy.o)
                0x0200daf8                strncpy
 .text.__utf8_mbtowc
                0x0200db60      0x27c C:/Users/Lvl3Mage/Documents/DevkitPro/devkitARM/bin/../lib/gcc/arm-none-eabi/13.2.0/../../../../arm-none-eabi/lib/thumb\libg.a(libc_a-mbtowc_r.o)
                0x0200db60                __utf8_mbtowc
 .text._localeconv_r
                0x0200dddc       0x1c C:/Users/Lvl3Mage/Documents/DevkitPro/devkitARM/bin/../lib/gcc/arm-none-eabi/13.2.0/../../../../arm-none-eabi/lib/thumb\libg.a(libc_a-localeconv.o)
                0x0200dddc                _localeconv_r
 .text._wcrtomb_r
                0x0200ddf8       0x84 C:/Users/Lvl3Mage/Documents/DevkitPro/devkitARM/bin/../lib/gcc/arm-none-eabi/13.2.0/../../../../arm-none-eabi/lib/thumb\libg.a(libc_a-wcrtomb.o)
                0x0200ddf8                _wcrtomb_r
 .text._wcsrtombs_r
                0x0200de7c       0x1c C:/Users/Lvl3Mage/Documents/DevkitPro/devkitARM/bin/../lib/gcc/arm-none-eabi/13.2.0/../../../../arm-none-eabi/lib/thumb\libg.a(libc_a-wcsrtombs.o)
                0x0200de7c                _wcsrtombs_r
 .text._wcsnrtombs_l
                0x0200de98      0x11c C:/Users/Lvl3Mage/Documents/DevkitPro/devkitARM/bin/../lib/gcc/arm-none-eabi/13.2.0/../../../../arm-none-eabi/lib/thumb\libg.a(libc_a-wcsnrtombs.o)
                0x0200de98                _wcsnrtombs_l
 .text._wcsnrtombs_r
                0x0200dfb4       0x40 C:/Users/Lvl3Mage/Documents/DevkitPro/devkitARM/bin/../lib/gcc/arm-none-eabi/13.2.0/../../../../arm-none-eabi/lib/thumb\libg.a(libc_a-wcsnrtombs.o)
                0x0200dfb4                _wcsnrtombs_r
 .text._exit    0x0200dff4       0x14 C:/Users/Lvl3Mage/Documents/DevkitPro/devkitARM/bin/../lib/gcc/arm-none-eabi/13.2.0/../../../../arm-none-eabi/lib/thumb\libsysbase.a(libsysbase_libsysbase_a-_exit.o)
                0x0200dff4                _exit
 .text.build_argv
                0x0200e008       0x54 C:/Users/Lvl3Mage/Documents/DevkitPro/devkitARM/bin/../lib/gcc/arm-none-eabi/13.2.0/../../../../arm-none-eabi/lib/thumb\libsysbase.a(libsysbase_libsysbase_a-build_argv.o)
                0x0200e008                build_argv
 .text._fstat_r
                0x0200e05c       0x4c C:/Users/Lvl3Mage/Documents/DevkitPro/devkitARM/bin/../lib/gcc/arm-none-eabi/13.2.0/../../../../arm-none-eabi/lib/thumb\libsysbase.a(libsysbase_libsysbase_a-fstat.o)
                0x0200e05c                _fstat_r
 .text._getpid_r
                0x0200e0a8        0xc C:/Users/Lvl3Mage/Documents/DevkitPro/devkitARM/bin/../lib/gcc/arm-none-eabi/13.2.0/../../../../arm-none-eabi/lib/thumb\libsysbase.a(libsysbase_libsysbase_a-getpid.o)
                0x0200e0a8                _getpid_r
 .text.__getreent
                0x0200e0b4       0x20 C:/Users/Lvl3Mage/Documents/DevkitPro/devkitARM/bin/../lib/gcc/arm-none-eabi/13.2.0/../../../../arm-none-eabi/lib/thumb\libsysbase.a(libsysbase_libsysbase_a-getreent.o)
                0x0200e0b4                __getreent
 .text._gettimeofday_r
                0x0200e0d4       0x20 C:/Users/Lvl3Mage/Documents/DevkitPro/devkitARM/bin/../lib/gcc/arm-none-eabi/13.2.0/../../../../arm-none-eabi/lib/thumb\libsysbase.a(libsysbase_libsysbase_a-gettod.o)
                0x0200e0d4                _gettimeofday_r
 .text.__get_handle
                0x0200e0f4       0x34 C:/Users/Lvl3Mage/Documents/DevkitPro/devkitARM/bin/../lib/gcc/arm-none-eabi/13.2.0/../../../../arm-none-eabi/lib/thumb\libsysbase.a(libsysbase_libsysbase_a-handle_manager.o)
                0x0200e0f4                __get_handle
 .text._close_r
                0x0200e128       0xb8 C:/Users/Lvl3Mage/Documents/DevkitPro/devkitARM/bin/../lib/gcc/arm-none-eabi/13.2.0/../../../../arm-none-eabi/lib/thumb\libsysbase.a(libsysbase_libsysbase_a-handle_manager.o)
                0x0200e128                _close_r
 .text.null_write
                0x0200e1e0        0x4 C:/Users/Lvl3Mage/Documents/DevkitPro/devkitARM/bin/../lib/gcc/arm-none-eabi/13.2.0/../../../../arm-none-eabi/lib/thumb\libsysbase.a(libsysbase_libsysbase_a-iosupport.o)
 .text._isatty_r
                0x0200e1e4        0x4 C:/Users/Lvl3Mage/Documents/DevkitPro/devkitARM/bin/../lib/gcc/arm-none-eabi/13.2.0/../../../../arm-none-eabi/lib/thumb\libsysbase.a(libsysbase_libsysbase_a-isatty.o)
                0x0200e1e4                _isatty_r
 .text._kill_r  0x0200e1e8        0xc C:/Users/Lvl3Mage/Documents/DevkitPro/devkitARM/bin/../lib/gcc/arm-none-eabi/13.2.0/../../../../arm-none-eabi/lib/thumb\libsysbase.a(libsysbase_libsysbase_a-kill.o)
                0x0200e1e8                _kill_r
 .text._lseek_r
                0x0200e1f4       0x5c C:/Users/Lvl3Mage/Documents/DevkitPro/devkitARM/bin/../lib/gcc/arm-none-eabi/13.2.0/../../../../arm-none-eabi/lib/thumb\libsysbase.a(libsysbase_libsysbase_a-lseek.o)
                0x0200e1f4                _lseek_r
 .text._read_r  0x0200e250       0x50 C:/Users/Lvl3Mage/Documents/DevkitPro/devkitARM/bin/../lib/gcc/arm-none-eabi/13.2.0/../../../../arm-none-eabi/lib/thumb\libsysbase.a(libsysbase_libsysbase_a-read.o)
                0x0200e250                _read_r
 .text._sbrk_r  0x0200e2a0       0x54 C:/Users/Lvl3Mage/Documents/DevkitPro/devkitARM/bin/../lib/gcc/arm-none-eabi/13.2.0/../../../../arm-none-eabi/lib/thumb\libsysbase.a(libsysbase_libsysbase_a-sbrk.o)
                0x0200e2a0                _sbrk_r
 .text.__libc_lock_acquire
                0x0200e2f4       0x18 C:/Users/Lvl3Mage/Documents/DevkitPro/devkitARM/bin/../lib/gcc/arm-none-eabi/13.2.0/../../../../arm-none-eabi/lib/thumb\libsysbase.a(libsysbase_libsysbase_a-syscall_support.o)
                0x0200e2f4                __libc_lock_acquire
 .text.__libc_lock_release
                0x0200e30c       0x18 C:/Users/Lvl3Mage/Documents/DevkitPro/devkitARM/bin/../lib/gcc/arm-none-eabi/13.2.0/../../../../arm-none-eabi/lib/thumb\libsysbase.a(libsysbase_libsysbase_a-syscall_support.o)
                0x0200e30c                __libc_lock_release
 .text.__libc_lock_acquire_recursive
                0x0200e324       0x18 C:/Users/Lvl3Mage/Documents/DevkitPro/devkitARM/bin/../lib/gcc/arm-none-eabi/13.2.0/../../../../arm-none-eabi/lib/thumb\libsysbase.a(libsysbase_libsysbase_a-syscall_support.o)
                0x0200e324                __libc_lock_acquire_recursive
 .text.__libc_lock_release_recursive
                0x0200e33c       0x18 C:/Users/Lvl3Mage/Documents/DevkitPro/devkitARM/bin/../lib/gcc/arm-none-eabi/13.2.0/../../../../arm-none-eabi/lib/thumb\libsysbase.a(libsysbase_libsysbase_a-syscall_support.o)
                0x0200e33c                __libc_lock_release_recursive
 .text._write_r
                0x0200e354       0x50 C:/Users/Lvl3Mage/Documents/DevkitPro/devkitARM/bin/../lib/gcc/arm-none-eabi/13.2.0/../../../../arm-none-eabi/lib/thumb\libsysbase.a(libsysbase_libsysbase_a-write.o)
                0x0200e354                _write_r
 .text.__muldi3
                0x0200e3a4       0x64 C:/Users/Lvl3Mage/Documents/DevkitPro/devkitARM/bin/../lib/gcc/arm-none-eabi/13.2.0/thumb\libgcc.a(_muldi3.o)
                0x0200e3a4                __muldi3
                0x0200e3a4                __aeabi_lmul
 .text.__udivmoddi4
                0x0200e408      0x19c C:/Users/Lvl3Mage/Documents/DevkitPro/devkitARM/bin/../lib/gcc/arm-none-eabi/13.2.0/thumb\libgcc.a(_udivmoddi4.o)
                0x0200e408                __udivmoddi4
 *fill*         0x0200e5a4        0x4 ff
 .text.__udivmoddi4.__stub
                0x0200e5a8      0x158 linker stubs
 *(EXCLUDE_FILE(*.twl*) .gnu.warning)
 *(EXCLUDE_FILE(*.twl*) .gnu.linkonce.t*)
 *(.glue_7)
 .glue_7        0x0200e710        0x0 linker stubs
 *(.glue_7t)
 .glue_7t       0x0200e710        0x0 linker stubs
                0x0200e710                        . = ALIGN (0x4)

.vfp11_veneer   0x0200e710        0x0
 .vfp11_veneer  0x0200e710        0x0 linker stubs

.v4_bx          0x0200e710        0x0
 .v4_bx         0x0200e710        0x0 linker stubs

.iplt           0x0200e710        0x0
 .iplt          0x0200e710        0x0 C:/Users/Lvl3Mage/Documents/DevkitPro/devkitARM/bin/../lib/gcc/arm-none-eabi/13.2.0/../../../../arm-none-eabi/lib/thumb/ds_arm9_crt0.o

.fini           0x0200e710        0xc
 *(.fini)
 .fini          0x0200e710        0x4 C:/Users/Lvl3Mage/Documents/DevkitPro/devkitARM/bin/../lib/gcc/arm-none-eabi/13.2.0/thumb/crti.o
                0x0200e710                _fini
 .fini          0x0200e714        0x8 C:/Users/Lvl3Mage/Documents/DevkitPro/devkitARM/bin/../lib/gcc/arm-none-eabi/13.2.0/thumb/crtn.o
                0x0200e71c                        __text_end = .

.rodata         0x0200e71c     0x6248
 *(EXCLUDE_FILE(*.twl*) .rodata)
 .rodata        0x0200e71c       0x58 main.o
 *all.rodata*(*)
 *(EXCLUDE_FILE(*.twl*) .roda)
 *(EXCLUDE_FILE(*.twl*) .rodata.*)
 .rodata.str1.4
                0x0200e774      0x268 main.o
                                 0x49 (size before relaxing)
 .rodata._ZNSt6vectorISt10shared_ptrI6PlayerESaIS2_EE17_M_realloc_insertIJS2_EEEvN9__gnu_cxx17__normal_iteratorIPS2_S4_EEDpOT_.str1.4
                0x0200e9dc       0x1a scene.o
 .rodata._ZTVSt23_Sp_counted_ptr_inplaceI6PlayerSaIvELN9__gnu_cxx12_Lock_policyE1EE
                0x0200e9dc       0x1c scene.o
                0x0200e9dc                vtable for std::_Sp_counted_ptr_inplace<Player, std::allocator<void>, (__gnu_cxx::_Lock_policy)1>
 .rodata._ZZNSt19_Sp_make_shared_tag5_S_tiEvE5__tag
                0x0200e9f8        0x8 scene.o
                0x0200e9f8                std::_Sp_make_shared_tag::_S_ti()::__tag
 .rodata.con_write.str1.4
                0x0200ea00       0x30 C:/Users/Lvl3Mage/Documents/DevkitPro/libnds/lib\libnds9.a(console.o)
 .rodata.con_write
                0x0200ea00       0xd4 C:/Users/Lvl3Mage/Documents/DevkitPro/libnds/lib\libnds9.a(console.o)
 .rodata.str1.4
                0x0200ead4       0x14 C:/Users/Lvl3Mage/Documents/DevkitPro/libnds/lib\libnds9.a(console.o)
 .rodata.dotab_stdout
                0x0200ead4       0x70 C:/Users/Lvl3Mage/Documents/DevkitPro/libnds/lib\libnds9.a(console.o)
 .rodata.default_font_bin
                0x0200eb44     0x2000 C:/Users/Lvl3Mage/Documents/DevkitPro/libnds/lib\libnds9.a(default_font.bin.o)
                0x0200eb44                default_font_bin
                0x02010b44                default_font_bin_end
 .rodata.SIN_LUT
                0x02010b44      0x102 C:/Users/Lvl3Mage/Documents/DevkitPro/libnds/lib\libnds9.a(trig.o)
                0x02010b44                SIN_LUT
 .rodata._ZNK9__gnu_cxx24__concurrence_lock_error4whatEv.str1.4
                0x02010c46       0x24 C:/Users/Lvl3Mage/Documents/DevkitPro/devkitARM/bin/../lib/gcc/arm-none-eabi/13.2.0/../../../../arm-none-eabi/lib/thumb\libstdc++.a(atomicity.o)
 .rodata._ZNK9__gnu_cxx26__concurrence_unlock_error4whatEv.str1.4
                0x02010c46       0x26 C:/Users/Lvl3Mage/Documents/DevkitPro/devkitARM/bin/../lib/gcc/arm-none-eabi/13.2.0/../../../../arm-none-eabi/lib/thumb\libstdc++.a(atomicity.o)
 *fill*         0x02010c46        0x2 ff
 .rodata._ZTSN9__gnu_cxx24__concurrence_lock_errorE
                0x02010c48       0x27 C:/Users/Lvl3Mage/Documents/DevkitPro/devkitARM/bin/../lib/gcc/arm-none-eabi/13.2.0/../../../../arm-none-eabi/lib/thumb\libstdc++.a(atomicity.o)
                0x02010c48                typeinfo name for __gnu_cxx::__concurrence_lock_error
 *fill*         0x02010c6f        0x1 ff
 .rodata._ZTIN9__gnu_cxx24__concurrence_lock_errorE
                0x02010c70        0xc C:/Users/Lvl3Mage/Documents/DevkitPro/devkitARM/bin/../lib/gcc/arm-none-eabi/13.2.0/../../../../arm-none-eabi/lib/thumb\libstdc++.a(atomicity.o)
                0x02010c70                typeinfo for __gnu_cxx::__concurrence_lock_error
 .rodata._ZTSN9__gnu_cxx26__concurrence_unlock_errorE